******************************************************************************
                  TI ARM Linker PC v20.2.7                     
******************************************************************************
>> Linked Wed Nov 29 12:27:01 2023

OUTPUT FILE NAME:   <project.out>
ENTRY POINT SYMBOL: "_c_int00_noargs"  address: 00006d61


MEMORY CONFIGURATION

         name            origin    length      used     unused   attr    fill
----------------------  --------  ---------  --------  --------  ----  --------
  FLASH                 00000000   00040000  00007297  00038d69  R  X
  SRAM                  20000000   00008000  00000fa3  0000705d  RW X


SEGMENT ALLOCATION MAP

run origin  load origin   length   init length attrs members
----------  ----------- ---------- ----------- ----- -------
00000000    00000000    000072a0   000072a0    r-x
  00000000    00000000    0000026c   0000026c    r-- .intvecs
  0000026c    0000026c    00006d38   00006d38    r-x .text
  00006fa8    00006fa8    000002a3   000002a3    r-- .const
  00007250    00007250    00000050   00000050    r-- .cinit
20000000    20000000    00000fad   00000000    rw-
  20000000    20000000    0000026c   00000000    rw- .vtable
  20000270    20000270    00000800   00000000    rw- .stack
  20000a70    20000a70    00000400   00000000    rw- .sysmem
  20000e70    20000e70    000000e2   00000000    rw- .bss
  20000f58    20000f58    00000055   00000000    rw- .data


SECTION ALLOCATION MAP

 output                                  attributes/
section   page    origin      length       input sections
--------  ----  ----------  ----------   ----------------
.intvecs   0    00000000    0000026c     
                  00000000    0000026c     tm4c123gh6pm_startup_ccs.obj (.intvecs)

.text      0    0000026c    00006d38     
                  0000026c    00000c20     open_interface.obj (.text)
                  00000e8c    00000a4e     rtsv7M4_T_le_v4SPD16_eabi.lib : _printfi.c.obj (.text:__TI_printfi)
                  000018da    00000002                                   : _lock.c.obj (.text:_nop)
                  000018dc    000009d0                                   : e_pow.c.obj (.text:pow)
                  000022ac    00000738                                   : k_rem_pio2.c.obj (.text:__kernel_rem_pio2)
                  000029e4    00000634     manual_control.obj (.text)
                  00003018    00000618     helpers.obj (.text)
                  00003630    000005e0     rtsv7M4_T_le_v4SPD16_eabi.lib : s_sin.c.obj (.text:sin)
                  00003c10    000003c4                                   : e_log.c.obj (.text:log)
                  00003fd4    00000330     movement.obj (.text)
                  00004304    00000328     lcd.obj (.text)
                  0000462c    00000270     rtsv7M4_T_le_v4SPD16_eabi.lib : _printfi.c.obj (.text:_pconv_a)
                  0000489c    0000026c     ping.obj (.text)
                  00004b08    00000248     Timer.obj (.text)
                  00004d50    00000230     adc.obj (.text)
                  00004f80    00000218     uart.obj (.text)
                  00005198    000001d0     rtsv7M4_T_le_v4SPD16_eabi.lib : _printfi.c.obj (.text:_pconv_g)
                  00005368    000001b6                                   : fd_add_t2.asm.obj (.text)
                  0000551e    00000002                                   : div0.asm.obj (.text)
                  00005520    00000174                                   : k_sin.c.obj (.text:__kernel_sin)
                  00005694    00000170                                   : k_cos.c.obj (.text:__kernel_cos)
                  00005804    00000158                                   : e_sqrt.c.obj (.text:sqrt)
                  0000595c    00000148     servo.obj (.text)
                  00005aa4    0000013c     rtsv7M4_T_le_v4SPD16_eabi.lib : _printfi.c.obj (.text:_pconv_e)
                  00005be0    00000136                                   : fd_div_t2.asm.obj (.text)
                  00005d16    00000002     --HOLE-- [fill = 0]
                  00005d18    00000124                                   : _printfi.c.obj (.text:fcvt)
                  00005e3c    00000110                                   : s_scalbn.c.obj (.text:scalbn)
                  00005f4c    00000100                                   : memory.c.obj (.text:aligned_alloc)
                  0000604c    000000fc                                   : fd_mul_t2.asm.obj (.text)
                  00006148    000000f8                                   : s_floor.c.obj (.text:floor)
                  00006240    000000e4                                   : memory.c.obj (.text:free)
                  00006324    000000c4                                   : s_round.c.obj (.text:round)
                  000063e8    000000b1                                   : _printfi.c.obj (.text:_ltostr)
                  00006499    00000001     --HOLE-- [fill = 0]
                  0000649a    0000009c                                   : memcpy_t2.asm.obj (.text)
                  00006536    00000096                                   : ull_div_t2.asm.obj (.text)
                  000065cc    00000086                                   : fd_cmp_t2.asm.obj (.text:__aeabi_cdcmple)
                  00006652    00000086                                   : fd_cmp_t2.asm.obj (.text:__aeabi_cdrcmple)
                  000066d8    0000007a                                   : memset_t2.asm.obj (.text)
                  00006752    00000002     --HOLE-- [fill = 0]
                  00006754    00000076     main.obj (.text)
                  000067ca    00000002     --HOLE-- [fill = 0]
                  000067cc    00000070     rtsv7M4_T_le_v4SPD16_eabi.lib : memory.c.obj (.text:split)
                  0000683c    0000006e                                   : _printfi.c.obj (.text:_mcpy)
                  000068aa    0000006e                                   : fd_tos_t2.asm.obj (.text)
                  00006918    00000068                                   : copy_decompress_lzss.c.obj (.text:decompress:lzss:__TI_decompress_lzss)
                  00006980    00000064                                   : s_frexp.c.obj (.text:frexp)
                  000069e4    00000056                                   : _printfi.c.obj (.text:_pconv_f)
                  00006a3a    00000054                                   : _ltoa.c.obj (.text:__TI_ltoa)
                  00006a8e    00000052                                   : _printfi.c.obj (.text:_ecpy)
                  00006ae0    0000004c                                   : atoi.c.obj (.text:atoi)
                  00006b2c    00000048                                   : fd_toi_t2.asm.obj (.text)
                  00006b74    00000044                                   : autoinit.c.obj (.text:__TI_auto_init_nobinit_nopinit:__TI_auto_init_nobinit_nopinit)
                  00006bb8    00000044                                   : fd_tou_t2.asm.obj (.text)
                  00006bfc    00000040                                   : sprintf.c.obj (.text:sprintf)
                  00006c3c    00000040                                   : vsnprintf.c.obj (.text:vsnprintf)
                  00006c7c    0000003e                                   : _printfi.c.obj (.text:_fcpy)
                  00006cba    00000002     --HOLE-- [fill = 0]
                  00006cbc    00000038                                   : memory.c.obj (.text:calloc)
                  00006cf4    00000038                                   : fs_tod_t2.asm.obj (.text)
                  00006d2c    00000034     driverlib.lib : interrupt.obj (.text:IntRegister)
                  00006d60    00000034     rtsv7M4_T_le_v4SPD16_eabi.lib : boot_cortex_m.c.obj (.text:_c_int00_noargs:_c_int00_noargs)
                  00006d94    00000030                                   : vsnprintf.c.obj (.text:_outs)
                  00006dc4    0000002e                                   : i_tofd_t2.asm.obj (.text)
                  00006df2    00000002     --HOLE-- [fill = 0]
                  00006df4    00000028                                   : memory.c.obj (.text:free_list_insert)
                  00006e1c    0000001c                                   : copy_zero_init.c.obj (.text:decompress:ZI:__TI_zero_init_nomemset:__TI_zero_init_nomemset)
                  00006e38    0000001c                                   : memory.c.obj (.text:free_list_remove)
                  00006e54    0000001c                                   : memccpy.c.obj (.text:memccpy)
                  00006e70    0000001a                                   : s_copysign.c.obj (.text:copysign)
                  00006e8a    00000018                                   : vsnprintf.c.obj (.text:_outc)
                  00006ea2    00000018                                   : sprintf.c.obj (.text:_outs)
                  00006eba    00000018     open_interface.obj (.text:oi_parseInt)
                  00006ed2    00000018     rtsv7M4_T_le_v4SPD16_eabi.lib : strcmp.c.obj (.text:strcmp)
                  00006eea    00000016                                   : strchr.c.obj (.text:strchr)
                  00006f00    00000014                                   : strcpy.c.obj (.text:strcpy)
                  00006f14    00000014                                   : strlen.c.obj (.text:strlen)
                  00006f28    00000012                                   : wcslen.c.obj (.text:wcslen)
                  00006f3a    00000010     driverlib.lib : interrupt.obj (.text:IntMasterEnable)
                  00006f4a    00000010     lcd.obj (.text:lcd_clear)
                  00006f5a    0000000e     rtsv7M4_T_le_v4SPD16_eabi.lib : copy_decompress_none.c.obj (.text:decompress:none:__TI_decompress_none)
                  00006f68    0000000c     driverlib.lib : cpu.obj (.text:CPUcpsie)
                  00006f74    0000000c     tm4c123gh6pm_startup_ccs.obj (.text)
                  00006f80    0000000a     rtsv7M4_T_le_v4SPD16_eabi.lib : sprintf.c.obj (.text:_outc)
                  00006f8a    00000002     --HOLE-- [fill = 0]
                  00006f8c    00000008                                   : errno.c.obj (.text:__aeabi_errno_addr)
                  00006f94    00000008                                   : memory.c.obj (.text:malloc)
                  00006f9c    00000004                                   : pre_init.c.obj (.text:_system_pre_init)
                  00006fa0    00000004                                   : exit.c.obj (.text:abort:abort)

.const     0    00006fa8    000002a3     
                  00006fa8    00000158     rtsv7M4_T_le_v4SPD16_eabi.lib : k_rem_pio2.c.obj (.const:$O1$$)
                  00007100    00000101                                   : ctype.c.obj (.const:.string:_ctypes_)
                  00007201    00000004     lcd.obj (.const:.string:lineAddress$1)
                  00007205    00000003     --HOLE-- [fill = 0]
                  00007208    00000030     rtsv7M4_T_le_v4SPD16_eabi.lib : e_pow.c.obj (.const:$O1$$)
                  00007238    0000000f     open_interface.obj (.const:.string:$P$T0$3)
                  00007247    00000004     lcd.obj (.const:.string:lineAddresses$2)

.cinit     0    00007250    00000050     
                  00007250    00000019     (.cinit..data.load) [load image, compression = lzss]
                  00007269    00000003     --HOLE-- [fill = 0]
                  0000726c    0000000c     (__TI_handler_table)
                  00007278    00000008     (.cinit..bss.load) [load image, compression = zero_init]
                  00007280    00000008     (.cinit..vtable.load) [load image, compression = zero_init]
                  00007288    00000018     (__TI_cinit_table)

.init_array 
*          0    00000000    00000000     UNINITIALIZED

.vtable    0    20000000    0000026c     UNINITIALIZED
                  20000000    0000026c     driverlib.lib : interrupt.obj (.vtable)

.stack     0    20000270    00000800     UNINITIALIZED
                  20000270    00000004     rtsv7M4_T_le_v4SPD16_eabi.lib : boot_cortex_m.c.obj (.stack)
                  20000274    000007fc     --HOLE--

.sysmem    0    20000a70    00000400     UNINITIALIZED
                  20000a70    00000010     rtsv7M4_T_le_v4SPD16_eabi.lib : memory.c.obj (.sysmem)
                  20000a80    000003f0     --HOLE--

.bss       0    20000e70    000000e2     UNINITIALIZED
                  20000e70    00000054     lcd.obj (.bss:lastbuffer$3)
                  20000ec4    00000034     uart.obj (.bss:data$1)
                  20000ef8    00000034     (.common:response)
                  20000f2c    00000018     open_interface.obj (.bss:firmware$2)
                  20000f44    00000004     (.common:_timeout_ticks)
                  20000f48    00000004     (.common:command)
                  20000f4c    00000004     (.common:number)
                  20000f50    00000001     (.common:flag)
                  20000f51    00000001     (.common:uart_data)

.data      0    20000f58    00000055     UNINITIALIZED
                  20000f58    00000020     open_interface.obj (.data)
                  20000f78    00000010     helpers.obj (.data)
                  20000f88    0000000c     ping.obj (.data)
                  20000f94    00000008     rtsv7M4_T_le_v4SPD16_eabi.lib : _lock.c.obj (.data:$O1$$)
                  20000f9c    00000008                                   : memory.c.obj (.data:$O1$$)
                  20000fa4    00000004                                   : errno.c.obj (.data)
                  20000fa8    00000004     servo.obj (.data)
                  20000fac    00000001     Timer.obj (.data)

__llvm_prf_cnts 
*          0    20000000    00000000     UNINITIALIZED

MODULE SUMMARY

       Module                         code    ro data   rw data
       ------                         ----    -------   -------
    .\
       open_interface.obj             3128    15        56     
       manual_control.obj             1588    0         60     
       helpers.obj                    1560    0         16     
       lcd.obj                        824     8         84     
       movement.obj                   816     0         0      
       ping.obj                       620     0         12     
       tm4c123gh6pm_startup_ccs.obj   12      620       0      
       Timer.obj                      584     0         5      
       uart.obj                       536     0         52     
       adc.obj                        560     0         0      
       servo.obj                      328     0         4      
       main.obj                       118     0         2      
    +--+------------------------------+-------+---------+---------+
       Total:                         10674   643       291    
                                                               
    C:/ti/TivaWare_C_Series-2.2.0.295/driverlib/ccs/Debug/driverlib.lib
       interrupt.obj                  68      0         620    
       cpu.obj                        12      0         0      
    +--+------------------------------+-------+---------+---------+
       Total:                         80      0         620    
                                                               
    C:\ti\ccs1230\ccs\tools\compiler\ti-cgt-arm_20.2.7.LTS\lib\rtsv7M4_T_le_v4SPD16_eabi.lib
       _printfi.c.obj                 4851    0         0      
       e_pow.c.obj                    2512    48        0      
       k_rem_pio2.c.obj               1848    344       0      
       s_sin.c.obj                    1504    0         0      
       e_log.c.obj                    964     0         0      
       memory.c.obj                   728     0         8      
       fd_add_t2.asm.obj              438     0         0      
       k_sin.c.obj                    372     0         0      
       k_cos.c.obj                    368     0         0      
       e_sqrt.c.obj                   344     0         0      
       fd_div_t2.asm.obj              310     0         0      
       s_scalbn.c.obj                 272     0         0      
       fd_cmp_t2.asm.obj              268     0         0      
       ctype.c.obj                    0       257       0      
       fd_mul_t2.asm.obj              252     0         0      
       s_floor.c.obj                  248     0         0      
       s_round.c.obj                  196     0         0      
       memcpy_t2.asm.obj              156     0         0      
       ull_div_t2.asm.obj             150     0         0      
       vsnprintf.c.obj                136     0         0      
       memset_t2.asm.obj              122     0         0      
       fd_tos_t2.asm.obj              110     0         0      
       copy_decompress_lzss.c.obj     104     0         0      
       s_frexp.c.obj                  100     0         0      
       sprintf.c.obj                  98      0         0      
       _ltoa.c.obj                    84      0         0      
       atoi.c.obj                     76      0         0      
       fd_toi_t2.asm.obj              72      0         0      
       autoinit.c.obj                 68      0         0      
       fd_tou_t2.asm.obj              68      0         0      
       fs_tod_t2.asm.obj              56      0         0      
       boot_cortex_m.c.obj            52      0         0      
       i_tofd_t2.asm.obj              46      0         0      
       copy_zero_init.c.obj           28      0         0      
       memccpy.c.obj                  28      0         0      
       s_copysign.c.obj               26      0         0      
       strcmp.c.obj                   24      0         0      
       strchr.c.obj                   22      0         0      
       strcpy.c.obj                   20      0         0      
       strlen.c.obj                   20      0         0      
       wcslen.c.obj                   18      0         0      
       copy_decompress_none.c.obj     14      0         0      
       errno.c.obj                    8       0         4      
       _lock.c.obj                    2       0         8      
       exit.c.obj                     4       0         0      
       pre_init.c.obj                 4       0         0      
       div0.asm.obj                   2       0         0      
    +--+------------------------------+-------+---------+---------+
       Total:                         17193   649       20     
                                                               
       Heap:                          0       0         1024   
       Stack:                         0       0         2048   
       Linker Generated:              0       77        0      
    +--+------------------------------+-------+---------+---------+
       Grand Total:                   27947   1369      4003   


LINKER GENERATED COPY TABLES

__TI_cinit_table @ 00007288 records: 3, size/record: 8, table size: 24
	.data: load addr=00007250, load size=00000019 bytes, run addr=20000f58, run size=00000055 bytes, compression=lzss
	.bss: load addr=00007278, load size=00000008 bytes, run addr=20000e70, run size=000000e2 bytes, compression=zero_init
	.vtable: load addr=00007280, load size=00000008 bytes, run addr=20000000, run size=0000026c bytes, compression=zero_init


LINKER GENERATED HANDLER TABLE

__TI_handler_table @ 0000726c records: 3, size/record: 4, table size: 12
	index: 0, handler: __TI_zero_init
	index: 1, handler: __TI_decompress_lzss
	index: 2, handler: __TI_decompress_none


GLOBAL SYMBOLS: SORTED ALPHABETICALLY BY Name 

address   name                          
-------   ----                          
00006fa1  C$$EXIT                       
00006f69  CPUcpsie                      
00000bc3  GPIOF_Handler                 
00006f3b  IntMasterEnable               
00006d2d  IntRegister                   
00006f75  ResetISR                      
20000a70  __STACK_END                   
00000800  __STACK_SIZE                  
20000470  __STACK_TOP                   
00000400  __SYSMEM_SIZE                 
00007288  __TI_CINIT_Base               
000072a0  __TI_CINIT_Limit              
0000726c  __TI_Handler_Table_Base       
00007278  __TI_Handler_Table_Limit      
00006b75  __TI_auto_init_nobinit_nopinit
00006919  __TI_decompress_lzss          
00006f5b  __TI_decompress_none          
00006a3b  __TI_ltoa                     
ffffffff  __TI_pprof_out_hndl           
00000e8d  __TI_printfi                  
ffffffff  __TI_prof_data_size           
ffffffff  __TI_prof_data_start          
00000000  __TI_static_base__            
00006e1d  __TI_zero_init_nomemset       
000065cd  __aeabi_cdcmpeq               
000065cd  __aeabi_cdcmple               
00006653  __aeabi_cdrcmple              
000068ab  __aeabi_d2f                   
00006b2d  __aeabi_d2iz                  
00006bb9  __aeabi_d2uiz                 
00005373  __aeabi_dadd                  
00005be1  __aeabi_ddiv                  
0000604d  __aeabi_dmul                  
00005369  __aeabi_dsub                  
00006f8d  __aeabi_errno_addr            
00006cf5  __aeabi_f2d                   
00006dc5  __aeabi_i2d                   
0000551f  __aeabi_idiv0                 
0000551f  __aeabi_ldiv0                 
000066d9  __aeabi_memclr                
000066d9  __aeabi_memclr4               
000066d9  __aeabi_memclr8               
0000649b  __aeabi_memcpy                
0000649b  __aeabi_memcpy4               
0000649b  __aeabi_memcpy8               
000066db  __aeabi_memset                
000066db  __aeabi_memset4               
000066db  __aeabi_memset8               
00006537  __aeabi_uldivmod              
ffffffff  __binit__                     
ffffffff  __c_args__                    
00005695  __kernel_cos                  
000022ad  __kernel_rem_pio2             
00005521  __kernel_sin                  
UNDEFED   __mpu_init                    
20000270  __stack                       
20000000  __start___llvm_prf_cnts       
20000000  __stop___llvm_prf_cnts        
00006d61  _c_int00_noargs               
00007100  _ctypes_                      
20000f94  _lock                         
000018db  _nop                          
20000fac  _running                      
20000a70  _sys_memory                   
UNDEFED   _system_post_cinit            
00006f9d  _system_pre_init              
20000f44  _timeout_ticks                
20000f98  _unlock                       
00006fa1  abort                         
00004d51  adc_init                      
00004dcf  adc_read                      
00005f4d  aligned_alloc                 
00006ae1  atoi                          
00003ff9  avoid_obstacle                
ffffffff  binit                         
000042ad  boundAvoid                    
0000424f  boundDetect                   
00003fd5  bumped                        
20000f80  c                             
00006cbd  calloc                        
20000f48  command                       
00004dfb  convertRawIR                  
00006e71  copysign                      
00006e71  copysignl                     
00004a15  delta_to_distance             
00002d09  drive                         
20000f90  edgeCount                     
20000fa4  errno                         
20000fa8  falling_edge                  
00003019  findRC                        
20000f50  flag                          
00006149  floor                         
00006149  floorl                        
00006241  free                          
00006981  frexp                         
00006981  frexpl                        
20000000  g_pfnRAMVectors               
00000000  g_pfnVectors                  
0000321b  getSocket                     
0000097f  go_charge                     
00004eed  irFindC                       
00004e49  irFindR                       
0000316d  itoa                          
00006f4b  lcd_clear                     
000044d9  lcd_gotoLine                  
00004341  lcd_init                      
0000453f  lcd_printf                    
00004401  lcd_putc                      
00004439  lcd_puts                      
00004305  lcd_reverseNibble             
00004457  lcd_sendCommand               
00004495  lcd_sendNibble                
00004501  lcd_setCursorPos              
00005e3d  ldexp                         
00005e3d  ldexpl                        
00003c11  log                           
00003c11  logl                          
00006755  main                          
00006f95  malloc                        
00005f4d  memalign                      
00006e55  memccpy                       
0000649b  memcpy                        
000066e1  memset                        
20000f58  motor_cal_factor_L            
20000f5c  motor_cal_factor_R            
0000405b  move_backward                 
000040d5  move_forward                  
20000f4c  number                        
0000026d  oi_alloc                      
00000aa9  oi_checkFirmware              
000002c7  oi_close                      
00000279  oi_free                       
00000ded  oi_getMotorCalibrationLeft    
00000e01  oi_getMotorCalibrationRight   
000002b1  oi_init                       
00000289  oi_init_noupdate              
00000915  oi_loadSong                   
00006ebb  oi_parseInt                   
0000032b  oi_parsePacket                
0000096b  oi_play_song                  
0000084b  oi_setLeds                    
00000db1  oi_setMotorCalibration        
0000088f  oi_setWheels                  
00000b51  oi_shutoff_init               
0000098d  oi_uartInit                   
00000a31  oi_uartReceive                
00000a77  oi_uartSendBuff               
00000a15  oi_uartSendChar               
00000a59  oi_uartSendStr                
000002d9  oi_update                     
0000489d  ping_init                     
000049d3  ping_interrupt_handler        
00004a6d  ping_read                     
000018dd  pow                           
000018dd  powl                          
20000f78  r                             
000029e5  receive_number                
20000ef8  response                      
0000311b  reverse                       
00006325  round                         
00006325  roundl                        
00005e3d  scalbn                        
00005e3d  scalbnl                       
0000322f  scan180                       
000032e1  scnrAnalysis                  
0000595d  servo_init                    
000059d7  servo_move                    
00003631  sin                           
00003631  sinl                          
00006bfd  sprintf                       
00005805  sqrt                          
00005805  sqrtl                         
00006eeb  strchr                        
00006ed3  strcmp                        
00006f01  strcpy                        
00006f15  strlen                        
20000f88  timeFallingEdge               
20000f8c  timeRisingEdge                
00004c27  timer_getMicros               
00004bcf  timer_getMillis               
00004b09  timer_init                    
00004bab  timer_pause                   
00004bbd  timer_resume                  
00004b81  timer_stop                    
00004c81  timer_waitMicros              
00004cb3  timer_waitMillis              
00004955  trigger_ping                  
00004177  turn_clockwise                
000041eb  turn_counter_clockwise        
20000f51  uart_data                     
00004f81  uart_init                     
00005125  uart_interrupt_handler        
00005105  uart_interrupt_init           
00005053  uart_receive                  
0000507d  uart_receive_blocking         
0000509d  uart_receive_server           
00005023  uart_sendChar                 
000050d7  uart_sendStr                  
00002ac1  user_move_backward            
00002a81  user_move_forward             
00002a47  user_turn_clockwise           
00002a0d  user_turn_counterclockwise    
00006c3d  vsnprintf                     
00006f29  wcslen                        


GLOBAL SYMBOLS: SORTED BY Symbol Address 

address   name                          
-------   ----                          
00000000  __TI_static_base__            
00000000  g_pfnVectors                  
0000026d  oi_alloc                      
00000279  oi_free                       
00000289  oi_init_noupdate              
000002b1  oi_init                       
000002c7  oi_close                      
000002d9  oi_update                     
0000032b  oi_parsePacket                
00000400  __SYSMEM_SIZE                 
00000800  __STACK_SIZE                  
0000084b  oi_setLeds                    
0000088f  oi_setWheels                  
00000915  oi_loadSong                   
0000096b  oi_play_song                  
0000097f  go_charge                     
0000098d  oi_uartInit                   
00000a15  oi_uartSendChar               
00000a31  oi_uartReceive                
00000a59  oi_uartSendStr                
00000a77  oi_uartSendBuff               
00000aa9  oi_checkFirmware              
00000b51  oi_shutoff_init               
00000bc3  GPIOF_Handler                 
00000db1  oi_setMotorCalibration        
00000ded  oi_getMotorCalibrationLeft    
00000e01  oi_getMotorCalibrationRight   
00000e8d  __TI_printfi                  
000018db  _nop                          
000018dd  pow                           
000018dd  powl                          
000022ad  __kernel_rem_pio2             
000029e5  receive_number                
00002a0d  user_turn_counterclockwise    
00002a47  user_turn_clockwise           
00002a81  user_move_forward             
00002ac1  user_move_backward            
00002d09  drive                         
00003019  findRC                        
0000311b  reverse                       
0000316d  itoa                          
0000321b  getSocket                     
0000322f  scan180                       
000032e1  scnrAnalysis                  
00003631  sin                           
00003631  sinl                          
00003c11  log                           
00003c11  logl                          
00003fd5  bumped                        
00003ff9  avoid_obstacle                
0000405b  move_backward                 
000040d5  move_forward                  
00004177  turn_clockwise                
000041eb  turn_counter_clockwise        
0000424f  boundDetect                   
000042ad  boundAvoid                    
00004305  lcd_reverseNibble             
00004341  lcd_init                      
00004401  lcd_putc                      
00004439  lcd_puts                      
00004457  lcd_sendCommand               
00004495  lcd_sendNibble                
000044d9  lcd_gotoLine                  
00004501  lcd_setCursorPos              
0000453f  lcd_printf                    
0000489d  ping_init                     
00004955  trigger_ping                  
000049d3  ping_interrupt_handler        
00004a15  delta_to_distance             
00004a6d  ping_read                     
00004b09  timer_init                    
00004b81  timer_stop                    
00004bab  timer_pause                   
00004bbd  timer_resume                  
00004bcf  timer_getMillis               
00004c27  timer_getMicros               
00004c81  timer_waitMicros              
00004cb3  timer_waitMillis              
00004d51  adc_init                      
00004dcf  adc_read                      
00004dfb  convertRawIR                  
00004e49  irFindR                       
00004eed  irFindC                       
00004f81  uart_init                     
00005023  uart_sendChar                 
00005053  uart_receive                  
0000507d  uart_receive_blocking         
0000509d  uart_receive_server           
000050d7  uart_sendStr                  
00005105  uart_interrupt_init           
00005125  uart_interrupt_handler        
00005369  __aeabi_dsub                  
00005373  __aeabi_dadd                  
0000551f  __aeabi_idiv0                 
0000551f  __aeabi_ldiv0                 
00005521  __kernel_sin                  
00005695  __kernel_cos                  
00005805  sqrt                          
00005805  sqrtl                         
0000595d  servo_init                    
000059d7  servo_move                    
00005be1  __aeabi_ddiv                  
00005e3d  ldexp                         
00005e3d  ldexpl                        
00005e3d  scalbn                        
00005e3d  scalbnl                       
00005f4d  aligned_alloc                 
00005f4d  memalign                      
0000604d  __aeabi_dmul                  
00006149  floor                         
00006149  floorl                        
00006241  free                          
00006325  round                         
00006325  roundl                        
0000649b  __aeabi_memcpy                
0000649b  __aeabi_memcpy4               
0000649b  __aeabi_memcpy8               
0000649b  memcpy                        
00006537  __aeabi_uldivmod              
000065cd  __aeabi_cdcmpeq               
000065cd  __aeabi_cdcmple               
00006653  __aeabi_cdrcmple              
000066d9  __aeabi_memclr                
000066d9  __aeabi_memclr4               
000066d9  __aeabi_memclr8               
000066db  __aeabi_memset                
000066db  __aeabi_memset4               
000066db  __aeabi_memset8               
000066e1  memset                        
00006755  main                          
000068ab  __aeabi_d2f                   
00006919  __TI_decompress_lzss          
00006981  frexp                         
00006981  frexpl                        
00006a3b  __TI_ltoa                     
00006ae1  atoi                          
00006b2d  __aeabi_d2iz                  
00006b75  __TI_auto_init_nobinit_nopinit
00006bb9  __aeabi_d2uiz                 
00006bfd  sprintf                       
00006c3d  vsnprintf                     
00006cbd  calloc                        
00006cf5  __aeabi_f2d                   
00006d2d  IntRegister                   
00006d61  _c_int00_noargs               
00006dc5  __aeabi_i2d                   
00006e1d  __TI_zero_init_nomemset       
00006e55  memccpy                       
00006e71  copysign                      
00006e71  copysignl                     
00006ebb  oi_parseInt                   
00006ed3  strcmp                        
00006eeb  strchr                        
00006f01  strcpy                        
00006f15  strlen                        
00006f29  wcslen                        
00006f3b  IntMasterEnable               
00006f4b  lcd_clear                     
00006f5b  __TI_decompress_none          
00006f69  CPUcpsie                      
00006f75  ResetISR                      
00006f8d  __aeabi_errno_addr            
00006f95  malloc                        
00006f9d  _system_pre_init              
00006fa1  C$$EXIT                       
00006fa1  abort                         
00007100  _ctypes_                      
0000726c  __TI_Handler_Table_Base       
00007278  __TI_Handler_Table_Limit      
00007288  __TI_CINIT_Base               
000072a0  __TI_CINIT_Limit              
20000000  __start___llvm_prf_cnts       
20000000  __stop___llvm_prf_cnts        
20000000  g_pfnRAMVectors               
20000270  __stack                       
20000470  __STACK_TOP                   
20000a70  __STACK_END                   
20000a70  _sys_memory                   
20000ef8  response                      
20000f44  _timeout_ticks                
20000f48  command                       
20000f4c  number                        
20000f50  flag                          
20000f51  uart_data                     
20000f58  motor_cal_factor_L            
20000f5c  motor_cal_factor_R            
20000f78  r                             
20000f80  c                             
20000f88  timeFallingEdge               
20000f8c  timeRisingEdge                
20000f90  edgeCount                     
20000f94  _lock                         
20000f98  _unlock                       
20000fa4  errno                         
20000fa8  falling_edge                  
20000fac  _running                      
ffffffff  __TI_pprof_out_hndl           
ffffffff  __TI_prof_data_size           
ffffffff  __TI_prof_data_start          
ffffffff  __binit__                     
ffffffff  __c_args__                    
ffffffff  binit                         
UNDEFED   __mpu_init                    
UNDEFED   _system_post_cinit            

[204 symbols]
