******************************************************************************
                  TI ARM Linker PC v20.2.7                     
******************************************************************************
>> Linked Mon Dec  4 11:46:00 2023

OUTPUT FILE NAME:   <project.out>
ENTRY POINT SYMBOL: "_c_int00_noargs"  address: 000079cd


MEMORY CONFIGURATION

         name            origin    length      used     unused   attr    fill
----------------------  --------  ---------  --------  --------  ----  --------
  FLASH                 00000000   00040000  00007f27  000380d9  R  X
  SRAM                  20000000   00008000  000011ae  00006e52  RW X


SEGMENT ALLOCATION MAP

run origin  load origin   length   init length attrs members
----------  ----------- ---------- ----------- ----- -------
00000000    00000000    00007f28   00007f28    r-x
  00000000    00000000    0000026c   0000026c    r-- .intvecs
  0000026c    0000026c    00007994   00007994    r-x .text
  00007c00    00007c00    000002bf   000002bf    r-- .const
  00007ec0    00007ec0    00000068   00000068    r-- .cinit
20000000    20000000    000011b8   00000000    rw-
  20000000    20000000    0000026c   00000000    rw- .vtable
  20000270    20000270    00000800   00000000    rw- .stack
  20000a70    20000a70    00000400   00000000    rw- .sysmem
  20000e70    20000e70    000002da   00000000    rw- .bss
  20001150    20001150    00000068   00000000    rw- .data


SECTION ALLOCATION MAP

 output                                  attributes/
section   page    origin      length       input sections
--------  ----  ----------  ----------   ----------------
.intvecs   0    00000000    0000026c     
                  00000000    0000026c     tm4c123gh6pm_startup_ccs.obj (.intvecs)

.text      0    0000026c    00007994     
                  0000026c    00000c20     open_interface.obj (.text)
                  00000e8c    00000a4e     rtsv7M4_T_le_v4SPD16_eabi.lib : _printfi.c.obj (.text:__TI_printfi)
                  000018da    00000002                                   : _lock.c.obj (.text:_nop)
                  000018dc    000009d0                                   : e_pow.c.obj (.text:pow)
                  000022ac    000007e0     movement.obj (.text)
                  00002a8c    000007a0     helpers.obj (.text)
                  0000322c    00000738     rtsv7M4_T_le_v4SPD16_eabi.lib : k_rem_pio2.c.obj (.text:__kernel_rem_pio2)
                  00003964    000006a8     manual_control.obj (.text)
                  0000400c    000005e0     rtsv7M4_T_le_v4SPD16_eabi.lib : s_sin.c.obj (.text:sin)
                  000045ec    000005dc                                   : s_cos.c.obj (.text:cos)
                  00004bc8    000003c4                                   : e_log.c.obj (.text:log)
                  00004f8c    00000328     lcd.obj (.text)
                  000052b4    00000270     rtsv7M4_T_le_v4SPD16_eabi.lib : _printfi.c.obj (.text:_pconv_a)
                  00005524    0000026c     ping.obj (.text)
                  00005790    00000248     Timer.obj (.text)
                  000059d8    00000230     adc.obj (.text)
                  00005c08    00000218     uart.obj (.text)
                  00005e20    000001d0     rtsv7M4_T_le_v4SPD16_eabi.lib : _printfi.c.obj (.text:_pconv_g)
                  00005ff0    000001b6                                   : fd_add_t2.asm.obj (.text)
                  000061a6    00000002                                   : div0.asm.obj (.text)
                  000061a8    00000174                                   : k_sin.c.obj (.text:__kernel_sin)
                  0000631c    00000170                                   : k_cos.c.obj (.text:__kernel_cos)
                  0000648c    00000158                                   : e_sqrt.c.obj (.text:sqrt)
                  000065e4    00000144     servo.obj (.text)
                  00006728    0000013c     rtsv7M4_T_le_v4SPD16_eabi.lib : _printfi.c.obj (.text:_pconv_e)
                  00006864    00000136                                   : fd_div_t2.asm.obj (.text)
                  0000699a    00000002     --HOLE-- [fill = 0]
                  0000699c    00000124                                   : _printfi.c.obj (.text:fcvt)
                  00006ac0    00000110                                   : s_scalbn.c.obj (.text:scalbn)
                  00006bd0    00000100                                   : memory.c.obj (.text:aligned_alloc)
                  00006cd0    000000fc                                   : fd_mul_t2.asm.obj (.text)
                  00006dcc    000000f8                                   : s_floor.c.obj (.text:floor)
                  00006ec4    000000e4                                   : memory.c.obj (.text:free)
                  00006fa8    000000c4                                   : s_round.c.obj (.text:round)
                  0000706c    000000b1                                   : _printfi.c.obj (.text:_ltostr)
                  0000711d    00000001     --HOLE-- [fill = 0]
                  0000711e    0000009c                                   : memcpy_t2.asm.obj (.text)
                  000071ba    00000096                                   : ull_div_t2.asm.obj (.text)
                  00007250    00000086                                   : fd_cmp_t2.asm.obj (.text:__aeabi_cdcmple)
                  000072d6    00000086                                   : fd_cmp_t2.asm.obj (.text:__aeabi_cdrcmple)
                  0000735c    0000007a                                   : memset_t2.asm.obj (.text)
                  000073d6    00000002     --HOLE-- [fill = 0]
                  000073d8    00000070                                   : memory.c.obj (.text:split)
                  00007448    0000006e                                   : _printfi.c.obj (.text:_mcpy)
                  000074b6    0000006e                                   : fd_tos_t2.asm.obj (.text)
                  00007524    00000068                                   : copy_decompress_lzss.c.obj (.text:decompress:lzss:__TI_decompress_lzss)
                  0000758c    00000064                                   : s_frexp.c.obj (.text:frexp)
                  000075f0    00000060     main.obj (.text)
                  00007650    00000056     rtsv7M4_T_le_v4SPD16_eabi.lib : _printfi.c.obj (.text:_pconv_f)
                  000076a6    00000054                                   : _ltoa.c.obj (.text:__TI_ltoa)
                  000076fa    00000052                                   : _printfi.c.obj (.text:_ecpy)
                  0000774c    0000004c                                   : atoi.c.obj (.text:atoi)
                  00007798    00000048                                   : fd_toi_t2.asm.obj (.text)
                  000077e0    00000044                                   : autoinit.c.obj (.text:__TI_auto_init_nobinit_nopinit:__TI_auto_init_nobinit_nopinit)
                  00007824    00000044                                   : fd_tou_t2.asm.obj (.text)
                  00007868    00000040                                   : sprintf.c.obj (.text:sprintf)
                  000078a8    00000040                                   : vsnprintf.c.obj (.text:vsnprintf)
                  000078e8    0000003e                                   : _printfi.c.obj (.text:_fcpy)
                  00007926    00000002     --HOLE-- [fill = 0]
                  00007928    00000038                                   : memory.c.obj (.text:calloc)
                  00007960    00000038                                   : fs_tod_t2.asm.obj (.text)
                  00007998    00000034     driverlib.lib : interrupt.obj (.text:IntRegister)
                  000079cc    00000034     rtsv7M4_T_le_v4SPD16_eabi.lib : boot_cortex_m.c.obj (.text:_c_int00_noargs:_c_int00_noargs)
                  00007a00    00000030                                   : vsnprintf.c.obj (.text:_outs)
                  00007a30    0000002e                                   : i_tofd_t2.asm.obj (.text)
                  00007a5e    00000002     --HOLE-- [fill = 0]
                  00007a60    00000028                                   : memory.c.obj (.text:free_list_insert)
                  00007a88    0000001c                                   : memory.c.obj (.text:free_list_remove)
                  00007aa4    0000001c                                   : memccpy.c.obj (.text:memccpy)
                  00007ac0    0000001a                                   : s_copysign.c.obj (.text:copysign)
                  00007ada    00000018                                   : vsnprintf.c.obj (.text:_outc)
                  00007af2    00000018                                   : sprintf.c.obj (.text:_outs)
                  00007b0a    00000018     open_interface.obj (.text:oi_parseInt)
                  00007b22    00000018     rtsv7M4_T_le_v4SPD16_eabi.lib : strcmp.c.obj (.text:strcmp)
                  00007b3a    00000016                                   : strchr.c.obj (.text:strchr)
                  00007b50    00000014                                   : strcpy.c.obj (.text:strcpy)
                  00007b64    00000014                                   : strlen.c.obj (.text:strlen)
                  00007b78    00000012                                   : wcslen.c.obj (.text:wcslen)
                  00007b8a    00000010     driverlib.lib : interrupt.obj (.text:IntMasterEnable)
                  00007b9a    00000010     lcd.obj (.text:lcd_clear)
                  00007baa    0000000e     rtsv7M4_T_le_v4SPD16_eabi.lib : copy_decompress_none.c.obj (.text:decompress:none:__TI_decompress_none)
                  00007bb8    0000000c     driverlib.lib : cpu.obj (.text:CPUcpsie)
                  00007bc4    0000000c     rtsv7M4_T_le_v4SPD16_eabi.lib : copy_zero_init.c.obj (.text:decompress:ZI:__TI_zero_init)
                  00007bd0    0000000c     tm4c123gh6pm_startup_ccs.obj (.text)
                  00007bdc    0000000a     rtsv7M4_T_le_v4SPD16_eabi.lib : sprintf.c.obj (.text:_outc)
                  00007be6    00000002     --HOLE-- [fill = 0]
                  00007be8    00000008                                   : errno.c.obj (.text:__aeabi_errno_addr)
                  00007bf0    00000008                                   : memory.c.obj (.text:malloc)
                  00007bf8    00000004                                   : pre_init.c.obj (.text:_system_pre_init)
                  00007bfc    00000004                                   : exit.c.obj (.text:abort:abort)

.const     0    00007c00    000002bf     
                  00007c00    00000158     rtsv7M4_T_le_v4SPD16_eabi.lib : k_rem_pio2.c.obj (.const:$O1$$)
                  00007d58    00000101                                   : ctype.c.obj (.const:.string:_ctypes_)
                  00007e59    00000004     lcd.obj (.const:.string:lineAddress$1)
                  00007e5d    00000003     --HOLE-- [fill = 0]
                  00007e60    00000030     rtsv7M4_T_le_v4SPD16_eabi.lib : e_pow.c.obj (.const:$O1$$)
                  00007e90    0000000f     open_interface.obj (.const:.string:$P$T0$3)
                  00007e9f    0000000e     movement.obj (.const:.string:$P$T0$1)
                  00007ead    0000000e     movement.obj (.const:.string:$P$T1$2)
                  00007ebb    00000004     lcd.obj (.const:.string:lineAddresses$2)

.cinit     0    00007ec0    00000068     
                  00007ec0    00000033     (.cinit..data.load) [load image, compression = lzss]
                  00007ef3    00000001     --HOLE-- [fill = 0]
                  00007ef4    0000000c     (__TI_handler_table)
                  00007f00    00000008     (.cinit..bss.load) [load image, compression = zero_init]
                  00007f08    00000008     (.cinit..vtable.load) [load image, compression = zero_init]
                  00007f10    00000018     (__TI_cinit_table)

.init_array 
*          0    00000000    00000000     UNINITIALIZED

.vtable    0    20000000    0000026c     UNINITIALIZED
                  20000000    0000026c     driverlib.lib : interrupt.obj (.vtable)

.stack     0    20000270    00000800     UNINITIALIZED
                  20000270    00000004     rtsv7M4_T_le_v4SPD16_eabi.lib : boot_cortex_m.c.obj (.stack)
                  20000274    000007fc     --HOLE--

.sysmem    0    20000a70    00000400     UNINITIALIZED
                  20000a70    00000010     rtsv7M4_T_le_v4SPD16_eabi.lib : memory.c.obj (.sysmem)
                  20000a80    000003f0     --HOLE--

.bss       0    20000e70    000002da     UNINITIALIZED
                  20000e70    000001e0     (.common:givenDirs)
                  20001050    00000054     lcd.obj (.bss:lastbuffer$3)
                  200010a4    00000034     uart.obj (.bss:data$1)
                  200010d8    00000034     (.common:response)
                  2000110c    00000018     open_interface.obj (.bss:firmware$2)
                  20001124    0000000c     (.common:xLocation)
                  20001130    0000000c     (.common:yLocation)
                  2000113c    00000004     (.common:_timeout_ticks)
                  20001140    00000004     (.common:command)
                  20001144    00000004     (.common:number)
                  20001148    00000001     (.common:flag)
                  20001149    00000001     (.common:uart_data)

.data      0    20001150    00000068     UNINITIALIZED
                  20001150    00000020     open_interface.obj (.data)
                  20001170    00000012     helpers.obj (.data)
                  20001182    00000001     Timer.obj (.data)
                  20001183    00000001     --HOLE--
                  20001184    00000010     movement.obj (.data)
                  20001194    0000000c     ping.obj (.data)
                  200011a0    00000008     rtsv7M4_T_le_v4SPD16_eabi.lib : _lock.c.obj (.data:$O1$$)
                  200011a8    00000008                                   : memory.c.obj (.data:$O1$$)
                  200011b0    00000004                                   : errno.c.obj (.data)
                  200011b4    00000004     servo.obj (.data)

__llvm_prf_cnts 
*          0    20000000    00000000     UNINITIALIZED

MODULE SUMMARY

       Module                         code    ro data   rw data
       ------                         ----    -------   -------
    .\
       open_interface.obj             3128    15        56     
       helpers.obj                    1952    0         498    
       movement.obj                   2016    28        40     
       manual_control.obj             1704    0         60     
       lcd.obj                        824     8         84     
       ping.obj                       620     0         12     
       tm4c123gh6pm_startup_ccs.obj   12      620       0      
       Timer.obj                      584     0         5      
       uart.obj                       536     0         52     
       adc.obj                        560     0         0      
       servo.obj                      324     0         4      
       main.obj                       96      0         2      
    +--+------------------------------+-------+---------+---------+
       Total:                         12356   671       813    
                                                               
    C:/ti/TivaWare_C_Series-2.2.0.295/driverlib/ccs/Debug/driverlib.lib
       interrupt.obj                  68      0         620    
       cpu.obj                        12      0         0      
    +--+------------------------------+-------+---------+---------+
       Total:                         80      0         620    
                                                               
    C:\ti\ccs1230\ccs\tools\compiler\ti-cgt-arm_20.2.7.LTS\lib\rtsv7M4_T_le_v4SPD16_eabi.lib
       _printfi.c.obj                 4851    0         0      
       e_pow.c.obj                    2512    48        0      
       k_rem_pio2.c.obj               1848    344       0      
       s_sin.c.obj                    1504    0         0      
       s_cos.c.obj                    1500    0         0      
       e_log.c.obj                    964     0         0      
       memory.c.obj                   728     0         8      
       fd_add_t2.asm.obj              438     0         0      
       k_sin.c.obj                    372     0         0      
       k_cos.c.obj                    368     0         0      
       e_sqrt.c.obj                   344     0         0      
       fd_div_t2.asm.obj              310     0         0      
       s_scalbn.c.obj                 272     0         0      
       fd_cmp_t2.asm.obj              268     0         0      
       ctype.c.obj                    0       257       0      
       fd_mul_t2.asm.obj              252     0         0      
       s_floor.c.obj                  248     0         0      
       s_round.c.obj                  196     0         0      
       memcpy_t2.asm.obj              156     0         0      
       ull_div_t2.asm.obj             150     0         0      
       vsnprintf.c.obj                136     0         0      
       memset_t2.asm.obj              122     0         0      
       fd_tos_t2.asm.obj              110     0         0      
       copy_decompress_lzss.c.obj     104     0         0      
       s_frexp.c.obj                  100     0         0      
       sprintf.c.obj                  98      0         0      
       _ltoa.c.obj                    84      0         0      
       atoi.c.obj                     76      0         0      
       fd_toi_t2.asm.obj              72      0         0      
       autoinit.c.obj                 68      0         0      
       fd_tou_t2.asm.obj              68      0         0      
       fs_tod_t2.asm.obj              56      0         0      
       boot_cortex_m.c.obj            52      0         0      
       i_tofd_t2.asm.obj              46      0         0      
       memccpy.c.obj                  28      0         0      
       s_copysign.c.obj               26      0         0      
       strcmp.c.obj                   24      0         0      
       strchr.c.obj                   22      0         0      
       strcpy.c.obj                   20      0         0      
       strlen.c.obj                   20      0         0      
       wcslen.c.obj                   18      0         0      
       copy_decompress_none.c.obj     14      0         0      
       copy_zero_init.c.obj           12      0         0      
       errno.c.obj                    8       0         4      
       _lock.c.obj                    2       0         8      
       exit.c.obj                     4       0         0      
       pre_init.c.obj                 4       0         0      
       div0.asm.obj                   2       0         0      
    +--+------------------------------+-------+---------+---------+
       Total:                         18677   649       20     
                                                               
       Heap:                          0       0         1024   
       Stack:                         0       0         2048   
       Linker Generated:              0       103       0      
    +--+------------------------------+-------+---------+---------+
       Grand Total:                   31113   1423      4525   


LINKER GENERATED COPY TABLES

__TI_cinit_table @ 00007f10 records: 3, size/record: 8, table size: 24
	.data: load addr=00007ec0, load size=00000033 bytes, run addr=20001150, run size=00000068 bytes, compression=lzss
	.bss: load addr=00007f00, load size=00000008 bytes, run addr=20000e70, run size=000002da bytes, compression=zero_init
	.vtable: load addr=00007f08, load size=00000008 bytes, run addr=20000000, run size=0000026c bytes, compression=zero_init


LINKER GENERATED HANDLER TABLE

__TI_handler_table @ 00007ef4 records: 3, size/record: 4, table size: 12
	index: 0, handler: __TI_zero_init
	index: 1, handler: __TI_decompress_lzss
	index: 2, handler: __TI_decompress_none


GLOBAL SYMBOLS: SORTED ALPHABETICALLY BY Name 

address   name                          
-------   ----                          
00007bfd  C$$EXIT                       
00007bb9  CPUcpsie                      
00000bc3  GPIOF_Handler                 
00007b8b  IntMasterEnable               
00007999  IntRegister                   
00007bd1  ResetISR                      
20000a70  __STACK_END                   
00000800  __STACK_SIZE                  
20000470  __STACK_TOP                   
00000400  __SYSMEM_SIZE                 
00007f10  __TI_CINIT_Base               
00007f28  __TI_CINIT_Limit              
00007ef4  __TI_Handler_Table_Base       
00007f00  __TI_Handler_Table_Limit      
000077e1  __TI_auto_init_nobinit_nopinit
00007525  __TI_decompress_lzss          
00007bab  __TI_decompress_none          
000076a7  __TI_ltoa                     
ffffffff  __TI_pprof_out_hndl           
00000e8d  __TI_printfi                  
ffffffff  __TI_prof_data_size           
ffffffff  __TI_prof_data_start          
00000000  __TI_static_base__            
00007bc5  __TI_zero_init                
00007251  __aeabi_cdcmpeq               
00007251  __aeabi_cdcmple               
000072d7  __aeabi_cdrcmple              
000074b7  __aeabi_d2f                   
00007799  __aeabi_d2iz                  
00007825  __aeabi_d2uiz                 
00005ffb  __aeabi_dadd                  
00006865  __aeabi_ddiv                  
00006cd1  __aeabi_dmul                  
00005ff1  __aeabi_dsub                  
00007be9  __aeabi_errno_addr            
00007961  __aeabi_f2d                   
00007a31  __aeabi_i2d                   
000061a7  __aeabi_idiv0                 
000061a7  __aeabi_ldiv0                 
0000735d  __aeabi_memclr                
0000735d  __aeabi_memclr4               
0000735d  __aeabi_memclr8               
0000711f  __aeabi_memcpy                
0000711f  __aeabi_memcpy4               
0000711f  __aeabi_memcpy8               
0000735f  __aeabi_memset                
0000735f  __aeabi_memset4               
0000735f  __aeabi_memset8               
000071bb  __aeabi_uldivmod              
ffffffff  __binit__                     
ffffffff  __c_args__                    
0000631d  __kernel_cos                  
0000322d  __kernel_rem_pio2             
000061a9  __kernel_sin                  
UNDEFED   __mpu_init                    
20000270  __stack                       
20000000  __start___llvm_prf_cnts       
20000000  __stop___llvm_prf_cnts        
000079cd  _c_int00_noargs               
00007d58  _ctypes_                      
200011a0  _lock                         
000018db  _nop                          
20001182  _running                      
20000a70  _sys_memory                   
UNDEFED   _system_post_cinit            
00007bf9  _system_pre_init              
2000113c  _timeout_ticks                
200011a4  _unlock                       
00007bfd  abort                         
000059d9  adc_init                      
00005a57  adc_read                      
00006bd1  aligned_alloc                 
20001190  angle                         
0000774d  atoi                          
000022d1  avoid_obstacle                
ffffffff  binit                         
0000235b  boundAvoid                    
000022ff  boundDetect                   
000022ad  bumped                        
20001178  c                             
000026f5  calcNewXY                     
00007929  calloc                        
20001140  command                       
00005a83  convertRawIR                  
00007ac1  copysign                      
00007ac1  copysignl                     
000045ed  cos                           
000045ed  cosl                          
0000569d  delta_to_distance             
00003c95  drive                         
2000119c  edgeCount                     
200011b0  errno                         
200011b4  falling_edge                  
00002a8d  findRC                        
20001148  flag                          
00006dcd  floor                         
00006dcd  floorl                        
00002939  followDirections              
00006ec5  free                          
0000758d  frexp                         
0000758d  frexpl                        
20000000  g_pfnRAMVectors               
00000000  g_pfnVectors                  
00003213  getNumMoves                   
20000e70  givenDirs                     
0000097f  go_charge                     
20001184  hitSomething                  
00002433  holeAvoid                     
000023df  holeDetect                    
00005b75  irFindC                       
00005ad1  irFindR                       
00002be1  itoa                          
00007b9b  lcd_clear                     
00005161  lcd_gotoLine                  
00004fc9  lcd_init                      
000051c7  lcd_printf                    
00005089  lcd_putc                      
000050c1  lcd_puts                      
00004f8d  lcd_reverseNibble             
000050df  lcd_sendCommand               
0000511d  lcd_sendNibble                
00005189  lcd_setCursorPos              
00006ac1  ldexp                         
00006ac1  ldexpl                        
00004bc9  log                           
00004bc9  logl                          
000075f1  main                          
00007bf1  malloc                        
00006bd1  memalign                      
00007aa5  memccpy                       
0000711f  memcpy                        
00007365  memset                        
20001150  motor_cal_factor_L            
20001154  motor_cal_factor_R            
00002473  move_backward                 
00002539  move_forward                  
20001180  numDirs                       
20001144  number                        
0000026d  oi_alloc                      
00000aa9  oi_checkFirmware              
000002c7  oi_close                      
00000279  oi_free                       
00000ded  oi_getMotorCalibrationLeft    
00000e01  oi_getMotorCalibrationRight   
000002b1  oi_init                       
00000289  oi_init_noupdate              
00000915  oi_loadSong                   
00007b0b  oi_parseInt                   
0000032b  oi_parsePacket                
0000096b  oi_play_song                  
0000084b  oi_setLeds                    
00000db1  oi_setMotorCalibration        
0000088f  oi_setWheels                  
00000b51  oi_shutoff_init               
0000098d  oi_uartInit                   
00000a31  oi_uartReceive                
00000a77  oi_uartSendBuff               
00000a15  oi_uartSendChar               
00000a59  oi_uartSendStr                
000002d9  oi_update                     
00005525  ping_init                     
0000565b  ping_interrupt_handler        
000056f5  ping_read                     
000018dd  pow                           
000018dd  powl                          
20001170  r                             
00003965  receive_number                
200010d8  response                      
00002b8f  reverse                       
00003199  reverseDirections             
00006fa9  round                         
00006fa9  roundl                        
00006ac1  scalbn                        
00006ac1  scalbnl                       
00002d01  scan180                       
00002dd5  scnrAnalysis                  
00002c8f  send180                       
000065e5  servo_init                    
0000665f  servo_move                    
0000239d  shinyDetect                   
0000400d  sin                           
0000400d  sinl                          
00007869  sprintf                       
0000648d  sqrt                          
0000648d  sqrtl                         
00007b3b  strchr                        
00007b23  strcmp                        
00007b51  strcpy                        
00007b65  strlen                        
20001194  timeFallingEdge               
20001198  timeRisingEdge                
000058af  timer_getMicros               
00005857  timer_getMillis               
00005791  timer_init                    
00005833  timer_pause                   
00005845  timer_resume                  
00005809  timer_stop                    
00005909  timer_waitMicros              
0000593b  timer_waitMillis              
0000310d  trackAngles                   
0000314d  trackDistance                 
000055dd  trigger_ping                  
000027d9  turn_clockwise                
00002871  turn_counter_clockwise        
20001149  uart_data                     
00005c09  uart_init                     
00005dad  uart_interrupt_handler        
00005d8d  uart_interrupt_init           
00005cdb  uart_receive                  
00005d05  uart_receive_blocking         
00005d25  uart_receive_server           
00005cab  uart_sendChar                 
00005d5f  uart_sendStr                  
00003a47  user_move_backward            
00003a01  user_move_forward             
000039c7  user_turn_clockwise           
0000398d  user_turn_counterclockwise    
000078a9  vsnprintf                     
00007b79  wcslen                        
20001188  x                             
20001124  xLocation                     
2000118c  y                             
20001130  yLocation                     


GLOBAL SYMBOLS: SORTED BY Symbol Address 

address   name                          
-------   ----                          
00000000  __TI_static_base__            
00000000  g_pfnVectors                  
0000026d  oi_alloc                      
00000279  oi_free                       
00000289  oi_init_noupdate              
000002b1  oi_init                       
000002c7  oi_close                      
000002d9  oi_update                     
0000032b  oi_parsePacket                
00000400  __SYSMEM_SIZE                 
00000800  __STACK_SIZE                  
0000084b  oi_setLeds                    
0000088f  oi_setWheels                  
00000915  oi_loadSong                   
0000096b  oi_play_song                  
0000097f  go_charge                     
0000098d  oi_uartInit                   
00000a15  oi_uartSendChar               
00000a31  oi_uartReceive                
00000a59  oi_uartSendStr                
00000a77  oi_uartSendBuff               
00000aa9  oi_checkFirmware              
00000b51  oi_shutoff_init               
00000bc3  GPIOF_Handler                 
00000db1  oi_setMotorCalibration        
00000ded  oi_getMotorCalibrationLeft    
00000e01  oi_getMotorCalibrationRight   
00000e8d  __TI_printfi                  
000018db  _nop                          
000018dd  pow                           
000018dd  powl                          
000022ad  bumped                        
000022d1  avoid_obstacle                
000022ff  boundDetect                   
0000235b  boundAvoid                    
0000239d  shinyDetect                   
000023df  holeDetect                    
00002433  holeAvoid                     
00002473  move_backward                 
00002539  move_forward                  
000026f5  calcNewXY                     
000027d9  turn_clockwise                
00002871  turn_counter_clockwise        
00002939  followDirections              
00002a8d  findRC                        
00002b8f  reverse                       
00002be1  itoa                          
00002c8f  send180                       
00002d01  scan180                       
00002dd5  scnrAnalysis                  
0000310d  trackAngles                   
0000314d  trackDistance                 
00003199  reverseDirections             
00003213  getNumMoves                   
0000322d  __kernel_rem_pio2             
00003965  receive_number                
0000398d  user_turn_counterclockwise    
000039c7  user_turn_clockwise           
00003a01  user_move_forward             
00003a47  user_move_backward            
00003c95  drive                         
0000400d  sin                           
0000400d  sinl                          
000045ed  cos                           
000045ed  cosl                          
00004bc9  log                           
00004bc9  logl                          
00004f8d  lcd_reverseNibble             
00004fc9  lcd_init                      
00005089  lcd_putc                      
000050c1  lcd_puts                      
000050df  lcd_sendCommand               
0000511d  lcd_sendNibble                
00005161  lcd_gotoLine                  
00005189  lcd_setCursorPos              
000051c7  lcd_printf                    
00005525  ping_init                     
000055dd  trigger_ping                  
0000565b  ping_interrupt_handler        
0000569d  delta_to_distance             
000056f5  ping_read                     
00005791  timer_init                    
00005809  timer_stop                    
00005833  timer_pause                   
00005845  timer_resume                  
00005857  timer_getMillis               
000058af  timer_getMicros               
00005909  timer_waitMicros              
0000593b  timer_waitMillis              
000059d9  adc_init                      
00005a57  adc_read                      
00005a83  convertRawIR                  
00005ad1  irFindR                       
00005b75  irFindC                       
00005c09  uart_init                     
00005cab  uart_sendChar                 
00005cdb  uart_receive                  
00005d05  uart_receive_blocking         
00005d25  uart_receive_server           
00005d5f  uart_sendStr                  
00005d8d  uart_interrupt_init           
00005dad  uart_interrupt_handler        
00005ff1  __aeabi_dsub                  
00005ffb  __aeabi_dadd                  
000061a7  __aeabi_idiv0                 
000061a7  __aeabi_ldiv0                 
000061a9  __kernel_sin                  
0000631d  __kernel_cos                  
0000648d  sqrt                          
0000648d  sqrtl                         
000065e5  servo_init                    
0000665f  servo_move                    
00006865  __aeabi_ddiv                  
00006ac1  ldexp                         
00006ac1  ldexpl                        
00006ac1  scalbn                        
00006ac1  scalbnl                       
00006bd1  aligned_alloc                 
00006bd1  memalign                      
00006cd1  __aeabi_dmul                  
00006dcd  floor                         
00006dcd  floorl                        
00006ec5  free                          
00006fa9  round                         
00006fa9  roundl                        
0000711f  __aeabi_memcpy                
0000711f  __aeabi_memcpy4               
0000711f  __aeabi_memcpy8               
0000711f  memcpy                        
000071bb  __aeabi_uldivmod              
00007251  __aeabi_cdcmpeq               
00007251  __aeabi_cdcmple               
000072d7  __aeabi_cdrcmple              
0000735d  __aeabi_memclr                
0000735d  __aeabi_memclr4               
0000735d  __aeabi_memclr8               
0000735f  __aeabi_memset                
0000735f  __aeabi_memset4               
0000735f  __aeabi_memset8               
00007365  memset                        
000074b7  __aeabi_d2f                   
00007525  __TI_decompress_lzss          
0000758d  frexp                         
0000758d  frexpl                        
000075f1  main                          
000076a7  __TI_ltoa                     
0000774d  atoi                          
00007799  __aeabi_d2iz                  
000077e1  __TI_auto_init_nobinit_nopinit
00007825  __aeabi_d2uiz                 
00007869  sprintf                       
000078a9  vsnprintf                     
00007929  calloc                        
00007961  __aeabi_f2d                   
00007999  IntRegister                   
000079cd  _c_int00_noargs               
00007a31  __aeabi_i2d                   
00007aa5  memccpy                       
00007ac1  copysign                      
00007ac1  copysignl                     
00007b0b  oi_parseInt                   
00007b23  strcmp                        
00007b3b  strchr                        
00007b51  strcpy                        
00007b65  strlen                        
00007b79  wcslen                        
00007b8b  IntMasterEnable               
00007b9b  lcd_clear                     
00007bab  __TI_decompress_none          
00007bb9  CPUcpsie                      
00007bc5  __TI_zero_init                
00007bd1  ResetISR                      
00007be9  __aeabi_errno_addr            
00007bf1  malloc                        
00007bf9  _system_pre_init              
00007bfd  C$$EXIT                       
00007bfd  abort                         
00007d58  _ctypes_                      
00007ef4  __TI_Handler_Table_Base       
00007f00  __TI_Handler_Table_Limit      
00007f10  __TI_CINIT_Base               
00007f28  __TI_CINIT_Limit              
20000000  __start___llvm_prf_cnts       
20000000  __stop___llvm_prf_cnts        
20000000  g_pfnRAMVectors               
20000270  __stack                       
20000470  __STACK_TOP                   
20000a70  __STACK_END                   
20000a70  _sys_memory                   
20000e70  givenDirs                     
200010d8  response                      
20001124  xLocation                     
20001130  yLocation                     
2000113c  _timeout_ticks                
20001140  command                       
20001144  number                        
20001148  flag                          
20001149  uart_data                     
20001150  motor_cal_factor_L            
20001154  motor_cal_factor_R            
20001170  r                             
20001178  c                             
20001180  numDirs                       
20001182  _running                      
20001184  hitSomething                  
20001188  x                             
2000118c  y                             
20001190  angle                         
20001194  timeFallingEdge               
20001198  timeRisingEdge                
2000119c  edgeCount                     
200011a0  _lock                         
200011a4  _unlock                       
200011b0  errno                         
200011b4  falling_edge                  
ffffffff  __TI_pprof_out_hndl           
ffffffff  __TI_prof_data_size           
ffffffff  __TI_prof_data_start          
ffffffff  __binit__                     
ffffffff  __c_args__                    
ffffffff  binit                         
UNDEFED   __mpu_init                    
UNDEFED   _system_post_cinit            

[223 symbols]
