******************************************************************************
                  TI ARM Linker PC v20.2.7                     
******************************************************************************
>> Linked Wed Nov 29 14:01:50 2023

OUTPUT FILE NAME:   <project.out>
ENTRY POINT SYMBOL: "_c_int00_noargs"  address: 00007015


MEMORY CONFIGURATION

         name            origin    length      used     unused   attr    fill
----------------------  --------  ---------  --------  --------  ----  --------
  FLASH                 00000000   00040000  0000753b  00038ac5  R  X
  SRAM                  20000000   00008000  00001986  0000667a  RW X


SEGMENT ALLOCATION MAP

run origin  load origin   length   init length attrs members
----------  ----------- ---------- ----------- ----- -------
00000000    00000000    00007540   00007540    r-x
  00000000    00000000    0000026c   0000026c    r-- .intvecs
  0000026c    0000026c    00006fdc   00006fdc    r-x .text
  00007248    00007248    000002a3   000002a3    r-- .const
  000074f0    000074f0    00000050   00000050    r-- .cinit
20000000    20000000    00001990   00000000    rw-
  20000000    20000000    0000026c   00000000    rw- .vtable
  20000270    20000270    00001000   00000000    rw- .stack
  20001270    20001270    00000400   00000000    rw- .sysmem
  20001670    20001670    000002c2   00000000    rw- .bss
  20001938    20001938    00000058   00000000    rw- .data


SECTION ALLOCATION MAP

 output                                  attributes/
section   page    origin      length       input sections
--------  ----  ----------  ----------   ----------------
.intvecs   0    00000000    0000026c     
                  00000000    0000026c     tm4c123gh6pm_startup_ccs.obj (.intvecs)

.text      0    0000026c    00006fdc     
                  0000026c    00000c20     open_interface.obj (.text)
                  00000e8c    00000a4e     rtsv7M4_T_le_v4SPD16_eabi.lib : _printfi.c.obj (.text:__TI_printfi)
                  000018da    00000002                                   : _lock.c.obj (.text:_nop)
                  000018dc    000009d0                                   : e_pow.c.obj (.text:pow)
                  000022ac    00000738                                   : k_rem_pio2.c.obj (.text:__kernel_rem_pio2)
                  000029e4    00000714     helpers.obj (.text)
                  000030f8    00000640     manual_control.obj (.text)
                  00003738    000005e0     rtsv7M4_T_le_v4SPD16_eabi.lib : s_sin.c.obj (.text:sin)
                  00003d18    00000490     movement.obj (.text)
                  000041a8    000003c4     rtsv7M4_T_le_v4SPD16_eabi.lib : e_log.c.obj (.text:log)
                  0000456c    00000328     lcd.obj (.text)
                  00004894    00000270     rtsv7M4_T_le_v4SPD16_eabi.lib : _printfi.c.obj (.text:_pconv_a)
                  00004b04    0000026c     ping.obj (.text)
                  00004d70    00000248     Timer.obj (.text)
                  00004fb8    00000230     adc.obj (.text)
                  000051e8    00000218     uart.obj (.text)
                  00005400    000001d0     rtsv7M4_T_le_v4SPD16_eabi.lib : _printfi.c.obj (.text:_pconv_g)
                  000055d0    000001b6                                   : fd_add_t2.asm.obj (.text)
                  00005786    00000002                                   : div0.asm.obj (.text)
                  00005788    00000174                                   : k_sin.c.obj (.text:__kernel_sin)
                  000058fc    00000170                                   : k_cos.c.obj (.text:__kernel_cos)
                  00005a6c    00000158                                   : e_sqrt.c.obj (.text:sqrt)
                  00005bc4    00000148     servo.obj (.text)
                  00005d0c    0000013c     rtsv7M4_T_le_v4SPD16_eabi.lib : _printfi.c.obj (.text:_pconv_e)
                  00005e48    00000136                                   : fd_div_t2.asm.obj (.text)
                  00005f7e    00000002     --HOLE-- [fill = 0]
                  00005f80    00000124                                   : _printfi.c.obj (.text:fcvt)
                  000060a4    00000110                                   : s_scalbn.c.obj (.text:scalbn)
                  000061b4    00000100                                   : memory.c.obj (.text:aligned_alloc)
                  000062b4    000000fc                                   : fd_mul_t2.asm.obj (.text)
                  000063b0    000000f8                                   : s_floor.c.obj (.text:floor)
                  000064a8    000000e4                                   : memory.c.obj (.text:free)
                  0000658c    000000c4                                   : s_round.c.obj (.text:round)
                  00006650    000000c2     main.obj (.text)
                  00006712    00000002     --HOLE-- [fill = 0]
                  00006714    000000b1     rtsv7M4_T_le_v4SPD16_eabi.lib : _printfi.c.obj (.text:_ltostr)
                  000067c5    00000001     --HOLE-- [fill = 0]
                  000067c6    0000009c                                   : memcpy_t2.asm.obj (.text)
                  00006862    00000096                                   : ull_div_t2.asm.obj (.text)
                  000068f8    00000086                                   : fd_cmp_t2.asm.obj (.text:__aeabi_cdcmple)
                  0000697e    00000086                                   : fd_cmp_t2.asm.obj (.text:__aeabi_cdrcmple)
                  00006a04    0000007a                                   : memset_t2.asm.obj (.text)
                  00006a7e    00000002     --HOLE-- [fill = 0]
                  00006a80    00000070                                   : memory.c.obj (.text:split)
                  00006af0    0000006e                                   : _printfi.c.obj (.text:_mcpy)
                  00006b5e    0000006e                                   : fd_tos_t2.asm.obj (.text)
                  00006bcc    00000068                                   : copy_decompress_lzss.c.obj (.text:decompress:lzss:__TI_decompress_lzss)
                  00006c34    00000064                                   : s_frexp.c.obj (.text:frexp)
                  00006c98    00000056                                   : _printfi.c.obj (.text:_pconv_f)
                  00006cee    00000054                                   : _ltoa.c.obj (.text:__TI_ltoa)
                  00006d42    00000052                                   : _printfi.c.obj (.text:_ecpy)
                  00006d94    0000004c                                   : atoi.c.obj (.text:atoi)
                  00006de0    00000048                                   : fd_toi_t2.asm.obj (.text)
                  00006e28    00000044                                   : autoinit.c.obj (.text:__TI_auto_init_nobinit_nopinit:__TI_auto_init_nobinit_nopinit)
                  00006e6c    00000044                                   : fd_tou_t2.asm.obj (.text)
                  00006eb0    00000040                                   : sprintf.c.obj (.text:sprintf)
                  00006ef0    00000040                                   : vsnprintf.c.obj (.text:vsnprintf)
                  00006f30    0000003e                                   : _printfi.c.obj (.text:_fcpy)
                  00006f6e    00000002     --HOLE-- [fill = 0]
                  00006f70    00000038                                   : memory.c.obj (.text:calloc)
                  00006fa8    00000038                                   : fs_tod_t2.asm.obj (.text)
                  00006fe0    00000034     driverlib.lib : interrupt.obj (.text:IntRegister)
                  00007014    00000034     rtsv7M4_T_le_v4SPD16_eabi.lib : boot_cortex_m.c.obj (.text:_c_int00_noargs:_c_int00_noargs)
                  00007048    00000030                                   : vsnprintf.c.obj (.text:_outs)
                  00007078    0000002e                                   : i_tofd_t2.asm.obj (.text)
                  000070a6    00000002     --HOLE-- [fill = 0]
                  000070a8    00000028                                   : memory.c.obj (.text:free_list_insert)
                  000070d0    0000001c                                   : memory.c.obj (.text:free_list_remove)
                  000070ec    0000001c                                   : memccpy.c.obj (.text:memccpy)
                  00007108    0000001a                                   : s_copysign.c.obj (.text:copysign)
                  00007122    00000018                                   : vsnprintf.c.obj (.text:_outc)
                  0000713a    00000018                                   : sprintf.c.obj (.text:_outs)
                  00007152    00000018     open_interface.obj (.text:oi_parseInt)
                  0000716a    00000018     rtsv7M4_T_le_v4SPD16_eabi.lib : strcmp.c.obj (.text:strcmp)
                  00007182    00000016                                   : strchr.c.obj (.text:strchr)
                  00007198    00000014                                   : strcpy.c.obj (.text:strcpy)
                  000071ac    00000014                                   : strlen.c.obj (.text:strlen)
                  000071c0    00000012                                   : wcslen.c.obj (.text:wcslen)
                  000071d2    00000010     driverlib.lib : interrupt.obj (.text:IntMasterEnable)
                  000071e2    00000010     lcd.obj (.text:lcd_clear)
                  000071f2    0000000e     rtsv7M4_T_le_v4SPD16_eabi.lib : copy_decompress_none.c.obj (.text:decompress:none:__TI_decompress_none)
                  00007200    0000000c     driverlib.lib : cpu.obj (.text:CPUcpsie)
                  0000720c    0000000c     rtsv7M4_T_le_v4SPD16_eabi.lib : copy_zero_init.c.obj (.text:decompress:ZI:__TI_zero_init)
                  00007218    0000000c     tm4c123gh6pm_startup_ccs.obj (.text)
                  00007224    0000000a     rtsv7M4_T_le_v4SPD16_eabi.lib : sprintf.c.obj (.text:_outc)
                  0000722e    00000002     --HOLE-- [fill = 0]
                  00007230    00000008                                   : errno.c.obj (.text:__aeabi_errno_addr)
                  00007238    00000008                                   : memory.c.obj (.text:malloc)
                  00007240    00000004                                   : pre_init.c.obj (.text:_system_pre_init)
                  00007244    00000004                                   : exit.c.obj (.text:abort:abort)

.const     0    00007248    000002a3     
                  00007248    00000158     rtsv7M4_T_le_v4SPD16_eabi.lib : k_rem_pio2.c.obj (.const:$O1$$)
                  000073a0    00000101                                   : ctype.c.obj (.const:.string:_ctypes_)
                  000074a1    00000004     lcd.obj (.const:.string:lineAddress$1)
                  000074a5    00000003     --HOLE-- [fill = 0]
                  000074a8    00000030     rtsv7M4_T_le_v4SPD16_eabi.lib : e_pow.c.obj (.const:$O1$$)
                  000074d8    0000000f     open_interface.obj (.const:.string:$P$T0$3)
                  000074e7    00000004     lcd.obj (.const:.string:lineAddresses$2)

.cinit     0    000074f0    00000050     
                  000074f0    00000019     (.cinit..data.load) [load image, compression = lzss]
                  00007509    00000003     --HOLE-- [fill = 0]
                  0000750c    0000000c     (__TI_handler_table)
                  00007518    00000008     (.cinit..bss.load) [load image, compression = zero_init]
                  00007520    00000008     (.cinit..vtable.load) [load image, compression = zero_init]
                  00007528    00000018     (__TI_cinit_table)

.init_array 
*          0    00000000    00000000     UNINITIALIZED

.vtable    0    20000000    0000026c     UNINITIALIZED
                  20000000    0000026c     driverlib.lib : interrupt.obj (.vtable)

.stack     0    20000270    00001000     UNINITIALIZED
                  20000270    00000004     rtsv7M4_T_le_v4SPD16_eabi.lib : boot_cortex_m.c.obj (.stack)
                  20000274    00000ffc     --HOLE--

.sysmem    0    20001270    00000400     UNINITIALIZED
                  20001270    00000010     rtsv7M4_T_le_v4SPD16_eabi.lib : memory.c.obj (.sysmem)
                  20001280    000003f0     --HOLE--

.bss       0    20001670    000002c2     UNINITIALIZED
                  20001670    000001e0     (.common:givenDirs)
                  20001850    00000054     lcd.obj (.bss:lastbuffer$3)
                  200018a4    00000034     uart.obj (.bss:data$1)
                  200018d8    00000034     (.common:response)
                  2000190c    00000018     open_interface.obj (.bss:firmware$2)
                  20001924    00000004     (.common:_timeout_ticks)
                  20001928    00000004     (.common:command)
                  2000192c    00000004     (.common:number)
                  20001930    00000001     (.common:flag)
                  20001931    00000001     (.common:uart_data)

.data      0    20001938    00000058     UNINITIALIZED
                  20001938    00000020     open_interface.obj (.data)
                  20001958    00000012     helpers.obj (.data)
                  2000196a    00000001     Timer.obj (.data)
                  2000196b    00000001     --HOLE--
                  2000196c    0000000c     ping.obj (.data)
                  20001978    00000008     rtsv7M4_T_le_v4SPD16_eabi.lib : _lock.c.obj (.data:$O1$$)
                  20001980    00000008                                   : memory.c.obj (.data:$O1$$)
                  20001988    00000004                                   : errno.c.obj (.data)
                  2000198c    00000004     servo.obj (.data)

__llvm_prf_cnts 
*          0    20000000    00000000     UNINITIALIZED

MODULE SUMMARY

       Module                         code    ro data   rw data
       ------                         ----    -------   -------
    .\
       open_interface.obj             3128    15        56     
       helpers.obj                    1812    0         498    
       manual_control.obj             1600    0         60     
       movement.obj                   1168    0         0      
       lcd.obj                        824     8         84     
       ping.obj                       620     0         12     
       tm4c123gh6pm_startup_ccs.obj   12      620       0      
       Timer.obj                      584     0         5      
       uart.obj                       536     0         52     
       adc.obj                        560     0         0      
       servo.obj                      328     0         4      
       main.obj                       194     0         2      
    +--+------------------------------+-------+---------+---------+
       Total:                         11366   643       773    
                                                               
    C:/ti/TivaWare_C_Series-2.2.0.295/driverlib/ccs/Debug/driverlib.lib
       interrupt.obj                  68      0         620    
       cpu.obj                        12      0         0      
    +--+------------------------------+-------+---------+---------+
       Total:                         80      0         620    
                                                               
    C:\ti\ccs1230\ccs\tools\compiler\ti-cgt-arm_20.2.7.LTS\lib\rtsv7M4_T_le_v4SPD16_eabi.lib
       _printfi.c.obj                 4851    0         0      
       e_pow.c.obj                    2512    48        0      
       k_rem_pio2.c.obj               1848    344       0      
       s_sin.c.obj                    1504    0         0      
       e_log.c.obj                    964     0         0      
       memory.c.obj                   728     0         8      
       fd_add_t2.asm.obj              438     0         0      
       k_sin.c.obj                    372     0         0      
       k_cos.c.obj                    368     0         0      
       e_sqrt.c.obj                   344     0         0      
       fd_div_t2.asm.obj              310     0         0      
       s_scalbn.c.obj                 272     0         0      
       fd_cmp_t2.asm.obj              268     0         0      
       ctype.c.obj                    0       257       0      
       fd_mul_t2.asm.obj              252     0         0      
       s_floor.c.obj                  248     0         0      
       s_round.c.obj                  196     0         0      
       memcpy_t2.asm.obj              156     0         0      
       ull_div_t2.asm.obj             150     0         0      
       vsnprintf.c.obj                136     0         0      
       memset_t2.asm.obj              122     0         0      
       fd_tos_t2.asm.obj              110     0         0      
       copy_decompress_lzss.c.obj     104     0         0      
       s_frexp.c.obj                  100     0         0      
       sprintf.c.obj                  98      0         0      
       _ltoa.c.obj                    84      0         0      
       atoi.c.obj                     76      0         0      
       fd_toi_t2.asm.obj              72      0         0      
       autoinit.c.obj                 68      0         0      
       fd_tou_t2.asm.obj              68      0         0      
       fs_tod_t2.asm.obj              56      0         0      
       boot_cortex_m.c.obj            52      0         0      
       i_tofd_t2.asm.obj              46      0         0      
       memccpy.c.obj                  28      0         0      
       s_copysign.c.obj               26      0         0      
       strcmp.c.obj                   24      0         0      
       strchr.c.obj                   22      0         0      
       strcpy.c.obj                   20      0         0      
       strlen.c.obj                   20      0         0      
       wcslen.c.obj                   18      0         0      
       copy_decompress_none.c.obj     14      0         0      
       copy_zero_init.c.obj           12      0         0      
       errno.c.obj                    8       0         4      
       _lock.c.obj                    2       0         8      
       exit.c.obj                     4       0         0      
       pre_init.c.obj                 4       0         0      
       div0.asm.obj                   2       0         0      
    +--+------------------------------+-------+---------+---------+
       Total:                         17177   649       20     
                                                               
       Heap:                          0       0         1024   
       Stack:                         0       0         4096   
       Linker Generated:              0       77        0      
    +--+------------------------------+-------+---------+---------+
       Grand Total:                   28623   1369      6533   


LINKER GENERATED COPY TABLES

__TI_cinit_table @ 00007528 records: 3, size/record: 8, table size: 24
	.data: load addr=000074f0, load size=00000019 bytes, run addr=20001938, run size=00000058 bytes, compression=lzss
	.bss: load addr=00007518, load size=00000008 bytes, run addr=20001670, run size=000002c2 bytes, compression=zero_init
	.vtable: load addr=00007520, load size=00000008 bytes, run addr=20000000, run size=0000026c bytes, compression=zero_init


LINKER GENERATED HANDLER TABLE

__TI_handler_table @ 0000750c records: 3, size/record: 4, table size: 12
	index: 0, handler: __TI_zero_init
	index: 1, handler: __TI_decompress_lzss
	index: 2, handler: __TI_decompress_none


GLOBAL SYMBOLS: SORTED ALPHABETICALLY BY Name 

address   name                          
-------   ----                          
00007245  C$$EXIT                       
00007201  CPUcpsie                      
00000bc3  GPIOF_Handler                 
000071d3  IntMasterEnable               
00006fe1  IntRegister                   
00007219  ResetISR                      
20001270  __STACK_END                   
00001000  __STACK_SIZE                  
20000470  __STACK_TOP                   
00000400  __SYSMEM_SIZE                 
00007528  __TI_CINIT_Base               
00007540  __TI_CINIT_Limit              
0000750c  __TI_Handler_Table_Base       
00007518  __TI_Handler_Table_Limit      
00006e29  __TI_auto_init_nobinit_nopinit
00006bcd  __TI_decompress_lzss          
000071f3  __TI_decompress_none          
00006cef  __TI_ltoa                     
ffffffff  __TI_pprof_out_hndl           
00000e8d  __TI_printfi                  
ffffffff  __TI_prof_data_size           
ffffffff  __TI_prof_data_start          
00000000  __TI_static_base__            
0000720d  __TI_zero_init                
000068f9  __aeabi_cdcmpeq               
000068f9  __aeabi_cdcmple               
0000697f  __aeabi_cdrcmple              
00006b5f  __aeabi_d2f                   
00006de1  __aeabi_d2iz                  
00006e6d  __aeabi_d2uiz                 
000055db  __aeabi_dadd                  
00005e49  __aeabi_ddiv                  
000062b5  __aeabi_dmul                  
000055d1  __aeabi_dsub                  
00007231  __aeabi_errno_addr            
00006fa9  __aeabi_f2d                   
00007079  __aeabi_i2d                   
00005787  __aeabi_idiv0                 
00005787  __aeabi_ldiv0                 
00006a05  __aeabi_memclr                
00006a05  __aeabi_memclr4               
00006a05  __aeabi_memclr8               
000067c7  __aeabi_memcpy                
000067c7  __aeabi_memcpy4               
000067c7  __aeabi_memcpy8               
00006a07  __aeabi_memset                
00006a07  __aeabi_memset4               
00006a07  __aeabi_memset8               
00006863  __aeabi_uldivmod              
ffffffff  __binit__                     
ffffffff  __c_args__                    
000058fd  __kernel_cos                  
000022ad  __kernel_rem_pio2             
00005789  __kernel_sin                  
UNDEFED   __mpu_init                    
20000270  __stack                       
20000000  __start___llvm_prf_cnts       
20000000  __stop___llvm_prf_cnts        
00007015  _c_int00_noargs               
000073a0  _ctypes_                      
20001978  _lock                         
000018db  _nop                          
2000196a  _running                      
20001270  _sys_memory                   
UNDEFED   _system_post_cinit            
00007241  _system_pre_init              
20001924  _timeout_ticks                
2000197c  _unlock                       
00007245  abort                         
00004fb9  adc_init                      
00005037  adc_read                      
000061b5  aligned_alloc                 
00006d95  atoi                          
00003d3d  avoid_obstacle                
ffffffff  binit                         
0000404d  boundAvoid                    
00003fef  boundDetect                   
00003d19  bumped                        
20001960  c                             
00006f71  calloc                        
20001928  command                       
00005063  convertRawIR                  
00007109  copysign                      
00007109  copysignl                     
00004c7d  delta_to_distance             
00003429  drive                         
20001974  edgeCount                     
20001988  errno                         
2000198c  falling_edge                  
000029e5  findRC                        
20001930  flag                          
000063b1  floor                         
000063b1  floorl                        
000064a9  free                          
00006c35  frexp                         
00006c35  frexpl                        
20000000  g_pfnRAMVectors               
00000000  g_pfnVectors                  
00002be7  getSocket                     
20001670  givenDirs                     
0000097f  go_charge                     
0000415b  holeAvoid                     
00004105  holeDetect                    
00005155  irFindC                       
000050b1  irFindR                       
00002b39  itoa                          
000071e3  lcd_clear                     
00004741  lcd_gotoLine                  
000045a9  lcd_init                      
000047a7  lcd_printf                    
00004669  lcd_putc                      
000046a1  lcd_puts                      
0000456d  lcd_reverseNibble             
000046bf  lcd_sendCommand               
000046fd  lcd_sendNibble                
00004769  lcd_setCursorPos              
000060a5  ldexp                         
000060a5  ldexpl                        
000041a9  log                           
000041a9  logl                          
00006651  main                          
00007239  malloc                        
000061b5  memalign                      
000070ed  memccpy                       
000067c7  memcpy                        
00006a0d  memset                        
20001938  motor_cal_factor_L            
2000193c  motor_cal_factor_R            
00003d9f  move_backward                 
00003e33  move_forward                  
20001968  numDirs                       
2000192c  number                        
0000026d  oi_alloc                      
00000aa9  oi_checkFirmware              
000002c7  oi_close                      
00000279  oi_free                       
00000ded  oi_getMotorCalibrationLeft    
00000e01  oi_getMotorCalibrationRight   
000002b1  oi_init                       
00000289  oi_init_noupdate              
00000915  oi_loadSong                   
00007153  oi_parseInt                   
0000032b  oi_parsePacket                
0000096b  oi_play_song                  
0000084b  oi_setLeds                    
00000db1  oi_setMotorCalibration        
0000088f  oi_setWheels                  
00000b51  oi_shutoff_init               
0000098d  oi_uartInit                   
00000a31  oi_uartReceive                
00000a77  oi_uartSendBuff               
00000a15  oi_uartSendChar               
00000a59  oi_uartSendStr                
000002d9  oi_update                     
00004b05  ping_init                     
00004c3b  ping_interrupt_handler        
00004cd5  ping_read                     
000018dd  pow                           
000018dd  powl                          
20001958  r                             
000030f9  receive_number                
200018d8  response                      
00002ae7  reverse                       
00003065  reverseDirections             
0000658d  round                         
0000658d  roundl                        
000060a5  scalbn                        
000060a5  scalbnl                       
00002bfb  scan180                       
00002cad  scnrAnalysis                  
00005bc5  servo_init                    
00005c3f  servo_move                    
0000409d  shinyDetect                   
00003739  sin                           
00003739  sinl                          
00006eb1  sprintf                       
00005a6d  sqrt                          
00005a6d  sqrtl                         
00007183  strchr                        
0000716b  strcmp                        
00007199  strcpy                        
000071ad  strlen                        
2000196c  timeFallingEdge               
20001970  timeRisingEdge                
00004e8f  timer_getMicros               
00004e37  timer_getMillis               
00004d71  timer_init                    
00004e13  timer_pause                   
00004e25  timer_resume                  
00004de9  timer_stop                    
00004ee9  timer_waitMicros              
00004f1b  timer_waitMillis              
00002fe5  trackAngles                   
00003025  trackDistance                 
00004bbd  trigger_ping                  
00003ee3  turn_clockwise                
00003f71  turn_counter_clockwise        
20001931  uart_data                     
000051e9  uart_init                     
0000538d  uart_interrupt_handler        
0000536d  uart_interrupt_init           
000052bb  uart_receive                  
000052e5  uart_receive_blocking         
00005305  uart_receive_server           
0000528b  uart_sendChar                 
0000533f  uart_sendStr                  
000031db  user_move_backward            
00003195  user_move_forward             
0000315b  user_turn_clockwise           
00003121  user_turn_counterclockwise    
00006ef1  vsnprintf                     
000071c1  wcslen                        


GLOBAL SYMBOLS: SORTED BY Symbol Address 

address   name                          
-------   ----                          
00000000  __TI_static_base__            
00000000  g_pfnVectors                  
0000026d  oi_alloc                      
00000279  oi_free                       
00000289  oi_init_noupdate              
000002b1  oi_init                       
000002c7  oi_close                      
000002d9  oi_update                     
0000032b  oi_parsePacket                
00000400  __SYSMEM_SIZE                 
0000084b  oi_setLeds                    
0000088f  oi_setWheels                  
00000915  oi_loadSong                   
0000096b  oi_play_song                  
0000097f  go_charge                     
0000098d  oi_uartInit                   
00000a15  oi_uartSendChar               
00000a31  oi_uartReceive                
00000a59  oi_uartSendStr                
00000a77  oi_uartSendBuff               
00000aa9  oi_checkFirmware              
00000b51  oi_shutoff_init               
00000bc3  GPIOF_Handler                 
00000db1  oi_setMotorCalibration        
00000ded  oi_getMotorCalibrationLeft    
00000e01  oi_getMotorCalibrationRight   
00000e8d  __TI_printfi                  
00001000  __STACK_SIZE                  
000018db  _nop                          
000018dd  pow                           
000018dd  powl                          
000022ad  __kernel_rem_pio2             
000029e5  findRC                        
00002ae7  reverse                       
00002b39  itoa                          
00002be7  getSocket                     
00002bfb  scan180                       
00002cad  scnrAnalysis                  
00002fe5  trackAngles                   
00003025  trackDistance                 
00003065  reverseDirections             
000030f9  receive_number                
00003121  user_turn_counterclockwise    
0000315b  user_turn_clockwise           
00003195  user_move_forward             
000031db  user_move_backward            
00003429  drive                         
00003739  sin                           
00003739  sinl                          
00003d19  bumped                        
00003d3d  avoid_obstacle                
00003d9f  move_backward                 
00003e33  move_forward                  
00003ee3  turn_clockwise                
00003f71  turn_counter_clockwise        
00003fef  boundDetect                   
0000404d  boundAvoid                    
0000409d  shinyDetect                   
00004105  holeDetect                    
0000415b  holeAvoid                     
000041a9  log                           
000041a9  logl                          
0000456d  lcd_reverseNibble             
000045a9  lcd_init                      
00004669  lcd_putc                      
000046a1  lcd_puts                      
000046bf  lcd_sendCommand               
000046fd  lcd_sendNibble                
00004741  lcd_gotoLine                  
00004769  lcd_setCursorPos              
000047a7  lcd_printf                    
00004b05  ping_init                     
00004bbd  trigger_ping                  
00004c3b  ping_interrupt_handler        
00004c7d  delta_to_distance             
00004cd5  ping_read                     
00004d71  timer_init                    
00004de9  timer_stop                    
00004e13  timer_pause                   
00004e25  timer_resume                  
00004e37  timer_getMillis               
00004e8f  timer_getMicros               
00004ee9  timer_waitMicros              
00004f1b  timer_waitMillis              
00004fb9  adc_init                      
00005037  adc_read                      
00005063  convertRawIR                  
000050b1  irFindR                       
00005155  irFindC                       
000051e9  uart_init                     
0000528b  uart_sendChar                 
000052bb  uart_receive                  
000052e5  uart_receive_blocking         
00005305  uart_receive_server           
0000533f  uart_sendStr                  
0000536d  uart_interrupt_init           
0000538d  uart_interrupt_handler        
000055d1  __aeabi_dsub                  
000055db  __aeabi_dadd                  
00005787  __aeabi_idiv0                 
00005787  __aeabi_ldiv0                 
00005789  __kernel_sin                  
000058fd  __kernel_cos                  
00005a6d  sqrt                          
00005a6d  sqrtl                         
00005bc5  servo_init                    
00005c3f  servo_move                    
00005e49  __aeabi_ddiv                  
000060a5  ldexp                         
000060a5  ldexpl                        
000060a5  scalbn                        
000060a5  scalbnl                       
000061b5  aligned_alloc                 
000061b5  memalign                      
000062b5  __aeabi_dmul                  
000063b1  floor                         
000063b1  floorl                        
000064a9  free                          
0000658d  round                         
0000658d  roundl                        
00006651  main                          
000067c7  __aeabi_memcpy                
000067c7  __aeabi_memcpy4               
000067c7  __aeabi_memcpy8               
000067c7  memcpy                        
00006863  __aeabi_uldivmod              
000068f9  __aeabi_cdcmpeq               
000068f9  __aeabi_cdcmple               
0000697f  __aeabi_cdrcmple              
00006a05  __aeabi_memclr                
00006a05  __aeabi_memclr4               
00006a05  __aeabi_memclr8               
00006a07  __aeabi_memset                
00006a07  __aeabi_memset4               
00006a07  __aeabi_memset8               
00006a0d  memset                        
00006b5f  __aeabi_d2f                   
00006bcd  __TI_decompress_lzss          
00006c35  frexp                         
00006c35  frexpl                        
00006cef  __TI_ltoa                     
00006d95  atoi                          
00006de1  __aeabi_d2iz                  
00006e29  __TI_auto_init_nobinit_nopinit
00006e6d  __aeabi_d2uiz                 
00006eb1  sprintf                       
00006ef1  vsnprintf                     
00006f71  calloc                        
00006fa9  __aeabi_f2d                   
00006fe1  IntRegister                   
00007015  _c_int00_noargs               
00007079  __aeabi_i2d                   
000070ed  memccpy                       
00007109  copysign                      
00007109  copysignl                     
00007153  oi_parseInt                   
0000716b  strcmp                        
00007183  strchr                        
00007199  strcpy                        
000071ad  strlen                        
000071c1  wcslen                        
000071d3  IntMasterEnable               
000071e3  lcd_clear                     
000071f3  __TI_decompress_none          
00007201  CPUcpsie                      
0000720d  __TI_zero_init                
00007219  ResetISR                      
00007231  __aeabi_errno_addr            
00007239  malloc                        
00007241  _system_pre_init              
00007245  C$$EXIT                       
00007245  abort                         
000073a0  _ctypes_                      
0000750c  __TI_Handler_Table_Base       
00007518  __TI_Handler_Table_Limit      
00007528  __TI_CINIT_Base               
00007540  __TI_CINIT_Limit              
20000000  __start___llvm_prf_cnts       
20000000  __stop___llvm_prf_cnts        
20000000  g_pfnRAMVectors               
20000270  __stack                       
20000470  __STACK_TOP                   
20001270  __STACK_END                   
20001270  _sys_memory                   
20001670  givenDirs                     
200018d8  response                      
20001924  _timeout_ticks                
20001928  command                       
2000192c  number                        
20001930  flag                          
20001931  uart_data                     
20001938  motor_cal_factor_L            
2000193c  motor_cal_factor_R            
20001958  r                             
20001960  c                             
20001968  numDirs                       
2000196a  _running                      
2000196c  timeFallingEdge               
20001970  timeRisingEdge                
20001974  edgeCount                     
20001978  _lock                         
2000197c  _unlock                       
20001988  errno                         
2000198c  falling_edge                  
ffffffff  __TI_pprof_out_hndl           
ffffffff  __TI_prof_data_size           
ffffffff  __TI_prof_data_start          
ffffffff  __binit__                     
ffffffff  __c_args__                    
ffffffff  binit                         
UNDEFED   __mpu_init                    
UNDEFED   _system_post_cinit            

[212 symbols]
