******************************************************************************
                  TI ARM Linker PC v20.2.7                     
******************************************************************************
>> Linked Wed Dec  6 12:21:22 2023

OUTPUT FILE NAME:   <project.out>
ENTRY POINT SYMBOL: "_c_int00_noargs"  address: 00007a61


MEMORY CONFIGURATION

         name            origin    length      used     unused   attr    fill
----------------------  --------  ---------  --------  --------  ----  --------
  FLASH                 00000000   00040000  00007fd7  00038029  R  X
  SRAM                  20000000   00008000  000011aa  00006e56  RW X


SEGMENT ALLOCATION MAP

run origin  load origin   length   init length attrs members
----------  ----------- ---------- ----------- ----- -------
00000000    00000000    00007fe0   00007fe0    r-x
  00000000    00000000    0000026c   0000026c    r-- .intvecs
  0000026c    0000026c    00007a28   00007a28    r-x .text
  00007c98    00007c98    000002db   000002db    r-- .const
  00007f78    00007f78    00000068   00000068    r-- .cinit
20000000    20000000    000011b4   00000000    rw-
  20000000    20000000    0000026c   00000000    rw- .vtable
  20000270    20000270    00000800   00000000    rw- .stack
  20000a70    20000a70    00000400   00000000    rw- .sysmem
  20000e70    20000e70    000002da   00000000    rw- .bss
  20001150    20001150    00000064   00000000    rw- .data


SECTION ALLOCATION MAP

 output                                  attributes/
section   page    origin      length       input sections
--------  ----  ----------  ----------   ----------------
.intvecs   0    00000000    0000026c     
                  00000000    0000026c     tm4c123gh6pm_startup_ccs.obj (.intvecs)

.text      0    0000026c    00007a28     
                  0000026c    00000c20     open_interface.obj (.text)
                  00000e8c    00000a4e     rtsv7M4_T_le_v4SPD16_eabi.lib : _printfi.c.obj (.text:__TI_printfi)
                  000018da    00000002                                   : _lock.c.obj (.text:_nop)
                  000018dc    000009d0                                   : e_pow.c.obj (.text:pow)
                  000022ac    000007ec     movement.obj (.text)
                  00002a98    00000798     helpers.obj (.text)
                  00003230    00000738     rtsv7M4_T_le_v4SPD16_eabi.lib : k_rem_pio2.c.obj (.text:__kernel_rem_pio2)
                  00003968    00000736     manual_control.obj (.text)
                  0000409e    00000002     rtsv7M4_T_le_v4SPD16_eabi.lib : div0.asm.obj (.text)
                  000040a0    000005e0                                   : s_sin.c.obj (.text:sin)
                  00004680    000005dc                                   : s_cos.c.obj (.text:cos)
                  00004c5c    000003c4                                   : e_log.c.obj (.text:log)
                  00005020    00000328     lcd.obj (.text)
                  00005348    00000270     rtsv7M4_T_le_v4SPD16_eabi.lib : _printfi.c.obj (.text:_pconv_a)
                  000055b8    0000026c     ping.obj (.text)
                  00005824    00000248     Timer.obj (.text)
                  00005a6c    00000230     adc.obj (.text)
                  00005c9c    00000218     uart.obj (.text)
                  00005eb4    000001d0     rtsv7M4_T_le_v4SPD16_eabi.lib : _printfi.c.obj (.text:_pconv_g)
                  00006084    000001b6                                   : fd_add_t2.asm.obj (.text)
                  0000623a    00000002     --HOLE-- [fill = 0]
                  0000623c    00000174                                   : k_sin.c.obj (.text:__kernel_sin)
                  000063b0    00000170                                   : k_cos.c.obj (.text:__kernel_cos)
                  00006520    00000158                                   : e_sqrt.c.obj (.text:sqrt)
                  00006678    00000144     servo.obj (.text)
                  000067bc    0000013c     rtsv7M4_T_le_v4SPD16_eabi.lib : _printfi.c.obj (.text:_pconv_e)
                  000068f8    00000136                                   : fd_div_t2.asm.obj (.text)
                  00006a2e    00000002     --HOLE-- [fill = 0]
                  00006a30    00000124                                   : _printfi.c.obj (.text:fcvt)
                  00006b54    00000110                                   : s_scalbn.c.obj (.text:scalbn)
                  00006c64    00000100                                   : memory.c.obj (.text:aligned_alloc)
                  00006d64    000000fc                                   : fd_mul_t2.asm.obj (.text)
                  00006e60    000000f8                                   : s_floor.c.obj (.text:floor)
                  00006f58    000000e4                                   : memory.c.obj (.text:free)
                  0000703c    000000c4                                   : s_round.c.obj (.text:round)
                  00007100    000000b1                                   : _printfi.c.obj (.text:_ltostr)
                  000071b1    00000001     --HOLE-- [fill = 0]
                  000071b2    0000009c                                   : memcpy_t2.asm.obj (.text)
                  0000724e    00000096                                   : ull_div_t2.asm.obj (.text)
                  000072e4    00000086                                   : fd_cmp_t2.asm.obj (.text:__aeabi_cdcmple)
                  0000736a    00000086                                   : fd_cmp_t2.asm.obj (.text:__aeabi_cdrcmple)
                  000073f0    0000007a                                   : memset_t2.asm.obj (.text)
                  0000746a    00000002     --HOLE-- [fill = 0]
                  0000746c    00000070                                   : memory.c.obj (.text:split)
                  000074dc    0000006e                                   : _printfi.c.obj (.text:_mcpy)
                  0000754a    0000006e                                   : fd_tos_t2.asm.obj (.text)
                  000075b8    00000068                                   : copy_decompress_lzss.c.obj (.text:decompress:lzss:__TI_decompress_lzss)
                  00007620    00000064                                   : s_frexp.c.obj (.text:frexp)
                  00007684    00000060     main.obj (.text)
                  000076e4    00000056     rtsv7M4_T_le_v4SPD16_eabi.lib : _printfi.c.obj (.text:_pconv_f)
                  0000773a    00000054                                   : _ltoa.c.obj (.text:__TI_ltoa)
                  0000778e    00000052                                   : _printfi.c.obj (.text:_ecpy)
                  000077e0    0000004c                                   : atoi.c.obj (.text:atoi)
                  0000782c    00000048                                   : fd_toi_t2.asm.obj (.text)
                  00007874    00000044                                   : autoinit.c.obj (.text:__TI_auto_init_nobinit_nopinit:__TI_auto_init_nobinit_nopinit)
                  000078b8    00000044                                   : fd_tou_t2.asm.obj (.text)
                  000078fc    00000040                                   : sprintf.c.obj (.text:sprintf)
                  0000793c    00000040                                   : vsnprintf.c.obj (.text:vsnprintf)
                  0000797c    0000003e                                   : _printfi.c.obj (.text:_fcpy)
                  000079ba    00000002     --HOLE-- [fill = 0]
                  000079bc    00000038                                   : memory.c.obj (.text:calloc)
                  000079f4    00000038                                   : fs_tod_t2.asm.obj (.text)
                  00007a2c    00000034     driverlib.lib : interrupt.obj (.text:IntRegister)
                  00007a60    00000034     rtsv7M4_T_le_v4SPD16_eabi.lib : boot_cortex_m.c.obj (.text:_c_int00_noargs:_c_int00_noargs)
                  00007a94    00000030                                   : vsnprintf.c.obj (.text:_outs)
                  00007ac4    0000002e                                   : i_tofd_t2.asm.obj (.text)
                  00007af2    00000002     --HOLE-- [fill = 0]
                  00007af4    00000028                                   : memory.c.obj (.text:free_list_insert)
                  00007b1c    0000001c                                   : memory.c.obj (.text:free_list_remove)
                  00007b38    0000001c                                   : memccpy.c.obj (.text:memccpy)
                  00007b54    0000001a                                   : s_copysign.c.obj (.text:copysign)
                  00007b6e    00000018                                   : vsnprintf.c.obj (.text:_outc)
                  00007b86    00000018                                   : sprintf.c.obj (.text:_outs)
                  00007b9e    00000018     open_interface.obj (.text:oi_parseInt)
                  00007bb6    00000018     rtsv7M4_T_le_v4SPD16_eabi.lib : strcmp.c.obj (.text:strcmp)
                  00007bce    00000016                                   : strchr.c.obj (.text:strchr)
                  00007be4    00000014                                   : strcpy.c.obj (.text:strcpy)
                  00007bf8    00000014                                   : strlen.c.obj (.text:strlen)
                  00007c0c    00000012                                   : wcslen.c.obj (.text:wcslen)
                  00007c1e    00000010     driverlib.lib : interrupt.obj (.text:IntMasterEnable)
                  00007c2e    00000010     lcd.obj (.text:lcd_clear)
                  00007c3e    0000000e     rtsv7M4_T_le_v4SPD16_eabi.lib : copy_decompress_none.c.obj (.text:decompress:none:__TI_decompress_none)
                  00007c4c    0000000c     driverlib.lib : cpu.obj (.text:CPUcpsie)
                  00007c58    0000000c     rtsv7M4_T_le_v4SPD16_eabi.lib : copy_zero_init.c.obj (.text:decompress:ZI:__TI_zero_init)
                  00007c64    0000000c     tm4c123gh6pm_startup_ccs.obj (.text)
                  00007c70    0000000a     rtsv7M4_T_le_v4SPD16_eabi.lib : sprintf.c.obj (.text:_outc)
                  00007c7a    00000002     --HOLE-- [fill = 0]
                  00007c7c    00000008                                   : errno.c.obj (.text:__aeabi_errno_addr)
                  00007c84    00000008                                   : memory.c.obj (.text:malloc)
                  00007c8c    00000004                                   : pre_init.c.obj (.text:_system_pre_init)
                  00007c90    00000004                                   : exit.c.obj (.text:abort:abort)

.const     0    00007c98    000002db     
                  00007c98    00000158     rtsv7M4_T_le_v4SPD16_eabi.lib : k_rem_pio2.c.obj (.const:$O1$$)
                  00007df0    00000101                                   : ctype.c.obj (.const:.string:_ctypes_)
                  00007ef1    00000004     lcd.obj (.const:.string:lineAddress$1)
                  00007ef5    00000003     --HOLE-- [fill = 0]
                  00007ef8    00000030     rtsv7M4_T_le_v4SPD16_eabi.lib : e_pow.c.obj (.const:$O1$$)
                  00007f28    0000000f     open_interface.obj (.const:.string:$P$T0$3)
                  00007f37    0000000e     movement.obj (.const:.string:$P$T0$1)
                  00007f45    0000000e     movement.obj (.const:.string:$P$T1$2)
                  00007f53    0000000e     movement.obj (.const:.string:$P$T2$3)
                  00007f61    0000000e     movement.obj (.const:.string:$P$T3$4)
                  00007f6f    00000004     lcd.obj (.const:.string:lineAddresses$2)

.cinit     0    00007f78    00000068     
                  00007f78    00000033     (.cinit..data.load) [load image, compression = lzss]
                  00007fab    00000001     --HOLE-- [fill = 0]
                  00007fac    0000000c     (__TI_handler_table)
                  00007fb8    00000008     (.cinit..bss.load) [load image, compression = zero_init]
                  00007fc0    00000008     (.cinit..vtable.load) [load image, compression = zero_init]
                  00007fc8    00000018     (__TI_cinit_table)

.init_array 
*          0    00000000    00000000     UNINITIALIZED

.vtable    0    20000000    0000026c     UNINITIALIZED
                  20000000    0000026c     driverlib.lib : interrupt.obj (.vtable)

.stack     0    20000270    00000800     UNINITIALIZED
                  20000270    00000004     rtsv7M4_T_le_v4SPD16_eabi.lib : boot_cortex_m.c.obj (.stack)
                  20000274    000007fc     --HOLE--

.sysmem    0    20000a70    00000400     UNINITIALIZED
                  20000a70    00000010     rtsv7M4_T_le_v4SPD16_eabi.lib : memory.c.obj (.sysmem)
                  20000a80    000003f0     --HOLE--

.bss       0    20000e70    000002da     UNINITIALIZED
                  20000e70    000001e0     (.common:givenDirs)
                  20001050    00000054     lcd.obj (.bss:lastbuffer$3)
                  200010a4    00000034     uart.obj (.bss:data$1)
                  200010d8    00000034     (.common:response)
                  2000110c    00000018     open_interface.obj (.bss:firmware$2)
                  20001124    0000000c     (.common:xLocation)
                  20001130    0000000c     (.common:yLocation)
                  2000113c    00000004     (.common:_timeout_ticks)
                  20001140    00000004     (.common:command)
                  20001144    00000004     (.common:number)
                  20001148    00000001     (.common:flag)
                  20001149    00000001     (.common:uart_data)

.data      0    20001150    00000064     UNINITIALIZED
                  20001150    00000020     open_interface.obj (.data)
                  20001170    00000012     helpers.obj (.data)
                  20001182    00000001     Timer.obj (.data)
                  20001183    00000001     --HOLE--
                  20001184    0000000c     movement.obj (.data)
                  20001190    0000000c     ping.obj (.data)
                  2000119c    00000008     rtsv7M4_T_le_v4SPD16_eabi.lib : _lock.c.obj (.data:$O1$$)
                  200011a4    00000008                                   : memory.c.obj (.data:$O1$$)
                  200011ac    00000004                                   : errno.c.obj (.data)
                  200011b0    00000004     servo.obj (.data)

__llvm_prf_cnts 
*          0    20000000    00000000     UNINITIALIZED

MODULE SUMMARY

       Module                         code    ro data   rw data
       ------                         ----    -------   -------
    .\
       open_interface.obj             3128    15        56     
       helpers.obj                    1944    0         498    
       movement.obj                   2028    56        36     
       manual_control.obj             1846    0         60     
       lcd.obj                        824     8         84     
       ping.obj                       620     0         12     
       tm4c123gh6pm_startup_ccs.obj   12      620       0      
       Timer.obj                      584     0         5      
       uart.obj                       536     0         52     
       adc.obj                        560     0         0      
       servo.obj                      324     0         4      
       main.obj                       96      0         2      
    +--+------------------------------+-------+---------+---------+
       Total:                         12502   699       809    
                                                               
    C:/ti/TivaWare_C_Series-2.2.0.295/driverlib/ccs/Debug/driverlib.lib
       interrupt.obj                  68      0         620    
       cpu.obj                        12      0         0      
    +--+------------------------------+-------+---------+---------+
       Total:                         80      0         620    
                                                               
    C:\ti\ccs1230\ccs\tools\compiler\ti-cgt-arm_20.2.7.LTS\lib\rtsv7M4_T_le_v4SPD16_eabi.lib
       _printfi.c.obj                 4851    0         0      
       e_pow.c.obj                    2512    48        0      
       k_rem_pio2.c.obj               1848    344       0      
       s_sin.c.obj                    1504    0         0      
       s_cos.c.obj                    1500    0         0      
       e_log.c.obj                    964     0         0      
       memory.c.obj                   728     0         8      
       fd_add_t2.asm.obj              438     0         0      
       k_sin.c.obj                    372     0         0      
       k_cos.c.obj                    368     0         0      
       e_sqrt.c.obj                   344     0         0      
       fd_div_t2.asm.obj              310     0         0      
       s_scalbn.c.obj                 272     0         0      
       fd_cmp_t2.asm.obj              268     0         0      
       ctype.c.obj                    0       257       0      
       fd_mul_t2.asm.obj              252     0         0      
       s_floor.c.obj                  248     0         0      
       s_round.c.obj                  196     0         0      
       memcpy_t2.asm.obj              156     0         0      
       ull_div_t2.asm.obj             150     0         0      
       vsnprintf.c.obj                136     0         0      
       memset_t2.asm.obj              122     0         0      
       fd_tos_t2.asm.obj              110     0         0      
       copy_decompress_lzss.c.obj     104     0         0      
       s_frexp.c.obj                  100     0         0      
       sprintf.c.obj                  98      0         0      
       _ltoa.c.obj                    84      0         0      
       atoi.c.obj                     76      0         0      
       fd_toi_t2.asm.obj              72      0         0      
       autoinit.c.obj                 68      0         0      
       fd_tou_t2.asm.obj              68      0         0      
       fs_tod_t2.asm.obj              56      0         0      
       boot_cortex_m.c.obj            52      0         0      
       i_tofd_t2.asm.obj              46      0         0      
       memccpy.c.obj                  28      0         0      
       s_copysign.c.obj               26      0         0      
       strcmp.c.obj                   24      0         0      
       strchr.c.obj                   22      0         0      
       strcpy.c.obj                   20      0         0      
       strlen.c.obj                   20      0         0      
       wcslen.c.obj                   18      0         0      
       copy_decompress_none.c.obj     14      0         0      
       copy_zero_init.c.obj           12      0         0      
       errno.c.obj                    8       0         4      
       _lock.c.obj                    2       0         8      
       exit.c.obj                     4       0         0      
       pre_init.c.obj                 4       0         0      
       div0.asm.obj                   2       0         0      
    +--+------------------------------+-------+---------+---------+
       Total:                         18677   649       20     
                                                               
       Heap:                          0       0         1024   
       Stack:                         0       0         2048   
       Linker Generated:              0       103       0      
    +--+------------------------------+-------+---------+---------+
       Grand Total:                   31259   1451      4521   


LINKER GENERATED COPY TABLES

__TI_cinit_table @ 00007fc8 records: 3, size/record: 8, table size: 24
	.data: load addr=00007f78, load size=00000033 bytes, run addr=20001150, run size=00000064 bytes, compression=lzss
	.bss: load addr=00007fb8, load size=00000008 bytes, run addr=20000e70, run size=000002da bytes, compression=zero_init
	.vtable: load addr=00007fc0, load size=00000008 bytes, run addr=20000000, run size=0000026c bytes, compression=zero_init


LINKER GENERATED HANDLER TABLE

__TI_handler_table @ 00007fac records: 3, size/record: 4, table size: 12
	index: 0, handler: __TI_zero_init
	index: 1, handler: __TI_decompress_lzss
	index: 2, handler: __TI_decompress_none


GLOBAL SYMBOLS: SORTED ALPHABETICALLY BY Name 

address   name                          
-------   ----                          
00007c91  C$$EXIT                       
00007c4d  CPUcpsie                      
00000bc3  GPIOF_Handler                 
00007c1f  IntMasterEnable               
00007a2d  IntRegister                   
00007c65  ResetISR                      
20000a70  __STACK_END                   
00000800  __STACK_SIZE                  
20000470  __STACK_TOP                   
00000400  __SYSMEM_SIZE                 
00007fc8  __TI_CINIT_Base               
00007fe0  __TI_CINIT_Limit              
00007fac  __TI_Handler_Table_Base       
00007fb8  __TI_Handler_Table_Limit      
00007875  __TI_auto_init_nobinit_nopinit
000075b9  __TI_decompress_lzss          
00007c3f  __TI_decompress_none          
0000773b  __TI_ltoa                     
ffffffff  __TI_pprof_out_hndl           
00000e8d  __TI_printfi                  
ffffffff  __TI_prof_data_size           
ffffffff  __TI_prof_data_start          
00000000  __TI_static_base__            
00007c59  __TI_zero_init                
000072e5  __aeabi_cdcmpeq               
000072e5  __aeabi_cdcmple               
0000736b  __aeabi_cdrcmple              
0000754b  __aeabi_d2f                   
0000782d  __aeabi_d2iz                  
000078b9  __aeabi_d2uiz                 
0000608f  __aeabi_dadd                  
000068f9  __aeabi_ddiv                  
00006d65  __aeabi_dmul                  
00006085  __aeabi_dsub                  
00007c7d  __aeabi_errno_addr            
000079f5  __aeabi_f2d                   
00007ac5  __aeabi_i2d                   
0000409f  __aeabi_idiv0                 
0000409f  __aeabi_ldiv0                 
000073f1  __aeabi_memclr                
000073f1  __aeabi_memclr4               
000073f1  __aeabi_memclr8               
000071b3  __aeabi_memcpy                
000071b3  __aeabi_memcpy4               
000071b3  __aeabi_memcpy8               
000073f3  __aeabi_memset                
000073f3  __aeabi_memset4               
000073f3  __aeabi_memset8               
0000724f  __aeabi_uldivmod              
ffffffff  __binit__                     
ffffffff  __c_args__                    
000063b1  __kernel_cos                  
00003231  __kernel_rem_pio2             
0000623d  __kernel_sin                  
UNDEFED   __mpu_init                    
20000270  __stack                       
20000000  __start___llvm_prf_cnts       
20000000  __stop___llvm_prf_cnts        
00007a61  _c_int00_noargs               
00007df0  _ctypes_                      
2000119c  _lock                         
000018db  _nop                          
20001182  _running                      
20000a70  _sys_memory                   
UNDEFED   _system_post_cinit            
00007c8d  _system_pre_init              
2000113c  _timeout_ticks                
200011a0  _unlock                       
00007c91  abort                         
00005a6d  adc_init                      
00005aeb  adc_read                      
00006c65  aligned_alloc                 
2000118c  angle                         
000077e1  atoi                          
000022d1  avoid_obstacle                
ffffffff  binit                         
00002353  boundAvoid                    
000022ff  boundDetect                   
000022ad  bumped                        
20001178  c                             
000027f1  calcNewXY                     
000079bd  calloc                        
20001140  command                       
00005b17  convertRawIR                  
00007b55  copysign                      
00007b55  copysignl                     
00004681  cos                           
00004681  cosl                          
00005731  delta_to_distance             
00003c99  drive                         
20001198  edgeCount                     
200011ac  errno                         
200011b0  falling_edge                  
00002a99  findRC                        
20001148  flag                          
00006e61  floor                         
00006e61  floorl                        
0000292d  followDirections              
00006f59  free                          
00007621  frexp                         
00007621  frexpl                        
20000000  g_pfnRAMVectors               
00000000  g_pfnVectors                  
00003219  getNumMoves                   
20000e70  givenDirs                     
0000097f  go_charge                     
000023df  holeAvoid                     
00002393  holeDetect                    
00005c09  irFindC                       
00005b65  irFindR                       
00002bed  itoa                          
00007c2f  lcd_clear                     
000051f5  lcd_gotoLine                  
0000505d  lcd_init                      
0000525b  lcd_printf                    
0000511d  lcd_putc                      
00005155  lcd_puts                      
00005021  lcd_reverseNibble             
00005173  lcd_sendCommand               
000051b1  lcd_sendNibble                
0000521d  lcd_setCursorPos              
00006b55  ldexp                         
00006b55  ldexpl                        
00004c5d  log                           
00004c5d  logl                          
00007685  main                          
00007c85  malloc                        
00006c65  memalign                      
00007b39  memccpy                       
000071b3  memcpy                        
000073f9  memset                        
20001150  motor_cal_factor_L            
20001154  motor_cal_factor_R            
00002461  move_backward                 
00002529  move_forward                  
20001180  numDirs                       
20001144  number                        
0000026d  oi_alloc                      
00000aa9  oi_checkFirmware              
000002c7  oi_close                      
00000279  oi_free                       
00000ded  oi_getMotorCalibrationLeft    
00000e01  oi_getMotorCalibrationRight   
000002b1  oi_init                       
00000289  oi_init_noupdate              
00000915  oi_loadSong                   
00007b9f  oi_parseInt                   
0000032b  oi_parsePacket                
0000096b  oi_play_song                  
0000084b  oi_setLeds                    
00000db1  oi_setMotorCalibration        
0000088f  oi_setWheels                  
00000b51  oi_shutoff_init               
0000098d  oi_uartInit                   
00000a31  oi_uartReceive                
00000a77  oi_uartSendBuff               
00000a15  oi_uartSendChar               
00000a59  oi_uartSendStr                
000002d9  oi_update                     
000055b9  ping_init                     
000056ef  ping_interrupt_handler        
00005789  ping_read                     
000018dd  pow                           
000018dd  powl                          
20001170  r                             
00003969  receive_number                
200010d8  response                      
00002b9b  reverse                       
000031a5  reverseDirections             
0000703d  round                         
0000703d  roundl                        
00006b55  scalbn                        
00006b55  scalbnl                       
00002d0d  scan180                       
00002de1  scnrAnalysis                  
00002c9b  send180                       
00006679  servo_init                    
000066f3  servo_move                    
0000241f  shinyDetect                   
000040a1  sin                           
000040a1  sinl                          
000078fd  sprintf                       
00006521  sqrt                          
00006521  sqrtl                         
00007bcf  strchr                        
00007bb7  strcmp                        
00007be5  strcpy                        
00007bf9  strlen                        
20001190  timeFallingEdge               
20001194  timeRisingEdge                
00005943  timer_getMicros               
000058eb  timer_getMillis               
00005825  timer_init                    
000058c7  timer_pause                   
000058d9  timer_resume                  
0000589d  timer_stop                    
0000599d  timer_waitMicros              
000059cf  timer_waitMillis              
00003119  trackAngles                   
00003159  trackDistance                 
00005671  trigger_ping                  
00002673  turn_clockwise                
00002761  turn_counter_clockwise        
20001149  uart_data                     
00005c9d  uart_init                     
00005e41  uart_interrupt_handler        
00005e21  uart_interrupt_init           
00005d6f  uart_receive                  
00005d99  uart_receive_blocking         
00005db9  uart_receive_server           
00005d3f  uart_sendChar                 
00005df3  uart_sendStr                  
00003a4b  user_move_backward            
00003a05  user_move_forward             
000039cb  user_turn_clockwise           
00003991  user_turn_counterclockwise    
000028df  victory_screech               
0000793d  vsnprintf                     
00007c0d  wcslen                        
20001184  x                             
20001124  xLocation                     
20001188  y                             
20001130  yLocation                     


GLOBAL SYMBOLS: SORTED BY Symbol Address 

address   name                          
-------   ----                          
00000000  __TI_static_base__            
00000000  g_pfnVectors                  
0000026d  oi_alloc                      
00000279  oi_free                       
00000289  oi_init_noupdate              
000002b1  oi_init                       
000002c7  oi_close                      
000002d9  oi_update                     
0000032b  oi_parsePacket                
00000400  __SYSMEM_SIZE                 
00000800  __STACK_SIZE                  
0000084b  oi_setLeds                    
0000088f  oi_setWheels                  
00000915  oi_loadSong                   
0000096b  oi_play_song                  
0000097f  go_charge                     
0000098d  oi_uartInit                   
00000a15  oi_uartSendChar               
00000a31  oi_uartReceive                
00000a59  oi_uartSendStr                
00000a77  oi_uartSendBuff               
00000aa9  oi_checkFirmware              
00000b51  oi_shutoff_init               
00000bc3  GPIOF_Handler                 
00000db1  oi_setMotorCalibration        
00000ded  oi_getMotorCalibrationLeft    
00000e01  oi_getMotorCalibrationRight   
00000e8d  __TI_printfi                  
000018db  _nop                          
000018dd  pow                           
000018dd  powl                          
000022ad  bumped                        
000022d1  avoid_obstacle                
000022ff  boundDetect                   
00002353  boundAvoid                    
00002393  holeDetect                    
000023df  holeAvoid                     
0000241f  shinyDetect                   
00002461  move_backward                 
00002529  move_forward                  
00002673  turn_clockwise                
00002761  turn_counter_clockwise        
000027f1  calcNewXY                     
000028df  victory_screech               
0000292d  followDirections              
00002a99  findRC                        
00002b9b  reverse                       
00002bed  itoa                          
00002c9b  send180                       
00002d0d  scan180                       
00002de1  scnrAnalysis                  
00003119  trackAngles                   
00003159  trackDistance                 
000031a5  reverseDirections             
00003219  getNumMoves                   
00003231  __kernel_rem_pio2             
00003969  receive_number                
00003991  user_turn_counterclockwise    
000039cb  user_turn_clockwise           
00003a05  user_move_forward             
00003a4b  user_move_backward            
00003c99  drive                         
0000409f  __aeabi_idiv0                 
0000409f  __aeabi_ldiv0                 
000040a1  sin                           
000040a1  sinl                          
00004681  cos                           
00004681  cosl                          
00004c5d  log                           
00004c5d  logl                          
00005021  lcd_reverseNibble             
0000505d  lcd_init                      
0000511d  lcd_putc                      
00005155  lcd_puts                      
00005173  lcd_sendCommand               
000051b1  lcd_sendNibble                
000051f5  lcd_gotoLine                  
0000521d  lcd_setCursorPos              
0000525b  lcd_printf                    
000055b9  ping_init                     
00005671  trigger_ping                  
000056ef  ping_interrupt_handler        
00005731  delta_to_distance             
00005789  ping_read                     
00005825  timer_init                    
0000589d  timer_stop                    
000058c7  timer_pause                   
000058d9  timer_resume                  
000058eb  timer_getMillis               
00005943  timer_getMicros               
0000599d  timer_waitMicros              
000059cf  timer_waitMillis              
00005a6d  adc_init                      
00005aeb  adc_read                      
00005b17  convertRawIR                  
00005b65  irFindR                       
00005c09  irFindC                       
00005c9d  uart_init                     
00005d3f  uart_sendChar                 
00005d6f  uart_receive                  
00005d99  uart_receive_blocking         
00005db9  uart_receive_server           
00005df3  uart_sendStr                  
00005e21  uart_interrupt_init           
00005e41  uart_interrupt_handler        
00006085  __aeabi_dsub                  
0000608f  __aeabi_dadd                  
0000623d  __kernel_sin                  
000063b1  __kernel_cos                  
00006521  sqrt                          
00006521  sqrtl                         
00006679  servo_init                    
000066f3  servo_move                    
000068f9  __aeabi_ddiv                  
00006b55  ldexp                         
00006b55  ldexpl                        
00006b55  scalbn                        
00006b55  scalbnl                       
00006c65  aligned_alloc                 
00006c65  memalign                      
00006d65  __aeabi_dmul                  
00006e61  floor                         
00006e61  floorl                        
00006f59  free                          
0000703d  round                         
0000703d  roundl                        
000071b3  __aeabi_memcpy                
000071b3  __aeabi_memcpy4               
000071b3  __aeabi_memcpy8               
000071b3  memcpy                        
0000724f  __aeabi_uldivmod              
000072e5  __aeabi_cdcmpeq               
000072e5  __aeabi_cdcmple               
0000736b  __aeabi_cdrcmple              
000073f1  __aeabi_memclr                
000073f1  __aeabi_memclr4               
000073f1  __aeabi_memclr8               
000073f3  __aeabi_memset                
000073f3  __aeabi_memset4               
000073f3  __aeabi_memset8               
000073f9  memset                        
0000754b  __aeabi_d2f                   
000075b9  __TI_decompress_lzss          
00007621  frexp                         
00007621  frexpl                        
00007685  main                          
0000773b  __TI_ltoa                     
000077e1  atoi                          
0000782d  __aeabi_d2iz                  
00007875  __TI_auto_init_nobinit_nopinit
000078b9  __aeabi_d2uiz                 
000078fd  sprintf                       
0000793d  vsnprintf                     
000079bd  calloc                        
000079f5  __aeabi_f2d                   
00007a2d  IntRegister                   
00007a61  _c_int00_noargs               
00007ac5  __aeabi_i2d                   
00007b39  memccpy                       
00007b55  copysign                      
00007b55  copysignl                     
00007b9f  oi_parseInt                   
00007bb7  strcmp                        
00007bcf  strchr                        
00007be5  strcpy                        
00007bf9  strlen                        
00007c0d  wcslen                        
00007c1f  IntMasterEnable               
00007c2f  lcd_clear                     
00007c3f  __TI_decompress_none          
00007c4d  CPUcpsie                      
00007c59  __TI_zero_init                
00007c65  ResetISR                      
00007c7d  __aeabi_errno_addr            
00007c85  malloc                        
00007c8d  _system_pre_init              
00007c91  C$$EXIT                       
00007c91  abort                         
00007df0  _ctypes_                      
00007fac  __TI_Handler_Table_Base       
00007fb8  __TI_Handler_Table_Limit      
00007fc8  __TI_CINIT_Base               
00007fe0  __TI_CINIT_Limit              
20000000  __start___llvm_prf_cnts       
20000000  __stop___llvm_prf_cnts        
20000000  g_pfnRAMVectors               
20000270  __stack                       
20000470  __STACK_TOP                   
20000a70  __STACK_END                   
20000a70  _sys_memory                   
20000e70  givenDirs                     
200010d8  response                      
20001124  xLocation                     
20001130  yLocation                     
2000113c  _timeout_ticks                
20001140  command                       
20001144  number                        
20001148  flag                          
20001149  uart_data                     
20001150  motor_cal_factor_L            
20001154  motor_cal_factor_R            
20001170  r                             
20001178  c                             
20001180  numDirs                       
20001182  _running                      
20001184  x                             
20001188  y                             
2000118c  angle                         
20001190  timeFallingEdge               
20001194  timeRisingEdge                
20001198  edgeCount                     
2000119c  _lock                         
200011a0  _unlock                       
200011ac  errno                         
200011b0  falling_edge                  
ffffffff  __TI_pprof_out_hndl           
ffffffff  __TI_prof_data_size           
ffffffff  __TI_prof_data_start          
ffffffff  __binit__                     
ffffffff  __c_args__                    
ffffffff  binit                         
UNDEFED   __mpu_init                    
UNDEFED   _system_post_cinit            

[223 symbols]
