******************************************************************************
                  TI ARM Linker PC v20.2.7                     
******************************************************************************
>> Linked Wed Nov 29 14:47:34 2023

OUTPUT FILE NAME:   <project.out>
ENTRY POINT SYMBOL: "_c_int00_noargs"  address: 00006dd5


MEMORY CONFIGURATION

         name            origin    length      used     unused   attr    fill
----------------------  --------  ---------  --------  --------  ----  --------
  FLASH                 00000000   00040000  0000731b  00038ce5  R  X
  SRAM                  20000000   00008000  00000fa3  0000705d  RW X


SEGMENT ALLOCATION MAP

run origin  load origin   length   init length attrs members
----------  ----------- ---------- ----------- ----- -------
00000000    00000000    00007320   00007320    r-x
  00000000    00000000    0000026c   0000026c    r-- .intvecs
  0000026c    0000026c    00006dac   00006dac    r-x .text
  00007018    00007018    000002a3   000002a3    r-- .const
  000072c0    000072c0    00000060   00000060    r-- .cinit
20000000    20000000    00000fad   00000000    rw-
  20000000    20000000    0000026c   00000000    rw- .vtable
  20000270    20000270    00000800   00000000    rw- .stack
  20000a70    20000a70    00000400   00000000    rw- .sysmem
  20000e70    20000e70    000000e2   00000000    rw- .bss
  20000f58    20000f58    00000055   00000000    rw- .data


SECTION ALLOCATION MAP

 output                                  attributes/
section   page    origin      length       input sections
--------  ----  ----------  ----------   ----------------
.intvecs   0    00000000    0000026c     
                  00000000    0000026c     tm4c123gh6pm_startup_ccs.obj (.intvecs)

.text      0    0000026c    00006dac     
                  0000026c    00000c20     open_interface.obj (.text)
                  00000e8c    00000a4e     rtsv7M4_T_le_v4SPD16_eabi.lib : _printfi.c.obj (.text:__TI_printfi)
                  000018da    00000002                                   : _lock.c.obj (.text:_nop)
                  000018dc    000009d0                                   : e_pow.c.obj (.text:pow)
                  000022ac    00000738                                   : k_rem_pio2.c.obj (.text:__kernel_rem_pio2)
                  000029e4    00000680     helpers.obj (.text)
                  00003064    00000674     manual_control.obj (.text)
                  000036d8    000005e0     rtsv7M4_T_le_v4SPD16_eabi.lib : s_sin.c.obj (.text:sin)
                  00003cb8    000003c4                                   : e_log.c.obj (.text:log)
                  0000407c    00000330     movement.obj (.text)
                  000043ac    00000328     lcd.obj (.text)
                  000046d4    00000270     rtsv7M4_T_le_v4SPD16_eabi.lib : _printfi.c.obj (.text:_pconv_a)
                  00004944    0000026c     ping.obj (.text)
                  00004bb0    00000248     Timer.obj (.text)
                  00004df8    00000230     adc.obj (.text)
                  00005028    00000218     uart.obj (.text)
                  00005240    000001d0     rtsv7M4_T_le_v4SPD16_eabi.lib : _printfi.c.obj (.text:_pconv_g)
                  00005410    000001b6                                   : fd_add_t2.asm.obj (.text)
                  000055c6    00000002                                   : div0.asm.obj (.text)
                  000055c8    00000174                                   : k_sin.c.obj (.text:__kernel_sin)
                  0000573c    00000170                                   : k_cos.c.obj (.text:__kernel_cos)
                  000058ac    00000158                                   : e_sqrt.c.obj (.text:sqrt)
                  00005a04    00000144     servo.obj (.text)
                  00005b48    0000013c     rtsv7M4_T_le_v4SPD16_eabi.lib : _printfi.c.obj (.text:_pconv_e)
                  00005c84    00000136                                   : fd_div_t2.asm.obj (.text)
                  00005dba    00000002     --HOLE-- [fill = 0]
                  00005dbc    00000124                                   : _printfi.c.obj (.text:fcvt)
                  00005ee0    00000110                                   : s_scalbn.c.obj (.text:scalbn)
                  00005ff0    00000100                                   : memory.c.obj (.text:aligned_alloc)
                  000060f0    000000fc                                   : fd_mul_t2.asm.obj (.text)
                  000061ec    000000f8                                   : s_floor.c.obj (.text:floor)
                  000062e4    000000e4                                   : memory.c.obj (.text:free)
                  000063c8    000000c4                                   : s_round.c.obj (.text:round)
                  0000648c    000000b1                                   : _printfi.c.obj (.text:_ltostr)
                  0000653d    00000001     --HOLE-- [fill = 0]
                  0000653e    0000009c                                   : memcpy_t2.asm.obj (.text)
                  000065da    00000096                                   : ull_div_t2.asm.obj (.text)
                  00006670    00000086                                   : fd_cmp_t2.asm.obj (.text:__aeabi_cdcmple)
                  000066f6    00000086                                   : fd_cmp_t2.asm.obj (.text:__aeabi_cdrcmple)
                  0000677c    0000007a                                   : memset_t2.asm.obj (.text)
                  000067f6    00000002     --HOLE-- [fill = 0]
                  000067f8    00000070                                   : memory.c.obj (.text:split)
                  00006868    0000006e                                   : _printfi.c.obj (.text:_mcpy)
                  000068d6    0000006e                                   : fd_tos_t2.asm.obj (.text)
                  00006944    00000068                                   : copy_decompress_lzss.c.obj (.text:decompress:lzss:__TI_decompress_lzss)
                  000069ac    00000064                                   : s_frexp.c.obj (.text:frexp)
                  00006a10    00000056                                   : _printfi.c.obj (.text:_pconv_f)
                  00006a66    00000054                                   : _ltoa.c.obj (.text:__TI_ltoa)
                  00006aba    00000052                                   : _printfi.c.obj (.text:_ecpy)
                  00006b0c    0000004c                                   : atoi.c.obj (.text:atoi)
                  00006b58    00000048                                   : fd_toi_t2.asm.obj (.text)
                  00006ba0    00000046     main.obj (.text)
                  00006be6    00000002     --HOLE-- [fill = 0]
                  00006be8    00000044     rtsv7M4_T_le_v4SPD16_eabi.lib : autoinit.c.obj (.text:__TI_auto_init_nobinit_nopinit:__TI_auto_init_nobinit_nopinit)
                  00006c2c    00000044                                   : fd_tou_t2.asm.obj (.text)
                  00006c70    00000040                                   : sprintf.c.obj (.text:sprintf)
                  00006cb0    00000040                                   : vsnprintf.c.obj (.text:vsnprintf)
                  00006cf0    0000003e                                   : _printfi.c.obj (.text:_fcpy)
                  00006d2e    00000002     --HOLE-- [fill = 0]
                  00006d30    00000038                                   : memory.c.obj (.text:calloc)
                  00006d68    00000038                                   : fs_tod_t2.asm.obj (.text)
                  00006da0    00000034     driverlib.lib : interrupt.obj (.text:IntRegister)
                  00006dd4    00000034     rtsv7M4_T_le_v4SPD16_eabi.lib : boot_cortex_m.c.obj (.text:_c_int00_noargs:_c_int00_noargs)
                  00006e08    00000030                                   : vsnprintf.c.obj (.text:_outs)
                  00006e38    0000002e                                   : i_tofd_t2.asm.obj (.text)
                  00006e66    00000002     --HOLE-- [fill = 0]
                  00006e68    00000028                                   : memory.c.obj (.text:free_list_insert)
                  00006e90    0000001c                                   : copy_zero_init.c.obj (.text:decompress:ZI:__TI_zero_init_nomemset:__TI_zero_init_nomemset)
                  00006eac    0000001c                                   : memory.c.obj (.text:free_list_remove)
                  00006ec8    0000001c                                   : memccpy.c.obj (.text:memccpy)
                  00006ee4    0000001a                                   : s_copysign.c.obj (.text:copysign)
                  00006efe    00000018                                   : vsnprintf.c.obj (.text:_outc)
                  00006f16    00000018                                   : sprintf.c.obj (.text:_outs)
                  00006f2e    00000018     open_interface.obj (.text:oi_parseInt)
                  00006f46    00000018     rtsv7M4_T_le_v4SPD16_eabi.lib : strcmp.c.obj (.text:strcmp)
                  00006f5e    00000016                                   : strchr.c.obj (.text:strchr)
                  00006f74    00000014                                   : strcpy.c.obj (.text:strcpy)
                  00006f88    00000014                                   : strlen.c.obj (.text:strlen)
                  00006f9c    00000012                                   : wcslen.c.obj (.text:wcslen)
                  00006fae    00000010     driverlib.lib : interrupt.obj (.text:IntMasterEnable)
                  00006fbe    00000010     lcd.obj (.text:lcd_clear)
                  00006fce    0000000e     rtsv7M4_T_le_v4SPD16_eabi.lib : copy_decompress_none.c.obj (.text:decompress:none:__TI_decompress_none)
                  00006fdc    0000000c     driverlib.lib : cpu.obj (.text:CPUcpsie)
                  00006fe8    0000000c     tm4c123gh6pm_startup_ccs.obj (.text)
                  00006ff4    0000000a     rtsv7M4_T_le_v4SPD16_eabi.lib : sprintf.c.obj (.text:_outc)
                  00006ffe    00000002     --HOLE-- [fill = 0]
                  00007000    00000008                                   : errno.c.obj (.text:__aeabi_errno_addr)
                  00007008    00000008                                   : memory.c.obj (.text:malloc)
                  00007010    00000004                                   : pre_init.c.obj (.text:_system_pre_init)
                  00007014    00000004                                   : exit.c.obj (.text:abort:abort)

.const     0    00007018    000002a3     
                  00007018    00000158     rtsv7M4_T_le_v4SPD16_eabi.lib : k_rem_pio2.c.obj (.const:$O1$$)
                  00007170    00000101                                   : ctype.c.obj (.const:.string:_ctypes_)
                  00007271    00000004     lcd.obj (.const:.string:lineAddress$1)
                  00007275    00000003     --HOLE-- [fill = 0]
                  00007278    00000030     rtsv7M4_T_le_v4SPD16_eabi.lib : e_pow.c.obj (.const:$O1$$)
                  000072a8    0000000f     open_interface.obj (.const:.string:$P$T0$3)
                  000072b7    00000004     lcd.obj (.const:.string:lineAddresses$2)

.cinit     0    000072c0    00000060     
                  000072c0    0000002c     (.cinit..data.load) [load image, compression = lzss]
                  000072ec    0000000c     (__TI_handler_table)
                  000072f8    00000008     (.cinit..bss.load) [load image, compression = zero_init]
                  00007300    00000008     (.cinit..vtable.load) [load image, compression = zero_init]
                  00007308    00000018     (__TI_cinit_table)

.init_array 
*          0    00000000    00000000     UNINITIALIZED

.vtable    0    20000000    0000026c     UNINITIALIZED
                  20000000    0000026c     driverlib.lib : interrupt.obj (.vtable)

.stack     0    20000270    00000800     UNINITIALIZED
                  20000270    00000004     rtsv7M4_T_le_v4SPD16_eabi.lib : boot_cortex_m.c.obj (.stack)
                  20000274    000007fc     --HOLE--

.sysmem    0    20000a70    00000400     UNINITIALIZED
                  20000a70    00000010     rtsv7M4_T_le_v4SPD16_eabi.lib : memory.c.obj (.sysmem)
                  20000a80    000003f0     --HOLE--

.bss       0    20000e70    000000e2     UNINITIALIZED
                  20000e70    00000054     lcd.obj (.bss:lastbuffer$3)
                  20000ec4    00000034     uart.obj (.bss:data$1)
                  20000ef8    00000034     (.common:response)
                  20000f2c    00000018     open_interface.obj (.bss:firmware$2)
                  20000f44    00000004     (.common:_timeout_ticks)
                  20000f48    00000004     (.common:command)
                  20000f4c    00000004     (.common:number)
                  20000f50    00000001     (.common:flag)
                  20000f51    00000001     (.common:uart_data)

.data      0    20000f58    00000055     UNINITIALIZED
                  20000f58    00000020     open_interface.obj (.data)
                  20000f78    00000010     helpers.obj (.data)
                  20000f88    0000000c     ping.obj (.data)
                  20000f94    00000008     rtsv7M4_T_le_v4SPD16_eabi.lib : _lock.c.obj (.data:$O1$$)
                  20000f9c    00000008                                   : memory.c.obj (.data:$O1$$)
                  20000fa4    00000004                                   : errno.c.obj (.data)
                  20000fa8    00000004     servo.obj (.data)
                  20000fac    00000001     Timer.obj (.data)

__llvm_prf_cnts 
*          0    20000000    00000000     UNINITIALIZED

MODULE SUMMARY

       Module                         code    ro data   rw data
       ------                         ----    -------   -------
    .\
       open_interface.obj             3128    15        56     
       manual_control.obj             1652    0         60     
       helpers.obj                    1664    0         16     
       lcd.obj                        824     8         84     
       movement.obj                   816     0         0      
       ping.obj                       620     0         12     
       tm4c123gh6pm_startup_ccs.obj   12      620       0      
       Timer.obj                      584     0         5      
       uart.obj                       536     0         52     
       adc.obj                        560     0         0      
       servo.obj                      324     0         4      
       main.obj                       70      0         2      
    +--+------------------------------+-------+---------+---------+
       Total:                         10790   643       291    
                                                               
    C:/ti/TivaWare_C_Series-2.2.0.295/driverlib/ccs/Debug/driverlib.lib
       interrupt.obj                  68      0         620    
       cpu.obj                        12      0         0      
    +--+------------------------------+-------+---------+---------+
       Total:                         80      0         620    
                                                               
    C:\ti\ccs1230\ccs\tools\compiler\ti-cgt-arm_20.2.7.LTS\lib\rtsv7M4_T_le_v4SPD16_eabi.lib
       _printfi.c.obj                 4851    0         0      
       e_pow.c.obj                    2512    48        0      
       k_rem_pio2.c.obj               1848    344       0      
       s_sin.c.obj                    1504    0         0      
       e_log.c.obj                    964     0         0      
       memory.c.obj                   728     0         8      
       fd_add_t2.asm.obj              438     0         0      
       k_sin.c.obj                    372     0         0      
       k_cos.c.obj                    368     0         0      
       e_sqrt.c.obj                   344     0         0      
       fd_div_t2.asm.obj              310     0         0      
       s_scalbn.c.obj                 272     0         0      
       fd_cmp_t2.asm.obj              268     0         0      
       ctype.c.obj                    0       257       0      
       fd_mul_t2.asm.obj              252     0         0      
       s_floor.c.obj                  248     0         0      
       s_round.c.obj                  196     0         0      
       memcpy_t2.asm.obj              156     0         0      
       ull_div_t2.asm.obj             150     0         0      
       vsnprintf.c.obj                136     0         0      
       memset_t2.asm.obj              122     0         0      
       fd_tos_t2.asm.obj              110     0         0      
       copy_decompress_lzss.c.obj     104     0         0      
       s_frexp.c.obj                  100     0         0      
       sprintf.c.obj                  98      0         0      
       _ltoa.c.obj                    84      0         0      
       atoi.c.obj                     76      0         0      
       fd_toi_t2.asm.obj              72      0         0      
       autoinit.c.obj                 68      0         0      
       fd_tou_t2.asm.obj              68      0         0      
       fs_tod_t2.asm.obj              56      0         0      
       boot_cortex_m.c.obj            52      0         0      
       i_tofd_t2.asm.obj              46      0         0      
       copy_zero_init.c.obj           28      0         0      
       memccpy.c.obj                  28      0         0      
       s_copysign.c.obj               26      0         0      
       strcmp.c.obj                   24      0         0      
       strchr.c.obj                   22      0         0      
       strcpy.c.obj                   20      0         0      
       strlen.c.obj                   20      0         0      
       wcslen.c.obj                   18      0         0      
       copy_decompress_none.c.obj     14      0         0      
       errno.c.obj                    8       0         4      
       _lock.c.obj                    2       0         8      
       exit.c.obj                     4       0         0      
       pre_init.c.obj                 4       0         0      
       div0.asm.obj                   2       0         0      
    +--+------------------------------+-------+---------+---------+
       Total:                         17193   649       20     
                                                               
       Heap:                          0       0         1024   
       Stack:                         0       0         2048   
       Linker Generated:              0       96        0      
    +--+------------------------------+-------+---------+---------+
       Grand Total:                   28063   1388      4003   


LINKER GENERATED COPY TABLES

__TI_cinit_table @ 00007308 records: 3, size/record: 8, table size: 24
	.data: load addr=000072c0, load size=0000002c bytes, run addr=20000f58, run size=00000055 bytes, compression=lzss
	.bss: load addr=000072f8, load size=00000008 bytes, run addr=20000e70, run size=000000e2 bytes, compression=zero_init
	.vtable: load addr=00007300, load size=00000008 bytes, run addr=20000000, run size=0000026c bytes, compression=zero_init


LINKER GENERATED HANDLER TABLE

__TI_handler_table @ 000072ec records: 3, size/record: 4, table size: 12
	index: 0, handler: __TI_zero_init
	index: 1, handler: __TI_decompress_lzss
	index: 2, handler: __TI_decompress_none


GLOBAL SYMBOLS: SORTED ALPHABETICALLY BY Name 

address   name                          
-------   ----                          
00007015  C$$EXIT                       
00006fdd  CPUcpsie                      
00000bc3  GPIOF_Handler                 
00006faf  IntMasterEnable               
00006da1  IntRegister                   
00006fe9  ResetISR                      
20000a70  __STACK_END                   
00000800  __STACK_SIZE                  
20000470  __STACK_TOP                   
00000400  __SYSMEM_SIZE                 
00007308  __TI_CINIT_Base               
00007320  __TI_CINIT_Limit              
000072ec  __TI_Handler_Table_Base       
000072f8  __TI_Handler_Table_Limit      
00006be9  __TI_auto_init_nobinit_nopinit
00006945  __TI_decompress_lzss          
00006fcf  __TI_decompress_none          
00006a67  __TI_ltoa                     
ffffffff  __TI_pprof_out_hndl           
00000e8d  __TI_printfi                  
ffffffff  __TI_prof_data_size           
ffffffff  __TI_prof_data_start          
00000000  __TI_static_base__            
00006e91  __TI_zero_init_nomemset       
00006671  __aeabi_cdcmpeq               
00006671  __aeabi_cdcmple               
000066f7  __aeabi_cdrcmple              
000068d7  __aeabi_d2f                   
00006b59  __aeabi_d2iz                  
00006c2d  __aeabi_d2uiz                 
0000541b  __aeabi_dadd                  
00005c85  __aeabi_ddiv                  
000060f1  __aeabi_dmul                  
00005411  __aeabi_dsub                  
00007001  __aeabi_errno_addr            
00006d69  __aeabi_f2d                   
00006e39  __aeabi_i2d                   
000055c7  __aeabi_idiv0                 
000055c7  __aeabi_ldiv0                 
0000677d  __aeabi_memclr                
0000677d  __aeabi_memclr4               
0000677d  __aeabi_memclr8               
0000653f  __aeabi_memcpy                
0000653f  __aeabi_memcpy4               
0000653f  __aeabi_memcpy8               
0000677f  __aeabi_memset                
0000677f  __aeabi_memset4               
0000677f  __aeabi_memset8               
000065db  __aeabi_uldivmod              
ffffffff  __binit__                     
ffffffff  __c_args__                    
0000573d  __kernel_cos                  
000022ad  __kernel_rem_pio2             
000055c9  __kernel_sin                  
UNDEFED   __mpu_init                    
20000270  __stack                       
20000000  __start___llvm_prf_cnts       
20000000  __stop___llvm_prf_cnts        
00006dd5  _c_int00_noargs               
00007170  _ctypes_                      
20000f94  _lock                         
000018db  _nop                          
20000fac  _running                      
20000a70  _sys_memory                   
UNDEFED   _system_post_cinit            
00007011  _system_pre_init              
20000f44  _timeout_ticks                
20000f98  _unlock                       
00007015  abort                         
00004df9  adc_init                      
00004e77  adc_read                      
00005ff1  aligned_alloc                 
00006b0d  atoi                          
000040a1  avoid_obstacle                
ffffffff  binit                         
00004355  boundAvoid                    
000042f7  boundDetect                   
0000407d  bumped                        
20000f80  c                             
00006d31  calloc                        
20000f48  command                       
00004ea3  convertRawIR                  
00006ee5  copysign                      
00006ee5  copysignl                     
00004abd  delta_to_distance             
00003395  drive                         
20000f90  edgeCount                     
20000fa4  errno                         
20000fa8  falling_edge                  
000029e5  findRC                        
20000f50  flag                          
000061ed  floor                         
000061ed  floorl                        
000062e5  free                          
000069ad  frexp                         
000069ad  frexpl                        
20000000  g_pfnRAMVectors               
00000000  g_pfnVectors                  
00002be7  getSocket                     
0000097f  go_charge                     
00004f95  irFindC                       
00004ef1  irFindR                       
00002b39  itoa                          
00006fbf  lcd_clear                     
00004581  lcd_gotoLine                  
000043e9  lcd_init                      
000045e7  lcd_printf                    
000044a9  lcd_putc                      
000044e1  lcd_puts                      
000043ad  lcd_reverseNibble             
000044ff  lcd_sendCommand               
0000453d  lcd_sendNibble                
000045a9  lcd_setCursorPos              
00005ee1  ldexp                         
00005ee1  ldexpl                        
00003cb9  log                           
00003cb9  logl                          
00006ba1  main                          
00007009  malloc                        
00005ff1  memalign                      
00006ec9  memccpy                       
0000653f  memcpy                        
00006785  memset                        
20000f58  motor_cal_factor_L            
20000f5c  motor_cal_factor_R            
00004103  move_backward                 
0000417d  move_forward                  
20000f4c  number                        
0000026d  oi_alloc                      
00000aa9  oi_checkFirmware              
000002c7  oi_close                      
00000279  oi_free                       
00000ded  oi_getMotorCalibrationLeft    
00000e01  oi_getMotorCalibrationRight   
000002b1  oi_init                       
00000289  oi_init_noupdate              
00000915  oi_loadSong                   
00006f2f  oi_parseInt                   
0000032b  oi_parsePacket                
0000096b  oi_play_song                  
0000084b  oi_setLeds                    
00000db1  oi_setMotorCalibration        
0000088f  oi_setWheels                  
00000b51  oi_shutoff_init               
0000098d  oi_uartInit                   
00000a31  oi_uartReceive                
00000a77  oi_uartSendBuff               
00000a15  oi_uartSendChar               
00000a59  oi_uartSendStr                
000002d9  oi_update                     
00004945  ping_init                     
00004a7b  ping_interrupt_handler        
00004b15  ping_read                     
000018dd  pow                           
000018dd  powl                          
20000f78  r                             
00003065  receive_number                
20000ef8  response                      
00002ae7  reverse                       
000063c9  round                         
000063c9  roundl                        
00005ee1  scalbn                        
00005ee1  scalbnl                       
00002c6d  scan180                       
00002d15  scnrAnalysis                  
00002bfb  send180                       
00005a05  servo_init                    
00005a7f  servo_move                    
000036d9  sin                           
000036d9  sinl                          
00006c71  sprintf                       
000058ad  sqrt                          
000058ad  sqrtl                         
00006f5f  strchr                        
00006f47  strcmp                        
00006f75  strcpy                        
00006f89  strlen                        
20000f88  timeFallingEdge               
20000f8c  timeRisingEdge                
00004ccf  timer_getMicros               
00004c77  timer_getMillis               
00004bb1  timer_init                    
00004c53  timer_pause                   
00004c65  timer_resume                  
00004c29  timer_stop                    
00004d29  timer_waitMicros              
00004d5b  timer_waitMillis              
000049fd  trigger_ping                  
0000421f  turn_clockwise                
00004293  turn_counter_clockwise        
20000f51  uart_data                     
00005029  uart_init                     
000051cd  uart_interrupt_handler        
000051ad  uart_interrupt_init           
000050fb  uart_receive                  
00005125  uart_receive_blocking         
00005145  uart_receive_server           
000050cb  uart_sendChar                 
0000517f  uart_sendStr                  
00003147  user_move_backward            
00003101  user_move_forward             
000030c7  user_turn_clockwise           
0000308d  user_turn_counterclockwise    
00006cb1  vsnprintf                     
00006f9d  wcslen                        


GLOBAL SYMBOLS: SORTED BY Symbol Address 

address   name                          
-------   ----                          
00000000  __TI_static_base__            
00000000  g_pfnVectors                  
0000026d  oi_alloc                      
00000279  oi_free                       
00000289  oi_init_noupdate              
000002b1  oi_init                       
000002c7  oi_close                      
000002d9  oi_update                     
0000032b  oi_parsePacket                
00000400  __SYSMEM_SIZE                 
00000800  __STACK_SIZE                  
0000084b  oi_setLeds                    
0000088f  oi_setWheels                  
00000915  oi_loadSong                   
0000096b  oi_play_song                  
0000097f  go_charge                     
0000098d  oi_uartInit                   
00000a15  oi_uartSendChar               
00000a31  oi_uartReceive                
00000a59  oi_uartSendStr                
00000a77  oi_uartSendBuff               
00000aa9  oi_checkFirmware              
00000b51  oi_shutoff_init               
00000bc3  GPIOF_Handler                 
00000db1  oi_setMotorCalibration        
00000ded  oi_getMotorCalibrationLeft    
00000e01  oi_getMotorCalibrationRight   
00000e8d  __TI_printfi                  
000018db  _nop                          
000018dd  pow                           
000018dd  powl                          
000022ad  __kernel_rem_pio2             
000029e5  findRC                        
00002ae7  reverse                       
00002b39  itoa                          
00002be7  getSocket                     
00002bfb  send180                       
00002c6d  scan180                       
00002d15  scnrAnalysis                  
00003065  receive_number                
0000308d  user_turn_counterclockwise    
000030c7  user_turn_clockwise           
00003101  user_move_forward             
00003147  user_move_backward            
00003395  drive                         
000036d9  sin                           
000036d9  sinl                          
00003cb9  log                           
00003cb9  logl                          
0000407d  bumped                        
000040a1  avoid_obstacle                
00004103  move_backward                 
0000417d  move_forward                  
0000421f  turn_clockwise                
00004293  turn_counter_clockwise        
000042f7  boundDetect                   
00004355  boundAvoid                    
000043ad  lcd_reverseNibble             
000043e9  lcd_init                      
000044a9  lcd_putc                      
000044e1  lcd_puts                      
000044ff  lcd_sendCommand               
0000453d  lcd_sendNibble                
00004581  lcd_gotoLine                  
000045a9  lcd_setCursorPos              
000045e7  lcd_printf                    
00004945  ping_init                     
000049fd  trigger_ping                  
00004a7b  ping_interrupt_handler        
00004abd  delta_to_distance             
00004b15  ping_read                     
00004bb1  timer_init                    
00004c29  timer_stop                    
00004c53  timer_pause                   
00004c65  timer_resume                  
00004c77  timer_getMillis               
00004ccf  timer_getMicros               
00004d29  timer_waitMicros              
00004d5b  timer_waitMillis              
00004df9  adc_init                      
00004e77  adc_read                      
00004ea3  convertRawIR                  
00004ef1  irFindR                       
00004f95  irFindC                       
00005029  uart_init                     
000050cb  uart_sendChar                 
000050fb  uart_receive                  
00005125  uart_receive_blocking         
00005145  uart_receive_server           
0000517f  uart_sendStr                  
000051ad  uart_interrupt_init           
000051cd  uart_interrupt_handler        
00005411  __aeabi_dsub                  
0000541b  __aeabi_dadd                  
000055c7  __aeabi_idiv0                 
000055c7  __aeabi_ldiv0                 
000055c9  __kernel_sin                  
0000573d  __kernel_cos                  
000058ad  sqrt                          
000058ad  sqrtl                         
00005a05  servo_init                    
00005a7f  servo_move                    
00005c85  __aeabi_ddiv                  
00005ee1  ldexp                         
00005ee1  ldexpl                        
00005ee1  scalbn                        
00005ee1  scalbnl                       
00005ff1  aligned_alloc                 
00005ff1  memalign                      
000060f1  __aeabi_dmul                  
000061ed  floor                         
000061ed  floorl                        
000062e5  free                          
000063c9  round                         
000063c9  roundl                        
0000653f  __aeabi_memcpy                
0000653f  __aeabi_memcpy4               
0000653f  __aeabi_memcpy8               
0000653f  memcpy                        
000065db  __aeabi_uldivmod              
00006671  __aeabi_cdcmpeq               
00006671  __aeabi_cdcmple               
000066f7  __aeabi_cdrcmple              
0000677d  __aeabi_memclr                
0000677d  __aeabi_memclr4               
0000677d  __aeabi_memclr8               
0000677f  __aeabi_memset                
0000677f  __aeabi_memset4               
0000677f  __aeabi_memset8               
00006785  memset                        
000068d7  __aeabi_d2f                   
00006945  __TI_decompress_lzss          
000069ad  frexp                         
000069ad  frexpl                        
00006a67  __TI_ltoa                     
00006b0d  atoi                          
00006b59  __aeabi_d2iz                  
00006ba1  main                          
00006be9  __TI_auto_init_nobinit_nopinit
00006c2d  __aeabi_d2uiz                 
00006c71  sprintf                       
00006cb1  vsnprintf                     
00006d31  calloc                        
00006d69  __aeabi_f2d                   
00006da1  IntRegister                   
00006dd5  _c_int00_noargs               
00006e39  __aeabi_i2d                   
00006e91  __TI_zero_init_nomemset       
00006ec9  memccpy                       
00006ee5  copysign                      
00006ee5  copysignl                     
00006f2f  oi_parseInt                   
00006f47  strcmp                        
00006f5f  strchr                        
00006f75  strcpy                        
00006f89  strlen                        
00006f9d  wcslen                        
00006faf  IntMasterEnable               
00006fbf  lcd_clear                     
00006fcf  __TI_decompress_none          
00006fdd  CPUcpsie                      
00006fe9  ResetISR                      
00007001  __aeabi_errno_addr            
00007009  malloc                        
00007011  _system_pre_init              
00007015  C$$EXIT                       
00007015  abort                         
00007170  _ctypes_                      
000072ec  __TI_Handler_Table_Base       
000072f8  __TI_Handler_Table_Limit      
00007308  __TI_CINIT_Base               
00007320  __TI_CINIT_Limit              
20000000  __start___llvm_prf_cnts       
20000000  __stop___llvm_prf_cnts        
20000000  g_pfnRAMVectors               
20000270  __stack                       
20000470  __STACK_TOP                   
20000a70  __STACK_END                   
20000a70  _sys_memory                   
20000ef8  response                      
20000f44  _timeout_ticks                
20000f48  command                       
20000f4c  number                        
20000f50  flag                          
20000f51  uart_data                     
20000f58  motor_cal_factor_L            
20000f5c  motor_cal_factor_R            
20000f78  r                             
20000f80  c                             
20000f88  timeFallingEdge               
20000f8c  timeRisingEdge                
20000f90  edgeCount                     
20000f94  _lock                         
20000f98  _unlock                       
20000fa4  errno                         
20000fa8  falling_edge                  
20000fac  _running                      
ffffffff  __TI_pprof_out_hndl           
ffffffff  __TI_prof_data_size           
ffffffff  __TI_prof_data_start          
ffffffff  __binit__                     
ffffffff  __c_args__                    
ffffffff  binit                         
UNDEFED   __mpu_init                    
UNDEFED   _system_post_cinit            

[205 symbols]
