******************************************************************************
                  TI ARM Linker PC v20.2.7                     
******************************************************************************
>> Linked Tue Nov 28 15:07:25 2023

OUTPUT FILE NAME:   <project.out>
ENTRY POINT SYMBOL: "_c_int00_noargs"  address: 00006a3d


MEMORY CONFIGURATION

         name            origin    length      used     unused   attr    fill
----------------------  --------  ---------  --------  --------  ----  --------
  FLASH                 00000000   00040000  00006f73  0003908d  R  X
  SRAM                  20000000   00008000  00000f67  00007099  RW X


SEGMENT ALLOCATION MAP

run origin  load origin   length   init length attrs members
----------  ----------- ---------- ----------- ----- -------
00000000    00000000    00006f78   00006f78    r-x
  00000000    00000000    0000026c   0000026c    r-- .intvecs
  0000026c    0000026c    00006a14   00006a14    r-x .text
  00006c80    00006c80    000002a3   000002a3    r-- .const
  00006f28    00006f28    00000050   00000050    r-- .cinit
20000000    20000000    00000f6d   00000000    rw-
  20000000    20000000    0000026c   00000000    rw- .vtable
  20000270    20000270    00000800   00000000    rw- .stack
  20000a70    20000a70    00000400   00000000    rw- .sysmem
  20000e70    20000e70    000000a6   00000000    rw- .bss
  20000f18    20000f18    00000055   00000000    rw- .data


SECTION ALLOCATION MAP

 output                                  attributes/
section   page    origin      length       input sections
--------  ----  ----------  ----------   ----------------
.intvecs   0    00000000    0000026c     
                  00000000    0000026c     tm4c123gh6pm_startup_ccs.obj (.intvecs)

.text      0    0000026c    00006a14     
                  0000026c    00000c20     open_interface.obj (.text)
                  00000e8c    00000a4e     rtsv7M4_T_le_v4SPD16_eabi.lib : _printfi.c.obj (.text:__TI_printfi)
                  000018da    00000002                                   : _lock.c.obj (.text:_nop)
                  000018dc    000009d0                                   : e_pow.c.obj (.text:pow)
                  000022ac    00000738                                   : k_rem_pio2.c.obj (.text:__kernel_rem_pio2)
                  000029e4    00000618     helpers.obj (.text)
                  00002ffc    000005e0     rtsv7M4_T_le_v4SPD16_eabi.lib : s_sin.c.obj (.text:sin)
                  000035dc    000003c4                                   : e_log.c.obj (.text:log)
                  000039a0    000003b6     manual_control.obj (.text)
                  00003d56    00000002     rtsv7M4_T_le_v4SPD16_eabi.lib : div0.asm.obj (.text)
                  00003d58    00000328     lcd.obj (.text)
                  00004080    0000028c     movement.obj (.text)
                  0000430c    00000270     rtsv7M4_T_le_v4SPD16_eabi.lib : _printfi.c.obj (.text:_pconv_a)
                  0000457c    0000026c     ping.obj (.text)
                  000047e8    00000248     Timer.obj (.text)
                  00004a30    00000230     adc.obj (.text)
                  00004c60    00000218     uart.obj (.text)
                  00004e78    000001d0     rtsv7M4_T_le_v4SPD16_eabi.lib : _printfi.c.obj (.text:_pconv_g)
                  00005048    000001b6                                   : fd_add_t2.asm.obj (.text)
                  000051fe    00000002     --HOLE-- [fill = 0]
                  00005200    00000174                                   : k_sin.c.obj (.text:__kernel_sin)
                  00005374    00000170                                   : k_cos.c.obj (.text:__kernel_cos)
                  000054e4    00000158                                   : e_sqrt.c.obj (.text:sqrt)
                  0000563c    00000148     servo.obj (.text)
                  00005784    0000013c     rtsv7M4_T_le_v4SPD16_eabi.lib : _printfi.c.obj (.text:_pconv_e)
                  000058c0    00000136                                   : fd_div_t2.asm.obj (.text)
                  000059f6    00000002     --HOLE-- [fill = 0]
                  000059f8    00000124                                   : _printfi.c.obj (.text:fcvt)
                  00005b1c    00000110                                   : s_scalbn.c.obj (.text:scalbn)
                  00005c2c    00000100                                   : memory.c.obj (.text:aligned_alloc)
                  00005d2c    000000fc                                   : fd_mul_t2.asm.obj (.text)
                  00005e28    000000f8                                   : s_floor.c.obj (.text:floor)
                  00005f20    000000e4                                   : memory.c.obj (.text:free)
                  00006004    000000c4                                   : s_round.c.obj (.text:round)
                  000060c8    000000b1                                   : _printfi.c.obj (.text:_ltostr)
                  00006179    00000001     --HOLE-- [fill = 0]
                  0000617a    0000009c                                   : memcpy_t2.asm.obj (.text)
                  00006216    00000096                                   : ull_div_t2.asm.obj (.text)
                  000062ac    00000086                                   : fd_cmp_t2.asm.obj (.text:__aeabi_cdcmple)
                  00006332    00000086                                   : fd_cmp_t2.asm.obj (.text:__aeabi_cdrcmple)
                  000063b8    0000007a                                   : memset_t2.asm.obj (.text)
                  00006432    00000002     --HOLE-- [fill = 0]
                  00006434    00000072     main.obj (.text)
                  000064a6    00000002     --HOLE-- [fill = 0]
                  000064a8    00000070     rtsv7M4_T_le_v4SPD16_eabi.lib : memory.c.obj (.text:split)
                  00006518    0000006e                                   : _printfi.c.obj (.text:_mcpy)
                  00006586    0000006e                                   : fd_tos_t2.asm.obj (.text)
                  000065f4    00000068                                   : copy_decompress_lzss.c.obj (.text:decompress:lzss:__TI_decompress_lzss)
                  0000665c    00000064                                   : s_frexp.c.obj (.text:frexp)
                  000066c0    00000056                                   : _printfi.c.obj (.text:_pconv_f)
                  00006716    00000054                                   : _ltoa.c.obj (.text:__TI_ltoa)
                  0000676a    00000052                                   : _printfi.c.obj (.text:_ecpy)
                  000067bc    0000004c                                   : atoi.c.obj (.text:atoi)
                  00006808    00000048                                   : fd_toi_t2.asm.obj (.text)
                  00006850    00000044                                   : autoinit.c.obj (.text:__TI_auto_init_nobinit_nopinit:__TI_auto_init_nobinit_nopinit)
                  00006894    00000044                                   : fd_tou_t2.asm.obj (.text)
                  000068d8    00000040                                   : sprintf.c.obj (.text:sprintf)
                  00006918    00000040                                   : vsnprintf.c.obj (.text:vsnprintf)
                  00006958    0000003e                                   : _printfi.c.obj (.text:_fcpy)
                  00006996    00000002     --HOLE-- [fill = 0]
                  00006998    00000038                                   : memory.c.obj (.text:calloc)
                  000069d0    00000038                                   : fs_tod_t2.asm.obj (.text)
                  00006a08    00000034     driverlib.lib : interrupt.obj (.text:IntRegister)
                  00006a3c    00000034     rtsv7M4_T_le_v4SPD16_eabi.lib : boot_cortex_m.c.obj (.text:_c_int00_noargs:_c_int00_noargs)
                  00006a70    00000030                                   : vsnprintf.c.obj (.text:_outs)
                  00006aa0    0000002e                                   : i_tofd_t2.asm.obj (.text)
                  00006ace    00000002     --HOLE-- [fill = 0]
                  00006ad0    00000028                                   : memory.c.obj (.text:free_list_insert)
                  00006af8    0000001c                                   : copy_zero_init.c.obj (.text:decompress:ZI:__TI_zero_init_nomemset:__TI_zero_init_nomemset)
                  00006b14    0000001c                                   : memory.c.obj (.text:free_list_remove)
                  00006b30    0000001c                                   : memccpy.c.obj (.text:memccpy)
                  00006b4c    0000001a                                   : s_copysign.c.obj (.text:copysign)
                  00006b66    00000018                                   : vsnprintf.c.obj (.text:_outc)
                  00006b7e    00000018                                   : sprintf.c.obj (.text:_outs)
                  00006b96    00000018     open_interface.obj (.text:oi_parseInt)
                  00006bae    00000018     rtsv7M4_T_le_v4SPD16_eabi.lib : strcmp.c.obj (.text:strcmp)
                  00006bc6    00000016                                   : strchr.c.obj (.text:strchr)
                  00006bdc    00000014                                   : strcpy.c.obj (.text:strcpy)
                  00006bf0    00000014                                   : strlen.c.obj (.text:strlen)
                  00006c04    00000012                                   : wcslen.c.obj (.text:wcslen)
                  00006c16    00000010     driverlib.lib : interrupt.obj (.text:IntMasterEnable)
                  00006c26    00000010     lcd.obj (.text:lcd_clear)
                  00006c36    0000000e     rtsv7M4_T_le_v4SPD16_eabi.lib : copy_decompress_none.c.obj (.text:decompress:none:__TI_decompress_none)
                  00006c44    0000000c     driverlib.lib : cpu.obj (.text:CPUcpsie)
                  00006c50    0000000c     tm4c123gh6pm_startup_ccs.obj (.text)
                  00006c5c    0000000a     rtsv7M4_T_le_v4SPD16_eabi.lib : sprintf.c.obj (.text:_outc)
                  00006c66    00000002     --HOLE-- [fill = 0]
                  00006c68    00000008                                   : errno.c.obj (.text:__aeabi_errno_addr)
                  00006c70    00000008                                   : memory.c.obj (.text:malloc)
                  00006c78    00000004                                   : pre_init.c.obj (.text:_system_pre_init)
                  00006c7c    00000004                                   : exit.c.obj (.text:abort:abort)

.const     0    00006c80    000002a3     
                  00006c80    00000158     rtsv7M4_T_le_v4SPD16_eabi.lib : k_rem_pio2.c.obj (.const:$O1$$)
                  00006dd8    00000101                                   : ctype.c.obj (.const:.string:_ctypes_)
                  00006ed9    00000004     lcd.obj (.const:.string:lineAddress$1)
                  00006edd    00000003     --HOLE-- [fill = 0]
                  00006ee0    00000030     rtsv7M4_T_le_v4SPD16_eabi.lib : e_pow.c.obj (.const:$O1$$)
                  00006f10    0000000f     open_interface.obj (.const:.string:$P$T0$3)
                  00006f1f    00000004     lcd.obj (.const:.string:lineAddresses$2)

.cinit     0    00006f28    00000050     
                  00006f28    00000019     (.cinit..data.load) [load image, compression = lzss]
                  00006f41    00000003     --HOLE-- [fill = 0]
                  00006f44    0000000c     (__TI_handler_table)
                  00006f50    00000008     (.cinit..bss.load) [load image, compression = zero_init]
                  00006f58    00000008     (.cinit..vtable.load) [load image, compression = zero_init]
                  00006f60    00000018     (__TI_cinit_table)

.init_array 
*          0    00000000    00000000     UNINITIALIZED

.vtable    0    20000000    0000026c     UNINITIALIZED
                  20000000    0000026c     driverlib.lib : interrupt.obj (.vtable)

.stack     0    20000270    00000800     UNINITIALIZED
                  20000270    00000004     rtsv7M4_T_le_v4SPD16_eabi.lib : boot_cortex_m.c.obj (.stack)
                  20000274    000007fc     --HOLE--

.sysmem    0    20000a70    00000400     UNINITIALIZED
                  20000a70    00000010     rtsv7M4_T_le_v4SPD16_eabi.lib : memory.c.obj (.sysmem)
                  20000a80    000003f0     --HOLE--

.bss       0    20000e70    000000a6     UNINITIALIZED
                  20000e70    00000054     lcd.obj (.bss:lastbuffer$3)
                  20000ec4    00000034     uart.obj (.bss:data$1)
                  20000ef8    00000018     open_interface.obj (.bss:firmware$2)
                  20000f10    00000004     (.common:_timeout_ticks)
                  20000f14    00000001     (.common:flag)
                  20000f15    00000001     (.common:uart_data)

.data      0    20000f18    00000055     UNINITIALIZED
                  20000f18    00000020     open_interface.obj (.data)
                  20000f38    00000010     helpers.obj (.data)
                  20000f48    0000000c     ping.obj (.data)
                  20000f54    00000008     rtsv7M4_T_le_v4SPD16_eabi.lib : _lock.c.obj (.data:$O1$$)
                  20000f5c    00000008                                   : memory.c.obj (.data:$O1$$)
                  20000f64    00000004                                   : errno.c.obj (.data)
                  20000f68    00000004     servo.obj (.data)
                  20000f6c    00000001     Timer.obj (.data)

__llvm_prf_cnts 
*          0    20000000    00000000     UNINITIALIZED

MODULE SUMMARY

       Module                         code    ro data   rw data
       ------                         ----    -------   -------
    .\
       open_interface.obj             3128    15        56     
       helpers.obj                    1560    0         16     
       manual_control.obj             950     0         0      
       lcd.obj                        824     8         84     
       movement.obj                   652     0         0      
       ping.obj                       620     0         12     
       tm4c123gh6pm_startup_ccs.obj   12      620       0      
       Timer.obj                      584     0         5      
       uart.obj                       536     0         52     
       adc.obj                        560     0         0      
       servo.obj                      328     0         4      
       main.obj                       114     0         2      
    +--+------------------------------+-------+---------+---------+
       Total:                         9868    643       231    
                                                               
    C:/ti/TivaWare_C_Series-2.2.0.295/driverlib/ccs/Debug/driverlib.lib
       interrupt.obj                  68      0         620    
       cpu.obj                        12      0         0      
    +--+------------------------------+-------+---------+---------+
       Total:                         80      0         620    
                                                               
    C:\ti\ccs1230\ccs\tools\compiler\ti-cgt-arm_20.2.7.LTS\lib\rtsv7M4_T_le_v4SPD16_eabi.lib
       _printfi.c.obj                 4851    0         0      
       e_pow.c.obj                    2512    48        0      
       k_rem_pio2.c.obj               1848    344       0      
       s_sin.c.obj                    1504    0         0      
       e_log.c.obj                    964     0         0      
       memory.c.obj                   728     0         8      
       fd_add_t2.asm.obj              438     0         0      
       k_sin.c.obj                    372     0         0      
       k_cos.c.obj                    368     0         0      
       e_sqrt.c.obj                   344     0         0      
       fd_div_t2.asm.obj              310     0         0      
       s_scalbn.c.obj                 272     0         0      
       fd_cmp_t2.asm.obj              268     0         0      
       ctype.c.obj                    0       257       0      
       fd_mul_t2.asm.obj              252     0         0      
       s_floor.c.obj                  248     0         0      
       s_round.c.obj                  196     0         0      
       memcpy_t2.asm.obj              156     0         0      
       ull_div_t2.asm.obj             150     0         0      
       vsnprintf.c.obj                136     0         0      
       memset_t2.asm.obj              122     0         0      
       fd_tos_t2.asm.obj              110     0         0      
       copy_decompress_lzss.c.obj     104     0         0      
       s_frexp.c.obj                  100     0         0      
       sprintf.c.obj                  98      0         0      
       _ltoa.c.obj                    84      0         0      
       atoi.c.obj                     76      0         0      
       fd_toi_t2.asm.obj              72      0         0      
       autoinit.c.obj                 68      0         0      
       fd_tou_t2.asm.obj              68      0         0      
       fs_tod_t2.asm.obj              56      0         0      
       boot_cortex_m.c.obj            52      0         0      
       i_tofd_t2.asm.obj              46      0         0      
       copy_zero_init.c.obj           28      0         0      
       memccpy.c.obj                  28      0         0      
       s_copysign.c.obj               26      0         0      
       strcmp.c.obj                   24      0         0      
       strchr.c.obj                   22      0         0      
       strcpy.c.obj                   20      0         0      
       strlen.c.obj                   20      0         0      
       wcslen.c.obj                   18      0         0      
       copy_decompress_none.c.obj     14      0         0      
       errno.c.obj                    8       0         4      
       _lock.c.obj                    2       0         8      
       exit.c.obj                     4       0         0      
       pre_init.c.obj                 4       0         0      
       div0.asm.obj                   2       0         0      
    +--+------------------------------+-------+---------+---------+
       Total:                         17193   649       20     
                                                               
       Heap:                          0       0         1024   
       Stack:                         0       0         2048   
       Linker Generated:              0       77        0      
    +--+------------------------------+-------+---------+---------+
       Grand Total:                   27141   1369      3943   


LINKER GENERATED COPY TABLES

__TI_cinit_table @ 00006f60 records: 3, size/record: 8, table size: 24
	.data: load addr=00006f28, load size=00000019 bytes, run addr=20000f18, run size=00000055 bytes, compression=lzss
	.bss: load addr=00006f50, load size=00000008 bytes, run addr=20000e70, run size=000000a6 bytes, compression=zero_init
	.vtable: load addr=00006f58, load size=00000008 bytes, run addr=20000000, run size=0000026c bytes, compression=zero_init


LINKER GENERATED HANDLER TABLE

__TI_handler_table @ 00006f44 records: 3, size/record: 4, table size: 12
	index: 0, handler: __TI_zero_init
	index: 1, handler: __TI_decompress_lzss
	index: 2, handler: __TI_decompress_none


GLOBAL SYMBOLS: SORTED ALPHABETICALLY BY Name 

address   name                          
-------   ----                          
00006c7d  C$$EXIT                       
00006c45  CPUcpsie                      
00000bc3  GPIOF_Handler                 
00006c17  IntMasterEnable               
00006a09  IntRegister                   
00006c51  ResetISR                      
20000a70  __STACK_END                   
00000800  __STACK_SIZE                  
20000470  __STACK_TOP                   
00000400  __SYSMEM_SIZE                 
00006f60  __TI_CINIT_Base               
00006f78  __TI_CINIT_Limit              
00006f44  __TI_Handler_Table_Base       
00006f50  __TI_Handler_Table_Limit      
00006851  __TI_auto_init_nobinit_nopinit
000065f5  __TI_decompress_lzss          
00006c37  __TI_decompress_none          
00006717  __TI_ltoa                     
ffffffff  __TI_pprof_out_hndl           
00000e8d  __TI_printfi                  
ffffffff  __TI_prof_data_size           
ffffffff  __TI_prof_data_start          
00000000  __TI_static_base__            
00006af9  __TI_zero_init_nomemset       
000062ad  __aeabi_cdcmpeq               
000062ad  __aeabi_cdcmple               
00006333  __aeabi_cdrcmple              
00006587  __aeabi_d2f                   
00006809  __aeabi_d2iz                  
00006895  __aeabi_d2uiz                 
00005053  __aeabi_dadd                  
000058c1  __aeabi_ddiv                  
00005d2d  __aeabi_dmul                  
00005049  __aeabi_dsub                  
00006c69  __aeabi_errno_addr            
000069d1  __aeabi_f2d                   
00006aa1  __aeabi_i2d                   
00003d57  __aeabi_idiv0                 
00003d57  __aeabi_ldiv0                 
000063b9  __aeabi_memclr                
000063b9  __aeabi_memclr4               
000063b9  __aeabi_memclr8               
0000617b  __aeabi_memcpy                
0000617b  __aeabi_memcpy4               
0000617b  __aeabi_memcpy8               
000063bb  __aeabi_memset                
000063bb  __aeabi_memset4               
000063bb  __aeabi_memset8               
00006217  __aeabi_uldivmod              
ffffffff  __binit__                     
ffffffff  __c_args__                    
00005375  __kernel_cos                  
000022ad  __kernel_rem_pio2             
00005201  __kernel_sin                  
UNDEFED   __mpu_init                    
20000270  __stack                       
20000000  __start___llvm_prf_cnts       
20000000  __stop___llvm_prf_cnts        
00006a3d  _c_int00_noargs               
00006dd8  _ctypes_                      
20000f54  _lock                         
000018db  _nop                          
20000f6c  _running                      
20000a70  _sys_memory                   
UNDEFED   _system_post_cinit            
00006c79  _system_pre_init              
20000f10  _timeout_ticks                
20000f58  _unlock                       
00006c7d  abort                         
00004a31  adc_init                      
00004aaf  adc_read                      
00005c2d  aligned_alloc                 
000067bd  atoi                          
000040a5  avoid_obstacle                
ffffffff  binit                         
00004081  bumped                        
20000f40  c                             
00006999  calloc                        
00004adb  convertRawIR                  
00006b4d  copysign                      
00006b4d  copysignl                     
000046f5  delta_to_distance             
000039cb  drive                         
20000f50  edgeCount                     
20000f64  errno                         
20000f68  falling_edge                  
000029e5  findRC                        
20000f14  flag                          
00005e29  floor                         
00005e29  floorl                        
00005f21  free                          
0000665d  frexp                         
0000665d  frexpl                        
20000000  g_pfnRAMVectors               
00000000  g_pfnVectors                  
00002be7  getSocket                     
0000097f  go_charge                     
00004bcd  irFindC                       
00004b29  irFindR                       
00002b39  itoa                          
00006c27  lcd_clear                     
00003f2d  lcd_gotoLine                  
00003d95  lcd_init                      
00003f93  lcd_printf                    
00003e55  lcd_putc                      
00003e8d  lcd_puts                      
00003d59  lcd_reverseNibble             
00003eab  lcd_sendCommand               
00003ee9  lcd_sendNibble                
00003f55  lcd_setCursorPos              
00005b1d  ldexp                         
00005b1d  ldexpl                        
000035dd  log                           
000035dd  logl                          
00006435  main                          
00006c71  malloc                        
00005c2d  memalign                      
00006b31  memccpy                       
0000617b  memcpy                        
000063c1  memset                        
20000f18  motor_cal_factor_L            
20000f1c  motor_cal_factor_R            
00004107  move_backward                 
00004181  move_forward                  
0000026d  oi_alloc                      
00000aa9  oi_checkFirmware              
000002c7  oi_close                      
00000279  oi_free                       
00000ded  oi_getMotorCalibrationLeft    
00000e01  oi_getMotorCalibrationRight   
000002b1  oi_init                       
00000289  oi_init_noupdate              
00000915  oi_loadSong                   
00006b97  oi_parseInt                   
0000032b  oi_parsePacket                
0000096b  oi_play_song                  
0000084b  oi_setLeds                    
00000db1  oi_setMotorCalibration        
0000088f  oi_setWheels                  
00000b51  oi_shutoff_init               
0000098d  oi_uartInit                   
00000a31  oi_uartReceive                
00000a77  oi_uartSendBuff               
00000a15  oi_uartSendChar               
00000a59  oi_uartSendStr                
000002d9  oi_update                     
0000457d  ping_init                     
000046b3  ping_interrupt_handler        
0000474d  ping_read                     
000018dd  pow                           
000018dd  powl                          
20000f38  r                             
000039a1  receive_number                
00002ae7  reverse                       
00006005  round                         
00006005  roundl                        
00005b1d  scalbn                        
00005b1d  scalbnl                       
00002bfb  scan180                       
00002cad  scnrAnalysis                  
0000563d  servo_init                    
000056b7  servo_move                    
00002ffd  sin                           
00002ffd  sinl                          
000068d9  sprintf                       
000054e5  sqrt                          
000054e5  sqrtl                         
00006bc7  strchr                        
00006baf  strcmp                        
00006bdd  strcpy                        
00006bf1  strlen                        
20000f48  timeFallingEdge               
20000f4c  timeRisingEdge                
00004907  timer_getMicros               
000048af  timer_getMillis               
000047e9  timer_init                    
0000488b  timer_pause                   
0000489d  timer_resume                  
00004861  timer_stop                    
00004961  timer_waitMicros              
00004993  timer_waitMillis              
00004635  trigger_ping                  
00004223  turn_clockwise                
00004297  turn_counter_clockwise        
20000f15  uart_data                     
00004c61  uart_init                     
00004e05  uart_interrupt_handler        
00004de5  uart_interrupt_init           
00004d33  uart_receive                  
00004d5d  uart_receive_blocking         
00004d7d  uart_receive_server           
00004d03  uart_sendChar                 
00004db7  uart_sendStr                  
00006919  vsnprintf                     
00006c05  wcslen                        


GLOBAL SYMBOLS: SORTED BY Symbol Address 

address   name                          
-------   ----                          
00000000  __TI_static_base__            
00000000  g_pfnVectors                  
0000026d  oi_alloc                      
00000279  oi_free                       
00000289  oi_init_noupdate              
000002b1  oi_init                       
000002c7  oi_close                      
000002d9  oi_update                     
0000032b  oi_parsePacket                
00000400  __SYSMEM_SIZE                 
00000800  __STACK_SIZE                  
0000084b  oi_setLeds                    
0000088f  oi_setWheels                  
00000915  oi_loadSong                   
0000096b  oi_play_song                  
0000097f  go_charge                     
0000098d  oi_uartInit                   
00000a15  oi_uartSendChar               
00000a31  oi_uartReceive                
00000a59  oi_uartSendStr                
00000a77  oi_uartSendBuff               
00000aa9  oi_checkFirmware              
00000b51  oi_shutoff_init               
00000bc3  GPIOF_Handler                 
00000db1  oi_setMotorCalibration        
00000ded  oi_getMotorCalibrationLeft    
00000e01  oi_getMotorCalibrationRight   
00000e8d  __TI_printfi                  
000018db  _nop                          
000018dd  pow                           
000018dd  powl                          
000022ad  __kernel_rem_pio2             
000029e5  findRC                        
00002ae7  reverse                       
00002b39  itoa                          
00002be7  getSocket                     
00002bfb  scan180                       
00002cad  scnrAnalysis                  
00002ffd  sin                           
00002ffd  sinl                          
000035dd  log                           
000035dd  logl                          
000039a1  receive_number                
000039cb  drive                         
00003d57  __aeabi_idiv0                 
00003d57  __aeabi_ldiv0                 
00003d59  lcd_reverseNibble             
00003d95  lcd_init                      
00003e55  lcd_putc                      
00003e8d  lcd_puts                      
00003eab  lcd_sendCommand               
00003ee9  lcd_sendNibble                
00003f2d  lcd_gotoLine                  
00003f55  lcd_setCursorPos              
00003f93  lcd_printf                    
00004081  bumped                        
000040a5  avoid_obstacle                
00004107  move_backward                 
00004181  move_forward                  
00004223  turn_clockwise                
00004297  turn_counter_clockwise        
0000457d  ping_init                     
00004635  trigger_ping                  
000046b3  ping_interrupt_handler        
000046f5  delta_to_distance             
0000474d  ping_read                     
000047e9  timer_init                    
00004861  timer_stop                    
0000488b  timer_pause                   
0000489d  timer_resume                  
000048af  timer_getMillis               
00004907  timer_getMicros               
00004961  timer_waitMicros              
00004993  timer_waitMillis              
00004a31  adc_init                      
00004aaf  adc_read                      
00004adb  convertRawIR                  
00004b29  irFindR                       
00004bcd  irFindC                       
00004c61  uart_init                     
00004d03  uart_sendChar                 
00004d33  uart_receive                  
00004d5d  uart_receive_blocking         
00004d7d  uart_receive_server           
00004db7  uart_sendStr                  
00004de5  uart_interrupt_init           
00004e05  uart_interrupt_handler        
00005049  __aeabi_dsub                  
00005053  __aeabi_dadd                  
00005201  __kernel_sin                  
00005375  __kernel_cos                  
000054e5  sqrt                          
000054e5  sqrtl                         
0000563d  servo_init                    
000056b7  servo_move                    
000058c1  __aeabi_ddiv                  
00005b1d  ldexp                         
00005b1d  ldexpl                        
00005b1d  scalbn                        
00005b1d  scalbnl                       
00005c2d  aligned_alloc                 
00005c2d  memalign                      
00005d2d  __aeabi_dmul                  
00005e29  floor                         
00005e29  floorl                        
00005f21  free                          
00006005  round                         
00006005  roundl                        
0000617b  __aeabi_memcpy                
0000617b  __aeabi_memcpy4               
0000617b  __aeabi_memcpy8               
0000617b  memcpy                        
00006217  __aeabi_uldivmod              
000062ad  __aeabi_cdcmpeq               
000062ad  __aeabi_cdcmple               
00006333  __aeabi_cdrcmple              
000063b9  __aeabi_memclr                
000063b9  __aeabi_memclr4               
000063b9  __aeabi_memclr8               
000063bb  __aeabi_memset                
000063bb  __aeabi_memset4               
000063bb  __aeabi_memset8               
000063c1  memset                        
00006435  main                          
00006587  __aeabi_d2f                   
000065f5  __TI_decompress_lzss          
0000665d  frexp                         
0000665d  frexpl                        
00006717  __TI_ltoa                     
000067bd  atoi                          
00006809  __aeabi_d2iz                  
00006851  __TI_auto_init_nobinit_nopinit
00006895  __aeabi_d2uiz                 
000068d9  sprintf                       
00006919  vsnprintf                     
00006999  calloc                        
000069d1  __aeabi_f2d                   
00006a09  IntRegister                   
00006a3d  _c_int00_noargs               
00006aa1  __aeabi_i2d                   
00006af9  __TI_zero_init_nomemset       
00006b31  memccpy                       
00006b4d  copysign                      
00006b4d  copysignl                     
00006b97  oi_parseInt                   
00006baf  strcmp                        
00006bc7  strchr                        
00006bdd  strcpy                        
00006bf1  strlen                        
00006c05  wcslen                        
00006c17  IntMasterEnable               
00006c27  lcd_clear                     
00006c37  __TI_decompress_none          
00006c45  CPUcpsie                      
00006c51  ResetISR                      
00006c69  __aeabi_errno_addr            
00006c71  malloc                        
00006c79  _system_pre_init              
00006c7d  C$$EXIT                       
00006c7d  abort                         
00006dd8  _ctypes_                      
00006f44  __TI_Handler_Table_Base       
00006f50  __TI_Handler_Table_Limit      
00006f60  __TI_CINIT_Base               
00006f78  __TI_CINIT_Limit              
20000000  __start___llvm_prf_cnts       
20000000  __stop___llvm_prf_cnts        
20000000  g_pfnRAMVectors               
20000270  __stack                       
20000470  __STACK_TOP                   
20000a70  __STACK_END                   
20000a70  _sys_memory                   
20000f10  _timeout_ticks                
20000f14  flag                          
20000f15  uart_data                     
20000f18  motor_cal_factor_L            
20000f1c  motor_cal_factor_R            
20000f38  r                             
20000f40  c                             
20000f48  timeFallingEdge               
20000f4c  timeRisingEdge                
20000f50  edgeCount                     
20000f54  _lock                         
20000f58  _unlock                       
20000f64  errno                         
20000f68  falling_edge                  
20000f6c  _running                      
ffffffff  __TI_pprof_out_hndl           
ffffffff  __TI_prof_data_size           
ffffffff  __TI_prof_data_start          
ffffffff  __binit__                     
ffffffff  __c_args__                    
ffffffff  binit                         
UNDEFED   __mpu_init                    
UNDEFED   _system_post_cinit            

[195 symbols]
