******************************************************************************
                  TI ARM Linker PC v20.2.7                     
******************************************************************************
>> Linked Mon Dec  4 13:53:26 2023

OUTPUT FILE NAME:   <project.out>
ENTRY POINT SYMBOL: "_c_int00_noargs"  address: 00007aed


MEMORY CONFIGURATION

         name            origin    length      used     unused   attr    fill
----------------------  --------  ---------  --------  --------  ----  --------
  FLASH                 00000000   00040000  00008063  00037f9d  R  X
  SRAM                  20000000   00008000  000011ae  00006e52  RW X


SEGMENT ALLOCATION MAP

run origin  load origin   length   init length attrs members
----------  ----------- ---------- ----------- ----- -------
00000000    00000000    00008068   00008068    r-x
  00000000    00000000    0000026c   0000026c    r-- .intvecs
  0000026c    0000026c    00007ab4   00007ab4    r-x .text
  00007d20    00007d20    000002db   000002db    r-- .const
  00008000    00008000    00000068   00000068    r-- .cinit
20000000    20000000    000011b8   00000000    rw-
  20000000    20000000    0000026c   00000000    rw- .vtable
  20000270    20000270    00000800   00000000    rw- .stack
  20000a70    20000a70    00000400   00000000    rw- .sysmem
  20000e70    20000e70    000002da   00000000    rw- .bss
  20001150    20001150    00000068   00000000    rw- .data


SECTION ALLOCATION MAP

 output                                  attributes/
section   page    origin      length       input sections
--------  ----  ----------  ----------   ----------------
.intvecs   0    00000000    0000026c     
                  00000000    0000026c     tm4c123gh6pm_startup_ccs.obj (.intvecs)

.text      0    0000026c    00007ab4     
                  0000026c    00000c20     open_interface.obj (.text)
                  00000e8c    00000a4e     rtsv7M4_T_le_v4SPD16_eabi.lib : _printfi.c.obj (.text:__TI_printfi)
                  000018da    00000002                                   : _lock.c.obj (.text:_nop)
                  000018dc    000009d0                                   : e_pow.c.obj (.text:pow)
                  000022ac    00000854     movement.obj (.text)
                  00002b00    00000798     helpers.obj (.text)
                  00003298    0000075c     manual_control.obj (.text)
                  000039f4    00000738     rtsv7M4_T_le_v4SPD16_eabi.lib : k_rem_pio2.c.obj (.text:__kernel_rem_pio2)
                  0000412c    000005e0                                   : s_sin.c.obj (.text:sin)
                  0000470c    000005dc                                   : s_cos.c.obj (.text:cos)
                  00004ce8    000003c4                                   : e_log.c.obj (.text:log)
                  000050ac    00000328     lcd.obj (.text)
                  000053d4    00000270     rtsv7M4_T_le_v4SPD16_eabi.lib : _printfi.c.obj (.text:_pconv_a)
                  00005644    0000026c     ping.obj (.text)
                  000058b0    00000248     Timer.obj (.text)
                  00005af8    00000230     adc.obj (.text)
                  00005d28    00000218     uart.obj (.text)
                  00005f40    000001d0     rtsv7M4_T_le_v4SPD16_eabi.lib : _printfi.c.obj (.text:_pconv_g)
                  00006110    000001b6                                   : fd_add_t2.asm.obj (.text)
                  000062c6    00000002                                   : div0.asm.obj (.text)
                  000062c8    00000174                                   : k_sin.c.obj (.text:__kernel_sin)
                  0000643c    00000170                                   : k_cos.c.obj (.text:__kernel_cos)
                  000065ac    00000158                                   : e_sqrt.c.obj (.text:sqrt)
                  00006704    00000144     servo.obj (.text)
                  00006848    0000013c     rtsv7M4_T_le_v4SPD16_eabi.lib : _printfi.c.obj (.text:_pconv_e)
                  00006984    00000136                                   : fd_div_t2.asm.obj (.text)
                  00006aba    00000002     --HOLE-- [fill = 0]
                  00006abc    00000124                                   : _printfi.c.obj (.text:fcvt)
                  00006be0    00000110                                   : s_scalbn.c.obj (.text:scalbn)
                  00006cf0    00000100                                   : memory.c.obj (.text:aligned_alloc)
                  00006df0    000000fc                                   : fd_mul_t2.asm.obj (.text)
                  00006eec    000000f8                                   : s_floor.c.obj (.text:floor)
                  00006fe4    000000e4                                   : memory.c.obj (.text:free)
                  000070c8    000000c4                                   : s_round.c.obj (.text:round)
                  0000718c    000000b1                                   : _printfi.c.obj (.text:_ltostr)
                  0000723d    00000001     --HOLE-- [fill = 0]
                  0000723e    0000009c                                   : memcpy_t2.asm.obj (.text)
                  000072da    00000096                                   : ull_div_t2.asm.obj (.text)
                  00007370    00000086                                   : fd_cmp_t2.asm.obj (.text:__aeabi_cdcmple)
                  000073f6    00000086                                   : fd_cmp_t2.asm.obj (.text:__aeabi_cdrcmple)
                  0000747c    0000007a                                   : memset_t2.asm.obj (.text)
                  000074f6    00000002     --HOLE-- [fill = 0]
                  000074f8    00000070                                   : memory.c.obj (.text:split)
                  00007568    0000006e                                   : _printfi.c.obj (.text:_mcpy)
                  000075d6    0000006e                                   : fd_tos_t2.asm.obj (.text)
                  00007644    00000068                                   : copy_decompress_lzss.c.obj (.text:decompress:lzss:__TI_decompress_lzss)
                  000076ac    00000064                                   : s_frexp.c.obj (.text:frexp)
                  00007710    00000060     main.obj (.text)
                  00007770    00000056     rtsv7M4_T_le_v4SPD16_eabi.lib : _printfi.c.obj (.text:_pconv_f)
                  000077c6    00000054                                   : _ltoa.c.obj (.text:__TI_ltoa)
                  0000781a    00000052                                   : _printfi.c.obj (.text:_ecpy)
                  0000786c    0000004c                                   : atoi.c.obj (.text:atoi)
                  000078b8    00000048                                   : fd_toi_t2.asm.obj (.text)
                  00007900    00000044                                   : autoinit.c.obj (.text:__TI_auto_init_nobinit_nopinit:__TI_auto_init_nobinit_nopinit)
                  00007944    00000044                                   : fd_tou_t2.asm.obj (.text)
                  00007988    00000040                                   : sprintf.c.obj (.text:sprintf)
                  000079c8    00000040                                   : vsnprintf.c.obj (.text:vsnprintf)
                  00007a08    0000003e                                   : _printfi.c.obj (.text:_fcpy)
                  00007a46    00000002     --HOLE-- [fill = 0]
                  00007a48    00000038                                   : memory.c.obj (.text:calloc)
                  00007a80    00000038                                   : fs_tod_t2.asm.obj (.text)
                  00007ab8    00000034     driverlib.lib : interrupt.obj (.text:IntRegister)
                  00007aec    00000034     rtsv7M4_T_le_v4SPD16_eabi.lib : boot_cortex_m.c.obj (.text:_c_int00_noargs:_c_int00_noargs)
                  00007b20    00000030                                   : vsnprintf.c.obj (.text:_outs)
                  00007b50    0000002e                                   : i_tofd_t2.asm.obj (.text)
                  00007b7e    00000002     --HOLE-- [fill = 0]
                  00007b80    00000028                                   : memory.c.obj (.text:free_list_insert)
                  00007ba8    0000001c                                   : memory.c.obj (.text:free_list_remove)
                  00007bc4    0000001c                                   : memccpy.c.obj (.text:memccpy)
                  00007be0    0000001a                                   : s_copysign.c.obj (.text:copysign)
                  00007bfa    00000018                                   : vsnprintf.c.obj (.text:_outc)
                  00007c12    00000018                                   : sprintf.c.obj (.text:_outs)
                  00007c2a    00000018     open_interface.obj (.text:oi_parseInt)
                  00007c42    00000018     rtsv7M4_T_le_v4SPD16_eabi.lib : strcmp.c.obj (.text:strcmp)
                  00007c5a    00000016                                   : strchr.c.obj (.text:strchr)
                  00007c70    00000014                                   : strcpy.c.obj (.text:strcpy)
                  00007c84    00000014                                   : strlen.c.obj (.text:strlen)
                  00007c98    00000012                                   : wcslen.c.obj (.text:wcslen)
                  00007caa    00000010     driverlib.lib : interrupt.obj (.text:IntMasterEnable)
                  00007cba    00000010     lcd.obj (.text:lcd_clear)
                  00007cca    0000000e     rtsv7M4_T_le_v4SPD16_eabi.lib : copy_decompress_none.c.obj (.text:decompress:none:__TI_decompress_none)
                  00007cd8    0000000c     driverlib.lib : cpu.obj (.text:CPUcpsie)
                  00007ce4    0000000c     rtsv7M4_T_le_v4SPD16_eabi.lib : copy_zero_init.c.obj (.text:decompress:ZI:__TI_zero_init)
                  00007cf0    0000000c     tm4c123gh6pm_startup_ccs.obj (.text)
                  00007cfc    0000000a     rtsv7M4_T_le_v4SPD16_eabi.lib : sprintf.c.obj (.text:_outc)
                  00007d06    00000002     --HOLE-- [fill = 0]
                  00007d08    00000008                                   : errno.c.obj (.text:__aeabi_errno_addr)
                  00007d10    00000008                                   : memory.c.obj (.text:malloc)
                  00007d18    00000004                                   : pre_init.c.obj (.text:_system_pre_init)
                  00007d1c    00000004                                   : exit.c.obj (.text:abort:abort)

.const     0    00007d20    000002db     
                  00007d20    00000158     rtsv7M4_T_le_v4SPD16_eabi.lib : k_rem_pio2.c.obj (.const:$O1$$)
                  00007e78    00000101                                   : ctype.c.obj (.const:.string:_ctypes_)
                  00007f79    00000004     lcd.obj (.const:.string:lineAddress$1)
                  00007f7d    00000003     --HOLE-- [fill = 0]
                  00007f80    00000030     rtsv7M4_T_le_v4SPD16_eabi.lib : e_pow.c.obj (.const:$O1$$)
                  00007fb0    0000000f     open_interface.obj (.const:.string:$P$T0$3)
                  00007fbf    0000000e     movement.obj (.const:.string:$P$T0$1)
                  00007fcd    0000000e     movement.obj (.const:.string:$P$T1$2)
                  00007fdb    0000000e     movement.obj (.const:.string:$P$T2$3)
                  00007fe9    0000000e     movement.obj (.const:.string:$P$T3$4)
                  00007ff7    00000004     lcd.obj (.const:.string:lineAddresses$2)

.cinit     0    00008000    00000068     
                  00008000    00000033     (.cinit..data.load) [load image, compression = lzss]
                  00008033    00000001     --HOLE-- [fill = 0]
                  00008034    0000000c     (__TI_handler_table)
                  00008040    00000008     (.cinit..bss.load) [load image, compression = zero_init]
                  00008048    00000008     (.cinit..vtable.load) [load image, compression = zero_init]
                  00008050    00000018     (__TI_cinit_table)

.init_array 
*          0    00000000    00000000     UNINITIALIZED

.vtable    0    20000000    0000026c     UNINITIALIZED
                  20000000    0000026c     driverlib.lib : interrupt.obj (.vtable)

.stack     0    20000270    00000800     UNINITIALIZED
                  20000270    00000004     rtsv7M4_T_le_v4SPD16_eabi.lib : boot_cortex_m.c.obj (.stack)
                  20000274    000007fc     --HOLE--

.sysmem    0    20000a70    00000400     UNINITIALIZED
                  20000a70    00000010     rtsv7M4_T_le_v4SPD16_eabi.lib : memory.c.obj (.sysmem)
                  20000a80    000003f0     --HOLE--

.bss       0    20000e70    000002da     UNINITIALIZED
                  20000e70    000001e0     (.common:givenDirs)
                  20001050    00000054     lcd.obj (.bss:lastbuffer$3)
                  200010a4    00000034     uart.obj (.bss:data$1)
                  200010d8    00000034     (.common:response)
                  2000110c    00000018     open_interface.obj (.bss:firmware$2)
                  20001124    0000000c     (.common:xLocation)
                  20001130    0000000c     (.common:yLocation)
                  2000113c    00000004     (.common:_timeout_ticks)
                  20001140    00000004     (.common:command)
                  20001144    00000004     (.common:number)
                  20001148    00000001     (.common:flag)
                  20001149    00000001     (.common:uart_data)

.data      0    20001150    00000068     UNINITIALIZED
                  20001150    00000020     open_interface.obj (.data)
                  20001170    00000012     helpers.obj (.data)
                  20001182    00000001     Timer.obj (.data)
                  20001183    00000001     --HOLE--
                  20001184    00000010     movement.obj (.data)
                  20001194    0000000c     ping.obj (.data)
                  200011a0    00000008     rtsv7M4_T_le_v4SPD16_eabi.lib : _lock.c.obj (.data:$O1$$)
                  200011a8    00000008                                   : memory.c.obj (.data:$O1$$)
                  200011b0    00000004                                   : errno.c.obj (.data)
                  200011b4    00000004     servo.obj (.data)

__llvm_prf_cnts 
*          0    20000000    00000000     UNINITIALIZED

MODULE SUMMARY

       Module                         code    ro data   rw data
       ------                         ----    -------   -------
    .\
       open_interface.obj             3128    15        56     
       helpers.obj                    1944    0         498    
       movement.obj                   2132    56        40     
       manual_control.obj             1884    0         60     
       lcd.obj                        824     8         84     
       ping.obj                       620     0         12     
       tm4c123gh6pm_startup_ccs.obj   12      620       0      
       Timer.obj                      584     0         5      
       uart.obj                       536     0         52     
       adc.obj                        560     0         0      
       servo.obj                      324     0         4      
       main.obj                       96      0         2      
    +--+------------------------------+-------+---------+---------+
       Total:                         12644   699       813    
                                                               
    C:/ti/TivaWare_C_Series-2.2.0.295/driverlib/ccs/Debug/driverlib.lib
       interrupt.obj                  68      0         620    
       cpu.obj                        12      0         0      
    +--+------------------------------+-------+---------+---------+
       Total:                         80      0         620    
                                                               
    C:\ti\ccs1230\ccs\tools\compiler\ti-cgt-arm_20.2.7.LTS\lib\rtsv7M4_T_le_v4SPD16_eabi.lib
       _printfi.c.obj                 4851    0         0      
       e_pow.c.obj                    2512    48        0      
       k_rem_pio2.c.obj               1848    344       0      
       s_sin.c.obj                    1504    0         0      
       s_cos.c.obj                    1500    0         0      
       e_log.c.obj                    964     0         0      
       memory.c.obj                   728     0         8      
       fd_add_t2.asm.obj              438     0         0      
       k_sin.c.obj                    372     0         0      
       k_cos.c.obj                    368     0         0      
       e_sqrt.c.obj                   344     0         0      
       fd_div_t2.asm.obj              310     0         0      
       s_scalbn.c.obj                 272     0         0      
       fd_cmp_t2.asm.obj              268     0         0      
       ctype.c.obj                    0       257       0      
       fd_mul_t2.asm.obj              252     0         0      
       s_floor.c.obj                  248     0         0      
       s_round.c.obj                  196     0         0      
       memcpy_t2.asm.obj              156     0         0      
       ull_div_t2.asm.obj             150     0         0      
       vsnprintf.c.obj                136     0         0      
       memset_t2.asm.obj              122     0         0      
       fd_tos_t2.asm.obj              110     0         0      
       copy_decompress_lzss.c.obj     104     0         0      
       s_frexp.c.obj                  100     0         0      
       sprintf.c.obj                  98      0         0      
       _ltoa.c.obj                    84      0         0      
       atoi.c.obj                     76      0         0      
       fd_toi_t2.asm.obj              72      0         0      
       autoinit.c.obj                 68      0         0      
       fd_tou_t2.asm.obj              68      0         0      
       fs_tod_t2.asm.obj              56      0         0      
       boot_cortex_m.c.obj            52      0         0      
       i_tofd_t2.asm.obj              46      0         0      
       memccpy.c.obj                  28      0         0      
       s_copysign.c.obj               26      0         0      
       strcmp.c.obj                   24      0         0      
       strchr.c.obj                   22      0         0      
       strcpy.c.obj                   20      0         0      
       strlen.c.obj                   20      0         0      
       wcslen.c.obj                   18      0         0      
       copy_decompress_none.c.obj     14      0         0      
       copy_zero_init.c.obj           12      0         0      
       errno.c.obj                    8       0         4      
       _lock.c.obj                    2       0         8      
       exit.c.obj                     4       0         0      
       pre_init.c.obj                 4       0         0      
       div0.asm.obj                   2       0         0      
    +--+------------------------------+-------+---------+---------+
       Total:                         18677   649       20     
                                                               
       Heap:                          0       0         1024   
       Stack:                         0       0         2048   
       Linker Generated:              0       103       0      
    +--+------------------------------+-------+---------+---------+
       Grand Total:                   31401   1451      4525   


LINKER GENERATED COPY TABLES

__TI_cinit_table @ 00008050 records: 3, size/record: 8, table size: 24
	.data: load addr=00008000, load size=00000033 bytes, run addr=20001150, run size=00000068 bytes, compression=lzss
	.bss: load addr=00008040, load size=00000008 bytes, run addr=20000e70, run size=000002da bytes, compression=zero_init
	.vtable: load addr=00008048, load size=00000008 bytes, run addr=20000000, run size=0000026c bytes, compression=zero_init


LINKER GENERATED HANDLER TABLE

__TI_handler_table @ 00008034 records: 3, size/record: 4, table size: 12
	index: 0, handler: __TI_zero_init
	index: 1, handler: __TI_decompress_lzss
	index: 2, handler: __TI_decompress_none


GLOBAL SYMBOLS: SORTED ALPHABETICALLY BY Name 

address   name                          
-------   ----                          
00007d1d  C$$EXIT                       
00007cd9  CPUcpsie                      
00000bc3  GPIOF_Handler                 
00007cab  IntMasterEnable               
00007ab9  IntRegister                   
00007cf1  ResetISR                      
20000a70  __STACK_END                   
00000800  __STACK_SIZE                  
20000470  __STACK_TOP                   
00000400  __SYSMEM_SIZE                 
00008050  __TI_CINIT_Base               
00008068  __TI_CINIT_Limit              
00008034  __TI_Handler_Table_Base       
00008040  __TI_Handler_Table_Limit      
00007901  __TI_auto_init_nobinit_nopinit
00007645  __TI_decompress_lzss          
00007ccb  __TI_decompress_none          
000077c7  __TI_ltoa                     
ffffffff  __TI_pprof_out_hndl           
00000e8d  __TI_printfi                  
ffffffff  __TI_prof_data_size           
ffffffff  __TI_prof_data_start          
00000000  __TI_static_base__            
00007ce5  __TI_zero_init                
00007371  __aeabi_cdcmpeq               
00007371  __aeabi_cdcmple               
000073f7  __aeabi_cdrcmple              
000075d7  __aeabi_d2f                   
000078b9  __aeabi_d2iz                  
00007945  __aeabi_d2uiz                 
0000611b  __aeabi_dadd                  
00006985  __aeabi_ddiv                  
00006df1  __aeabi_dmul                  
00006111  __aeabi_dsub                  
00007d09  __aeabi_errno_addr            
00007a81  __aeabi_f2d                   
00007b51  __aeabi_i2d                   
000062c7  __aeabi_idiv0                 
000062c7  __aeabi_ldiv0                 
0000747d  __aeabi_memclr                
0000747d  __aeabi_memclr4               
0000747d  __aeabi_memclr8               
0000723f  __aeabi_memcpy                
0000723f  __aeabi_memcpy4               
0000723f  __aeabi_memcpy8               
0000747f  __aeabi_memset                
0000747f  __aeabi_memset4               
0000747f  __aeabi_memset8               
000072db  __aeabi_uldivmod              
ffffffff  __binit__                     
ffffffff  __c_args__                    
0000643d  __kernel_cos                  
000039f5  __kernel_rem_pio2             
000062c9  __kernel_sin                  
UNDEFED   __mpu_init                    
20000270  __stack                       
20000000  __start___llvm_prf_cnts       
20000000  __stop___llvm_prf_cnts        
00007aed  _c_int00_noargs               
00007e78  _ctypes_                      
200011a0  _lock                         
000018db  _nop                          
20001182  _running                      
20000a70  _sys_memory                   
UNDEFED   _system_post_cinit            
00007d19  _system_pre_init              
2000113c  _timeout_ticks                
200011a4  _unlock                       
00007d1d  abort                         
00005af9  adc_init                      
00005b77  adc_read                      
00006cf1  aligned_alloc                 
20001190  angle                         
0000786d  atoi                          
000022f1  avoid_obstacle                
ffffffff  binit                         
0000237b  boundAvoid                    
0000231f  boundDetect                   
000022cd  bumped                        
20001178  c                             
00002755  calcNewXY                     
00007a49  calloc                        
20001140  command                       
00005ba3  convertRawIR                  
00007be1  copysign                      
00007be1  copysignl                     
0000470d  cos                           
0000470d  cosl                          
000057bd  delta_to_distance             
00003679  drive                         
2000119c  edgeCount                     
200011b0  errno                         
200011b4  falling_edge                  
00002b01  findRC                        
20001148  flag                          
00006eed  floor                         
00006eed  floorl                        
000029a5  followDirections              
00006fe5  free                          
000076ad  frexp                         
000076ad  frexpl                        
20000000  g_pfnRAMVectors               
00000000  g_pfnVectors                  
00003281  getNumMoves                   
20000e70  givenDirs                     
0000097f  go_charge                     
20001184  hitSomething                  
00002453  holeAvoid                     
000023ff  holeDetect                    
00005c95  irFindC                       
00005bf1  irFindR                       
00002c55  itoa                          
00007cbb  lcd_clear                     
00005281  lcd_gotoLine                  
000050e9  lcd_init                      
000052e7  lcd_printf                    
000051a9  lcd_putc                      
000051e1  lcd_puts                      
000050ad  lcd_reverseNibble             
000051ff  lcd_sendCommand               
0000523d  lcd_sendNibble                
000052a9  lcd_setCursorPos              
00006be1  ldexp                         
00006be1  ldexpl                        
00004ce9  log                           
00004ce9  logl                          
00007711  main                          
00007d11  malloc                        
00006cf1  memalign                      
00007bc5  memccpy                       
0000723f  memcpy                        
00007485  memset                        
20001150  motor_cal_factor_L            
20001154  motor_cal_factor_R            
000024a1  move_backward                 
0000259f  move_forward                  
20001180  numDirs                       
20001144  number                        
0000026d  oi_alloc                      
00000aa9  oi_checkFirmware              
000002c7  oi_close                      
00000279  oi_free                       
00000ded  oi_getMotorCalibrationLeft    
00000e01  oi_getMotorCalibrationRight   
000002b1  oi_init                       
00000289  oi_init_noupdate              
00000915  oi_loadSong                   
00007c2b  oi_parseInt                   
0000032b  oi_parsePacket                
0000096b  oi_play_song                  
0000084b  oi_setLeds                    
00000db1  oi_setMotorCalibration        
0000088f  oi_setWheels                  
00000b51  oi_shutoff_init               
0000098d  oi_uartInit                   
00000a31  oi_uartReceive                
00000a77  oi_uartSendBuff               
00000a15  oi_uartSendChar               
00000a59  oi_uartSendStr                
000002d9  oi_update                     
00005645  ping_init                     
0000577b  ping_interrupt_handler        
00005815  ping_read                     
000018dd  pow                           
000018dd  powl                          
20001170  r                             
00003299  receive_number                
200010d8  response                      
00002c03  reverse                       
0000320d  reverseDirections             
000070c9  round                         
000070c9  roundl                        
00006be1  scalbn                        
00006be1  scalbnl                       
00002d75  scan180                       
00002e49  scnrAnalysis                  
00002d03  send180                       
00006705  servo_init                    
0000677f  servo_move                    
000032c1  set_location                  
000023bd  shinyDetect                   
0000412d  sin                           
0000412d  sinl                          
00007989  sprintf                       
000065ad  sqrt                          
000065ad  sqrtl                         
00007c5b  strchr                        
00007c43  strcmp                        
00007c71  strcpy                        
00007c85  strlen                        
20001194  timeFallingEdge               
20001198  timeRisingEdge                
000059cf  timer_getMicros               
00005977  timer_getMillis               
000058b1  timer_init                    
00005953  timer_pause                   
00005965  timer_resume                  
00005929  timer_stop                    
00005a29  timer_waitMicros              
00005a5b  timer_waitMillis              
00003181  trackAngles                   
000031c1  trackDistance                 
000056fd  trigger_ping                  
00002831  turn_clockwise                
000028d1  turn_counter_clockwise        
20001149  uart_data                     
00005d29  uart_init                     
00005ecd  uart_interrupt_handler        
00005ead  uart_interrupt_init           
00005dfb  uart_receive                  
00005e25  uart_receive_blocking         
00005e45  uart_receive_server           
00005dcb  uart_sendChar                 
00005e7f  uart_sendStr                  
000022ad  update_location               
000033ad  user_move_backward            
00003367  user_move_forward             
0000332d  user_turn_clockwise           
000032f3  user_turn_counterclockwise    
000079c9  vsnprintf                     
00007c99  wcslen                        
20001188  x                             
20001124  xLocation                     
2000118c  y                             
20001130  yLocation                     


GLOBAL SYMBOLS: SORTED BY Symbol Address 

address   name                          
-------   ----                          
00000000  __TI_static_base__            
00000000  g_pfnVectors                  
0000026d  oi_alloc                      
00000279  oi_free                       
00000289  oi_init_noupdate              
000002b1  oi_init                       
000002c7  oi_close                      
000002d9  oi_update                     
0000032b  oi_parsePacket                
00000400  __SYSMEM_SIZE                 
00000800  __STACK_SIZE                  
0000084b  oi_setLeds                    
0000088f  oi_setWheels                  
00000915  oi_loadSong                   
0000096b  oi_play_song                  
0000097f  go_charge                     
0000098d  oi_uartInit                   
00000a15  oi_uartSendChar               
00000a31  oi_uartReceive                
00000a59  oi_uartSendStr                
00000a77  oi_uartSendBuff               
00000aa9  oi_checkFirmware              
00000b51  oi_shutoff_init               
00000bc3  GPIOF_Handler                 
00000db1  oi_setMotorCalibration        
00000ded  oi_getMotorCalibrationLeft    
00000e01  oi_getMotorCalibrationRight   
00000e8d  __TI_printfi                  
000018db  _nop                          
000018dd  pow                           
000018dd  powl                          
000022ad  update_location               
000022cd  bumped                        
000022f1  avoid_obstacle                
0000231f  boundDetect                   
0000237b  boundAvoid                    
000023bd  shinyDetect                   
000023ff  holeDetect                    
00002453  holeAvoid                     
000024a1  move_backward                 
0000259f  move_forward                  
00002755  calcNewXY                     
00002831  turn_clockwise                
000028d1  turn_counter_clockwise        
000029a5  followDirections              
00002b01  findRC                        
00002c03  reverse                       
00002c55  itoa                          
00002d03  send180                       
00002d75  scan180                       
00002e49  scnrAnalysis                  
00003181  trackAngles                   
000031c1  trackDistance                 
0000320d  reverseDirections             
00003281  getNumMoves                   
00003299  receive_number                
000032c1  set_location                  
000032f3  user_turn_counterclockwise    
0000332d  user_turn_clockwise           
00003367  user_move_forward             
000033ad  user_move_backward            
00003679  drive                         
000039f5  __kernel_rem_pio2             
0000412d  sin                           
0000412d  sinl                          
0000470d  cos                           
0000470d  cosl                          
00004ce9  log                           
00004ce9  logl                          
000050ad  lcd_reverseNibble             
000050e9  lcd_init                      
000051a9  lcd_putc                      
000051e1  lcd_puts                      
000051ff  lcd_sendCommand               
0000523d  lcd_sendNibble                
00005281  lcd_gotoLine                  
000052a9  lcd_setCursorPos              
000052e7  lcd_printf                    
00005645  ping_init                     
000056fd  trigger_ping                  
0000577b  ping_interrupt_handler        
000057bd  delta_to_distance             
00005815  ping_read                     
000058b1  timer_init                    
00005929  timer_stop                    
00005953  timer_pause                   
00005965  timer_resume                  
00005977  timer_getMillis               
000059cf  timer_getMicros               
00005a29  timer_waitMicros              
00005a5b  timer_waitMillis              
00005af9  adc_init                      
00005b77  adc_read                      
00005ba3  convertRawIR                  
00005bf1  irFindR                       
00005c95  irFindC                       
00005d29  uart_init                     
00005dcb  uart_sendChar                 
00005dfb  uart_receive                  
00005e25  uart_receive_blocking         
00005e45  uart_receive_server           
00005e7f  uart_sendStr                  
00005ead  uart_interrupt_init           
00005ecd  uart_interrupt_handler        
00006111  __aeabi_dsub                  
0000611b  __aeabi_dadd                  
000062c7  __aeabi_idiv0                 
000062c7  __aeabi_ldiv0                 
000062c9  __kernel_sin                  
0000643d  __kernel_cos                  
000065ad  sqrt                          
000065ad  sqrtl                         
00006705  servo_init                    
0000677f  servo_move                    
00006985  __aeabi_ddiv                  
00006be1  ldexp                         
00006be1  ldexpl                        
00006be1  scalbn                        
00006be1  scalbnl                       
00006cf1  aligned_alloc                 
00006cf1  memalign                      
00006df1  __aeabi_dmul                  
00006eed  floor                         
00006eed  floorl                        
00006fe5  free                          
000070c9  round                         
000070c9  roundl                        
0000723f  __aeabi_memcpy                
0000723f  __aeabi_memcpy4               
0000723f  __aeabi_memcpy8               
0000723f  memcpy                        
000072db  __aeabi_uldivmod              
00007371  __aeabi_cdcmpeq               
00007371  __aeabi_cdcmple               
000073f7  __aeabi_cdrcmple              
0000747d  __aeabi_memclr                
0000747d  __aeabi_memclr4               
0000747d  __aeabi_memclr8               
0000747f  __aeabi_memset                
0000747f  __aeabi_memset4               
0000747f  __aeabi_memset8               
00007485  memset                        
000075d7  __aeabi_d2f                   
00007645  __TI_decompress_lzss          
000076ad  frexp                         
000076ad  frexpl                        
00007711  main                          
000077c7  __TI_ltoa                     
0000786d  atoi                          
000078b9  __aeabi_d2iz                  
00007901  __TI_auto_init_nobinit_nopinit
00007945  __aeabi_d2uiz                 
00007989  sprintf                       
000079c9  vsnprintf                     
00007a49  calloc                        
00007a81  __aeabi_f2d                   
00007ab9  IntRegister                   
00007aed  _c_int00_noargs               
00007b51  __aeabi_i2d                   
00007bc5  memccpy                       
00007be1  copysign                      
00007be1  copysignl                     
00007c2b  oi_parseInt                   
00007c43  strcmp                        
00007c5b  strchr                        
00007c71  strcpy                        
00007c85  strlen                        
00007c99  wcslen                        
00007cab  IntMasterEnable               
00007cbb  lcd_clear                     
00007ccb  __TI_decompress_none          
00007cd9  CPUcpsie                      
00007ce5  __TI_zero_init                
00007cf1  ResetISR                      
00007d09  __aeabi_errno_addr            
00007d11  malloc                        
00007d19  _system_pre_init              
00007d1d  C$$EXIT                       
00007d1d  abort                         
00007e78  _ctypes_                      
00008034  __TI_Handler_Table_Base       
00008040  __TI_Handler_Table_Limit      
00008050  __TI_CINIT_Base               
00008068  __TI_CINIT_Limit              
20000000  __start___llvm_prf_cnts       
20000000  __stop___llvm_prf_cnts        
20000000  g_pfnRAMVectors               
20000270  __stack                       
20000470  __STACK_TOP                   
20000a70  __STACK_END                   
20000a70  _sys_memory                   
20000e70  givenDirs                     
200010d8  response                      
20001124  xLocation                     
20001130  yLocation                     
2000113c  _timeout_ticks                
20001140  command                       
20001144  number                        
20001148  flag                          
20001149  uart_data                     
20001150  motor_cal_factor_L            
20001154  motor_cal_factor_R            
20001170  r                             
20001178  c                             
20001180  numDirs                       
20001182  _running                      
20001184  hitSomething                  
20001188  x                             
2000118c  y                             
20001190  angle                         
20001194  timeFallingEdge               
20001198  timeRisingEdge                
2000119c  edgeCount                     
200011a0  _lock                         
200011a4  _unlock                       
200011b0  errno                         
200011b4  falling_edge                  
ffffffff  __TI_pprof_out_hndl           
ffffffff  __TI_prof_data_size           
ffffffff  __TI_prof_data_start          
ffffffff  __binit__                     
ffffffff  __c_args__                    
ffffffff  binit                         
UNDEFED   __mpu_init                    
UNDEFED   _system_post_cinit            

[225 symbols]
