******************************************************************************
                  TI ARM Linker PC v20.2.7                     
******************************************************************************
>> Linked Wed Nov 15 13:57:27 2023

OUTPUT FILE NAME:   <project.out>
ENTRY POINT SYMBOL: "_c_int00_noargs"  address: 000065e9


MEMORY CONFIGURATION

         name            origin    length      used     unused   attr    fill
----------------------  --------  ---------  --------  --------  ----  --------
  FLASH                 00000000   00040000  00006afb  00039505  R  X
  SRAM                  20000000   00008000  00000f33  000070cd  RW X


SEGMENT ALLOCATION MAP

run origin  load origin   length   init length attrs members
----------  ----------- ---------- ----------- ----- -------
00000000    00000000    00006b00   00006b00    r-x
  00000000    00000000    0000026c   0000026c    r-- .intvecs
  0000026c    0000026c    0000659c   0000659c    r-x .text
  00006808    00006808    000002a3   000002a3    r-- .const
  00006ab0    00006ab0    00000050   00000050    r-- .cinit
20000000    20000000    00000f3d   00000000    rw-
  20000000    20000000    0000026c   00000000    rw- .vtable
  20000270    20000270    00000800   00000000    rw- .stack
  20000a70    20000a70    00000400   00000000    rw- .sysmem
  20000e70    20000e70    00000072   00000000    rw- .bss
  20000ee8    20000ee8    00000055   00000000    rw- .data


SECTION ALLOCATION MAP

 output                                  attributes/
section   page    origin      length       input sections
--------  ----  ----------  ----------   ----------------
.intvecs   0    00000000    0000026c     
                  00000000    0000026c     tm4c123gh6pm_startup_ccs.obj (.intvecs)

.text      0    0000026c    0000659c     
                  0000026c    00000c20     open_interface.obj (.text)
                  00000e8c    00000a4e     rtsv7M4_T_le_v4SPD16_eabi.lib : _printfi.c.obj (.text:__TI_printfi)
                  000018da    00000002                                   : _lock.c.obj (.text:_nop)
                  000018dc    000009d0                                   : e_pow.c.obj (.text:pow)
                  000022ac    00000738                                   : k_rem_pio2.c.obj (.text:__kernel_rem_pio2)
                  000029e4    00000618     helpers.obj (.text)
                  00002ffc    000005e0     rtsv7M4_T_le_v4SPD16_eabi.lib : s_sin.c.obj (.text:sin)
                  000035dc    000003c4                                   : e_log.c.obj (.text:log)
                  000039a0    00000328     lcd.obj (.text)
                  00003cc8    0000028c     movement.obj (.text)
                  00003f54    00000270     rtsv7M4_T_le_v4SPD16_eabi.lib : _printfi.c.obj (.text:_pconv_a)
                  000041c4    0000026c     ping.obj (.text)
                  00004430    00000248     Timer.obj (.text)
                  00004678    00000230     adc.obj (.text)
                  000048a8    000001dc     uart.obj (.text)
                  00004a84    000001d0     rtsv7M4_T_le_v4SPD16_eabi.lib : _printfi.c.obj (.text:_pconv_g)
                  00004c54    000001b6                                   : fd_add_t2.asm.obj (.text)
                  00004e0a    00000002                                   : div0.asm.obj (.text)
                  00004e0c    00000174                                   : k_sin.c.obj (.text:__kernel_sin)
                  00004f80    00000170                                   : k_cos.c.obj (.text:__kernel_cos)
                  000050f0    00000158                                   : e_sqrt.c.obj (.text:sqrt)
                  00005248    00000148     servo.obj (.text)
                  00005390    0000013c     rtsv7M4_T_le_v4SPD16_eabi.lib : _printfi.c.obj (.text:_pconv_e)
                  000054cc    00000136                                   : fd_div_t2.asm.obj (.text)
                  00005602    00000002     --HOLE-- [fill = 0]
                  00005604    00000124                                   : _printfi.c.obj (.text:fcvt)
                  00005728    00000110                                   : s_scalbn.c.obj (.text:scalbn)
                  00005838    00000100                                   : memory.c.obj (.text:aligned_alloc)
                  00005938    000000fc                                   : fd_mul_t2.asm.obj (.text)
                  00005a34    000000f8                                   : s_floor.c.obj (.text:floor)
                  00005b2c    000000e4                                   : memory.c.obj (.text:free)
                  00005c10    000000c4                                   : s_round.c.obj (.text:round)
                  00005cd4    000000b1                                   : _printfi.c.obj (.text:_ltostr)
                  00005d85    00000001     --HOLE-- [fill = 0]
                  00005d86    0000009c                                   : memcpy_t2.asm.obj (.text)
                  00005e22    00000096                                   : ull_div_t2.asm.obj (.text)
                  00005eb8    00000086                                   : fd_cmp_t2.asm.obj (.text:__aeabi_cdcmple)
                  00005f3e    00000086                                   : fd_cmp_t2.asm.obj (.text:__aeabi_cdrcmple)
                  00005fc4    0000007a                                   : memset_t2.asm.obj (.text)
                  0000603e    00000002     --HOLE-- [fill = 0]
                  00006040    00000070                                   : memory.c.obj (.text:split)
                  000060b0    0000006e                                   : _printfi.c.obj (.text:_mcpy)
                  0000611e    0000006e                                   : fd_tos_t2.asm.obj (.text)
                  0000618c    00000068                                   : copy_decompress_lzss.c.obj (.text:decompress:lzss:__TI_decompress_lzss)
                  000061f4    00000064                                   : s_frexp.c.obj (.text:frexp)
                  00006258    00000056                                   : _printfi.c.obj (.text:_pconv_f)
                  000062ae    00000054                                   : _ltoa.c.obj (.text:__TI_ltoa)
                  00006302    00000052                                   : _printfi.c.obj (.text:_ecpy)
                  00006354    00000052     main.obj (.text)
                  000063a6    00000002     --HOLE-- [fill = 0]
                  000063a8    0000004c     rtsv7M4_T_le_v4SPD16_eabi.lib : atoi.c.obj (.text:atoi)
                  000063f4    00000048                                   : fd_toi_t2.asm.obj (.text)
                  0000643c    00000044                                   : autoinit.c.obj (.text:__TI_auto_init_nobinit_nopinit:__TI_auto_init_nobinit_nopinit)
                  00006480    00000044                                   : fd_tou_t2.asm.obj (.text)
                  000064c4    00000040                                   : vsnprintf.c.obj (.text:vsnprintf)
                  00006504    0000003e                                   : _printfi.c.obj (.text:_fcpy)
                  00006542    00000002     --HOLE-- [fill = 0]
                  00006544    00000038                                   : memory.c.obj (.text:calloc)
                  0000657c    00000038                                   : fs_tod_t2.asm.obj (.text)
                  000065b4    00000034     driverlib.lib : interrupt.obj (.text:IntRegister)
                  000065e8    00000034     rtsv7M4_T_le_v4SPD16_eabi.lib : boot_cortex_m.c.obj (.text:_c_int00_noargs:_c_int00_noargs)
                  0000661c    00000030                                   : vsnprintf.c.obj (.text:_outs)
                  0000664c    0000002e                                   : i_tofd_t2.asm.obj (.text)
                  0000667a    00000002     --HOLE-- [fill = 0]
                  0000667c    00000028                                   : memory.c.obj (.text:free_list_insert)
                  000066a4    0000001c                                   : copy_zero_init.c.obj (.text:decompress:ZI:__TI_zero_init_nomemset:__TI_zero_init_nomemset)
                  000066c0    0000001c                                   : memory.c.obj (.text:free_list_remove)
                  000066dc    0000001c                                   : memccpy.c.obj (.text:memccpy)
                  000066f8    0000001a                                   : s_copysign.c.obj (.text:copysign)
                  00006712    00000018                                   : vsnprintf.c.obj (.text:_outc)
                  0000672a    00000018     open_interface.obj (.text:oi_parseInt)
                  00006742    00000018     rtsv7M4_T_le_v4SPD16_eabi.lib : strcmp.c.obj (.text:strcmp)
                  0000675a    00000016                                   : strchr.c.obj (.text:strchr)
                  00006770    00000014                                   : strcpy.c.obj (.text:strcpy)
                  00006784    00000014                                   : strlen.c.obj (.text:strlen)
                  00006798    00000012                                   : wcslen.c.obj (.text:wcslen)
                  000067aa    00000010     driverlib.lib : interrupt.obj (.text:IntMasterEnable)
                  000067ba    00000010     lcd.obj (.text:lcd_clear)
                  000067ca    0000000e     rtsv7M4_T_le_v4SPD16_eabi.lib : copy_decompress_none.c.obj (.text:decompress:none:__TI_decompress_none)
                  000067d8    0000000c     driverlib.lib : cpu.obj (.text:CPUcpsie)
                  000067e4    0000000c     tm4c123gh6pm_startup_ccs.obj (.text)
                  000067f0    00000008     rtsv7M4_T_le_v4SPD16_eabi.lib : errno.c.obj (.text:__aeabi_errno_addr)
                  000067f8    00000008                                   : memory.c.obj (.text:malloc)
                  00006800    00000004                                   : pre_init.c.obj (.text:_system_pre_init)
                  00006804    00000004                                   : exit.c.obj (.text:abort:abort)

.const     0    00006808    000002a3     
                  00006808    00000158     rtsv7M4_T_le_v4SPD16_eabi.lib : k_rem_pio2.c.obj (.const:$O1$$)
                  00006960    00000101                                   : ctype.c.obj (.const:.string:_ctypes_)
                  00006a61    00000004     lcd.obj (.const:.string:lineAddress$1)
                  00006a65    00000003     --HOLE-- [fill = 0]
                  00006a68    00000030     rtsv7M4_T_le_v4SPD16_eabi.lib : e_pow.c.obj (.const:$O1$$)
                  00006a98    0000000f     open_interface.obj (.const:.string:$P$T0$3)
                  00006aa7    00000004     lcd.obj (.const:.string:lineAddresses$2)

.cinit     0    00006ab0    00000050     
                  00006ab0    00000019     (.cinit..data.load) [load image, compression = lzss]
                  00006ac9    00000003     --HOLE-- [fill = 0]
                  00006acc    0000000c     (__TI_handler_table)
                  00006ad8    00000008     (.cinit..bss.load) [load image, compression = zero_init]
                  00006ae0    00000008     (.cinit..vtable.load) [load image, compression = zero_init]
                  00006ae8    00000018     (__TI_cinit_table)

.init_array 
*          0    00000000    00000000     UNINITIALIZED

.vtable    0    20000000    0000026c     UNINITIALIZED
                  20000000    0000026c     driverlib.lib : interrupt.obj (.vtable)

.stack     0    20000270    00000800     UNINITIALIZED
                  20000270    00000004     rtsv7M4_T_le_v4SPD16_eabi.lib : boot_cortex_m.c.obj (.stack)
                  20000274    000007fc     --HOLE--

.sysmem    0    20000a70    00000400     UNINITIALIZED
                  20000a70    00000010     rtsv7M4_T_le_v4SPD16_eabi.lib : memory.c.obj (.sysmem)
                  20000a80    000003f0     --HOLE--

.bss       0    20000e70    00000072     UNINITIALIZED
                  20000e70    00000054     lcd.obj (.bss:lastbuffer$3)
                  20000ec4    00000018     open_interface.obj (.bss:firmware$2)
                  20000edc    00000004     (.common:_timeout_ticks)
                  20000ee0    00000001     (.common:flag)
                  20000ee1    00000001     (.common:uart_data)

.data      0    20000ee8    00000055     UNINITIALIZED
                  20000ee8    00000020     open_interface.obj (.data)
                  20000f08    00000010     helpers.obj (.data)
                  20000f18    0000000c     ping.obj (.data)
                  20000f24    00000008     rtsv7M4_T_le_v4SPD16_eabi.lib : _lock.c.obj (.data:$O1$$)
                  20000f2c    00000008                                   : memory.c.obj (.data:$O1$$)
                  20000f34    00000004                                   : errno.c.obj (.data)
                  20000f38    00000004     servo.obj (.data)
                  20000f3c    00000001     Timer.obj (.data)

__llvm_prf_cnts 
*          0    20000000    00000000     UNINITIALIZED

MODULE SUMMARY

       Module                         code    ro data   rw data
       ------                         ----    -------   -------
    .\
       open_interface.obj             3128    15        56     
       helpers.obj                    1560    0         16     
       lcd.obj                        824     8         84     
       movement.obj                   652     0         0      
       ping.obj                       620     0         12     
       tm4c123gh6pm_startup_ccs.obj   12      620       0      
       Timer.obj                      584     0         5      
       adc.obj                        560     0         0      
       uart.obj                       476     0         0      
       servo.obj                      328     0         4      
       main.obj                       82      0         2      
    +--+------------------------------+-------+---------+---------+
       Total:                         8826    643       179    
                                                               
    C:/ti/TivaWare_C_Series-2.2.0.295/driverlib/ccs/Debug/driverlib.lib
       interrupt.obj                  68      0         620    
       cpu.obj                        12      0         0      
    +--+------------------------------+-------+---------+---------+
       Total:                         80      0         620    
                                                               
    C:\ti\ccs1230\ccs\tools\compiler\ti-cgt-arm_20.2.7.LTS\lib\rtsv7M4_T_le_v4SPD16_eabi.lib
       _printfi.c.obj                 4851    0         0      
       e_pow.c.obj                    2512    48        0      
       k_rem_pio2.c.obj               1848    344       0      
       s_sin.c.obj                    1504    0         0      
       e_log.c.obj                    964     0         0      
       memory.c.obj                   728     0         8      
       fd_add_t2.asm.obj              438     0         0      
       k_sin.c.obj                    372     0         0      
       k_cos.c.obj                    368     0         0      
       e_sqrt.c.obj                   344     0         0      
       fd_div_t2.asm.obj              310     0         0      
       s_scalbn.c.obj                 272     0         0      
       fd_cmp_t2.asm.obj              268     0         0      
       ctype.c.obj                    0       257       0      
       fd_mul_t2.asm.obj              252     0         0      
       s_floor.c.obj                  248     0         0      
       s_round.c.obj                  196     0         0      
       memcpy_t2.asm.obj              156     0         0      
       ull_div_t2.asm.obj             150     0         0      
       vsnprintf.c.obj                136     0         0      
       memset_t2.asm.obj              122     0         0      
       fd_tos_t2.asm.obj              110     0         0      
       copy_decompress_lzss.c.obj     104     0         0      
       s_frexp.c.obj                  100     0         0      
       _ltoa.c.obj                    84      0         0      
       atoi.c.obj                     76      0         0      
       fd_toi_t2.asm.obj              72      0         0      
       autoinit.c.obj                 68      0         0      
       fd_tou_t2.asm.obj              68      0         0      
       fs_tod_t2.asm.obj              56      0         0      
       boot_cortex_m.c.obj            52      0         0      
       i_tofd_t2.asm.obj              46      0         0      
       copy_zero_init.c.obj           28      0         0      
       memccpy.c.obj                  28      0         0      
       s_copysign.c.obj               26      0         0      
       strcmp.c.obj                   24      0         0      
       strchr.c.obj                   22      0         0      
       strcpy.c.obj                   20      0         0      
       strlen.c.obj                   20      0         0      
       wcslen.c.obj                   18      0         0      
       copy_decompress_none.c.obj     14      0         0      
       errno.c.obj                    8       0         4      
       _lock.c.obj                    2       0         8      
       exit.c.obj                     4       0         0      
       pre_init.c.obj                 4       0         0      
       div0.asm.obj                   2       0         0      
    +--+------------------------------+-------+---------+---------+
       Total:                         17095   649       20     
                                                               
       Heap:                          0       0         1024   
       Stack:                         0       0         2048   
       Linker Generated:              0       77        0      
    +--+------------------------------+-------+---------+---------+
       Grand Total:                   26001   1369      3891   


LINKER GENERATED COPY TABLES

__TI_cinit_table @ 00006ae8 records: 3, size/record: 8, table size: 24
	.data: load addr=00006ab0, load size=00000019 bytes, run addr=20000ee8, run size=00000055 bytes, compression=lzss
	.bss: load addr=00006ad8, load size=00000008 bytes, run addr=20000e70, run size=00000072 bytes, compression=zero_init
	.vtable: load addr=00006ae0, load size=00000008 bytes, run addr=20000000, run size=0000026c bytes, compression=zero_init


LINKER GENERATED HANDLER TABLE

__TI_handler_table @ 00006acc records: 3, size/record: 4, table size: 12
	index: 0, handler: __TI_zero_init
	index: 1, handler: __TI_decompress_lzss
	index: 2, handler: __TI_decompress_none


GLOBAL SYMBOLS: SORTED ALPHABETICALLY BY Name 

address   name                          
-------   ----                          
00006805  C$$EXIT                       
000067d9  CPUcpsie                      
00000bc3  GPIOF_Handler                 
000067ab  IntMasterEnable               
000065b5  IntRegister                   
000067e5  ResetISR                      
20000a70  __STACK_END                   
00000800  __STACK_SIZE                  
20000470  __STACK_TOP                   
00000400  __SYSMEM_SIZE                 
00006ae8  __TI_CINIT_Base               
00006b00  __TI_CINIT_Limit              
00006acc  __TI_Handler_Table_Base       
00006ad8  __TI_Handler_Table_Limit      
0000643d  __TI_auto_init_nobinit_nopinit
0000618d  __TI_decompress_lzss          
000067cb  __TI_decompress_none          
000062af  __TI_ltoa                     
ffffffff  __TI_pprof_out_hndl           
00000e8d  __TI_printfi                  
ffffffff  __TI_prof_data_size           
ffffffff  __TI_prof_data_start          
00000000  __TI_static_base__            
000066a5  __TI_zero_init_nomemset       
00005eb9  __aeabi_cdcmpeq               
00005eb9  __aeabi_cdcmple               
00005f3f  __aeabi_cdrcmple              
0000611f  __aeabi_d2f                   
000063f5  __aeabi_d2iz                  
00006481  __aeabi_d2uiz                 
00004c5f  __aeabi_dadd                  
000054cd  __aeabi_ddiv                  
00005939  __aeabi_dmul                  
00004c55  __aeabi_dsub                  
000067f1  __aeabi_errno_addr            
0000657d  __aeabi_f2d                   
0000664d  __aeabi_i2d                   
00004e0b  __aeabi_idiv0                 
00004e0b  __aeabi_ldiv0                 
00005fc5  __aeabi_memclr                
00005fc5  __aeabi_memclr4               
00005fc5  __aeabi_memclr8               
00005d87  __aeabi_memcpy                
00005d87  __aeabi_memcpy4               
00005d87  __aeabi_memcpy8               
00005fc7  __aeabi_memset                
00005fc7  __aeabi_memset4               
00005fc7  __aeabi_memset8               
00005e23  __aeabi_uldivmod              
ffffffff  __binit__                     
ffffffff  __c_args__                    
00004f81  __kernel_cos                  
000022ad  __kernel_rem_pio2             
00004e0d  __kernel_sin                  
UNDEFED   __mpu_init                    
20000270  __stack                       
20000000  __start___llvm_prf_cnts       
20000000  __stop___llvm_prf_cnts        
000065e9  _c_int00_noargs               
00006960  _ctypes_                      
20000f24  _lock                         
000018db  _nop                          
20000f3c  _running                      
20000a70  _sys_memory                   
UNDEFED   _system_post_cinit            
00006801  _system_pre_init              
20000edc  _timeout_ticks                
20000f28  _unlock                       
00006805  abort                         
00004679  adc_init                      
000046f7  adc_read                      
00005839  aligned_alloc                 
000063a9  atoi                          
00003ced  avoid_obstacle                
ffffffff  binit                         
00003cc9  bumped                        
20000f10  c                             
00006545  calloc                        
00004723  convertRawIR                  
000066f9  copysign                      
000066f9  copysignl                     
0000433d  delta_to_distance             
20000f20  edgeCount                     
20000f34  errno                         
20000f38  falling_edge                  
000029e5  findRC                        
20000ee0  flag                          
00005a35  floor                         
00005a35  floorl                        
00005b2d  free                          
000061f5  frexp                         
000061f5  frexpl                        
20000000  g_pfnRAMVectors               
00000000  g_pfnVectors                  
00002be7  getSocket                     
0000097f  go_charge                     
00004815  irFindC                       
00004771  irFindR                       
00002b39  itoa                          
000067bb  lcd_clear                     
00003b75  lcd_gotoLine                  
000039dd  lcd_init                      
00003bdb  lcd_printf                    
00003a9d  lcd_putc                      
00003ad5  lcd_puts                      
000039a1  lcd_reverseNibble             
00003af3  lcd_sendCommand               
00003b31  lcd_sendNibble                
00003b9d  lcd_setCursorPos              
00005729  ldexp                         
00005729  ldexpl                        
000035dd  log                           
000035dd  logl                          
00006355  main                          
000067f9  malloc                        
00005839  memalign                      
000066dd  memccpy                       
00005d87  memcpy                        
00005fcd  memset                        
20000ee8  motor_cal_factor_L            
20000eec  motor_cal_factor_R            
00003d4f  move_backward                 
00003dc9  move_forward                  
0000026d  oi_alloc                      
00000aa9  oi_checkFirmware              
000002c7  oi_close                      
00000279  oi_free                       
00000ded  oi_getMotorCalibrationLeft    
00000e01  oi_getMotorCalibrationRight   
000002b1  oi_init                       
00000289  oi_init_noupdate              
00000915  oi_loadSong                   
0000672b  oi_parseInt                   
0000032b  oi_parsePacket                
0000096b  oi_play_song                  
0000084b  oi_setLeds                    
00000db1  oi_setMotorCalibration        
0000088f  oi_setWheels                  
00000b51  oi_shutoff_init               
0000098d  oi_uartInit                   
00000a31  oi_uartReceive                
00000a77  oi_uartSendBuff               
00000a15  oi_uartSendChar               
00000a59  oi_uartSendStr                
000002d9  oi_update                     
000041c5  ping_init                     
000042fb  ping_interrupt_handler        
00004395  ping_read                     
000018dd  pow                           
000018dd  powl                          
20000f08  r                             
00002ae7  reverse                       
00005c11  round                         
00005c11  roundl                        
00005729  scalbn                        
00005729  scalbnl                       
00002bfb  scan180                       
00002cad  scnrAnalysis                  
00005249  servo_init                    
000052c3  servo_move                    
00002ffd  sin                           
00002ffd  sinl                          
000050f1  sqrt                          
000050f1  sqrtl                         
0000675b  strchr                        
00006743  strcmp                        
00006771  strcpy                        
00006785  strlen                        
20000f18  timeFallingEdge               
20000f1c  timeRisingEdge                
0000454f  timer_getMicros               
000044f7  timer_getMillis               
00004431  timer_init                    
000044d3  timer_pause                   
000044e5  timer_resume                  
000044a9  timer_stop                    
000045a9  timer_waitMicros              
000045db  timer_waitMillis              
0000427d  trigger_ping                  
00003e6b  turn_clockwise                
00003edf  turn_counter_clockwise        
20000ee1  uart_data                     
000048a9  uart_init                     
00004a13  uart_interrupt_handler        
000049f3  uart_interrupt_init           
0000497b  uart_receive                  
000049a5  uart_receive_blocking         
0000494b  uart_sendChar                 
000049c5  uart_sendStr                  
000064c5  vsnprintf                     
00006799  wcslen                        


GLOBAL SYMBOLS: SORTED BY Symbol Address 

address   name                          
-------   ----                          
00000000  __TI_static_base__            
00000000  g_pfnVectors                  
0000026d  oi_alloc                      
00000279  oi_free                       
00000289  oi_init_noupdate              
000002b1  oi_init                       
000002c7  oi_close                      
000002d9  oi_update                     
0000032b  oi_parsePacket                
00000400  __SYSMEM_SIZE                 
00000800  __STACK_SIZE                  
0000084b  oi_setLeds                    
0000088f  oi_setWheels                  
00000915  oi_loadSong                   
0000096b  oi_play_song                  
0000097f  go_charge                     
0000098d  oi_uartInit                   
00000a15  oi_uartSendChar               
00000a31  oi_uartReceive                
00000a59  oi_uartSendStr                
00000a77  oi_uartSendBuff               
00000aa9  oi_checkFirmware              
00000b51  oi_shutoff_init               
00000bc3  GPIOF_Handler                 
00000db1  oi_setMotorCalibration        
00000ded  oi_getMotorCalibrationLeft    
00000e01  oi_getMotorCalibrationRight   
00000e8d  __TI_printfi                  
000018db  _nop                          
000018dd  pow                           
000018dd  powl                          
000022ad  __kernel_rem_pio2             
000029e5  findRC                        
00002ae7  reverse                       
00002b39  itoa                          
00002be7  getSocket                     
00002bfb  scan180                       
00002cad  scnrAnalysis                  
00002ffd  sin                           
00002ffd  sinl                          
000035dd  log                           
000035dd  logl                          
000039a1  lcd_reverseNibble             
000039dd  lcd_init                      
00003a9d  lcd_putc                      
00003ad5  lcd_puts                      
00003af3  lcd_sendCommand               
00003b31  lcd_sendNibble                
00003b75  lcd_gotoLine                  
00003b9d  lcd_setCursorPos              
00003bdb  lcd_printf                    
00003cc9  bumped                        
00003ced  avoid_obstacle                
00003d4f  move_backward                 
00003dc9  move_forward                  
00003e6b  turn_clockwise                
00003edf  turn_counter_clockwise        
000041c5  ping_init                     
0000427d  trigger_ping                  
000042fb  ping_interrupt_handler        
0000433d  delta_to_distance             
00004395  ping_read                     
00004431  timer_init                    
000044a9  timer_stop                    
000044d3  timer_pause                   
000044e5  timer_resume                  
000044f7  timer_getMillis               
0000454f  timer_getMicros               
000045a9  timer_waitMicros              
000045db  timer_waitMillis              
00004679  adc_init                      
000046f7  adc_read                      
00004723  convertRawIR                  
00004771  irFindR                       
00004815  irFindC                       
000048a9  uart_init                     
0000494b  uart_sendChar                 
0000497b  uart_receive                  
000049a5  uart_receive_blocking         
000049c5  uart_sendStr                  
000049f3  uart_interrupt_init           
00004a13  uart_interrupt_handler        
00004c55  __aeabi_dsub                  
00004c5f  __aeabi_dadd                  
00004e0b  __aeabi_idiv0                 
00004e0b  __aeabi_ldiv0                 
00004e0d  __kernel_sin                  
00004f81  __kernel_cos                  
000050f1  sqrt                          
000050f1  sqrtl                         
00005249  servo_init                    
000052c3  servo_move                    
000054cd  __aeabi_ddiv                  
00005729  ldexp                         
00005729  ldexpl                        
00005729  scalbn                        
00005729  scalbnl                       
00005839  aligned_alloc                 
00005839  memalign                      
00005939  __aeabi_dmul                  
00005a35  floor                         
00005a35  floorl                        
00005b2d  free                          
00005c11  round                         
00005c11  roundl                        
00005d87  __aeabi_memcpy                
00005d87  __aeabi_memcpy4               
00005d87  __aeabi_memcpy8               
00005d87  memcpy                        
00005e23  __aeabi_uldivmod              
00005eb9  __aeabi_cdcmpeq               
00005eb9  __aeabi_cdcmple               
00005f3f  __aeabi_cdrcmple              
00005fc5  __aeabi_memclr                
00005fc5  __aeabi_memclr4               
00005fc5  __aeabi_memclr8               
00005fc7  __aeabi_memset                
00005fc7  __aeabi_memset4               
00005fc7  __aeabi_memset8               
00005fcd  memset                        
0000611f  __aeabi_d2f                   
0000618d  __TI_decompress_lzss          
000061f5  frexp                         
000061f5  frexpl                        
000062af  __TI_ltoa                     
00006355  main                          
000063a9  atoi                          
000063f5  __aeabi_d2iz                  
0000643d  __TI_auto_init_nobinit_nopinit
00006481  __aeabi_d2uiz                 
000064c5  vsnprintf                     
00006545  calloc                        
0000657d  __aeabi_f2d                   
000065b5  IntRegister                   
000065e9  _c_int00_noargs               
0000664d  __aeabi_i2d                   
000066a5  __TI_zero_init_nomemset       
000066dd  memccpy                       
000066f9  copysign                      
000066f9  copysignl                     
0000672b  oi_parseInt                   
00006743  strcmp                        
0000675b  strchr                        
00006771  strcpy                        
00006785  strlen                        
00006799  wcslen                        
000067ab  IntMasterEnable               
000067bb  lcd_clear                     
000067cb  __TI_decompress_none          
000067d9  CPUcpsie                      
000067e5  ResetISR                      
000067f1  __aeabi_errno_addr            
000067f9  malloc                        
00006801  _system_pre_init              
00006805  C$$EXIT                       
00006805  abort                         
00006960  _ctypes_                      
00006acc  __TI_Handler_Table_Base       
00006ad8  __TI_Handler_Table_Limit      
00006ae8  __TI_CINIT_Base               
00006b00  __TI_CINIT_Limit              
20000000  __start___llvm_prf_cnts       
20000000  __stop___llvm_prf_cnts        
20000000  g_pfnRAMVectors               
20000270  __stack                       
20000470  __STACK_TOP                   
20000a70  __STACK_END                   
20000a70  _sys_memory                   
20000edc  _timeout_ticks                
20000ee0  flag                          
20000ee1  uart_data                     
20000ee8  motor_cal_factor_L            
20000eec  motor_cal_factor_R            
20000f08  r                             
20000f10  c                             
20000f18  timeFallingEdge               
20000f1c  timeRisingEdge                
20000f20  edgeCount                     
20000f24  _lock                         
20000f28  _unlock                       
20000f34  errno                         
20000f38  falling_edge                  
20000f3c  _running                      
ffffffff  __TI_pprof_out_hndl           
ffffffff  __TI_prof_data_size           
ffffffff  __TI_prof_data_start          
ffffffff  __binit__                     
ffffffff  __c_args__                    
ffffffff  binit                         
UNDEFED   __mpu_init                    
UNDEFED   _system_post_cinit            

[191 symbols]
