******************************************************************************
                  TI ARM Linker PC v20.2.7                     
******************************************************************************
>> Linked Sun Dec  3 16:16:08 2023

OUTPUT FILE NAME:   <project.out>
ENTRY POINT SYMBOL: "_c_int00_noargs"  address: 00007a29


MEMORY CONFIGURATION

         name            origin    length      used     unused   attr    fill
----------------------  --------  ---------  --------  --------  ----  --------
  FLASH                 00000000   00040000  00007f83  0003807d  R  X
  SRAM                  20000000   00008000  000011ae  00006e52  RW X


SEGMENT ALLOCATION MAP

run origin  load origin   length   init length attrs members
----------  ----------- ---------- ----------- ----- -------
00000000    00000000    00007f88   00007f88    r-x
  00000000    00000000    0000026c   0000026c    r-- .intvecs
  0000026c    0000026c    000079f0   000079f0    r-x .text
  00007c60    00007c60    000002bf   000002bf    r-- .const
  00007f20    00007f20    00000068   00000068    r-- .cinit
20000000    20000000    000011b8   00000000    rw-
  20000000    20000000    0000026c   00000000    rw- .vtable
  20000270    20000270    00000800   00000000    rw- .stack
  20000a70    20000a70    00000400   00000000    rw- .sysmem
  20000e70    20000e70    000002da   00000000    rw- .bss
  20001150    20001150    00000068   00000000    rw- .data


SECTION ALLOCATION MAP

 output                                  attributes/
section   page    origin      length       input sections
--------  ----  ----------  ----------   ----------------
.intvecs   0    00000000    0000026c     
                  00000000    0000026c     tm4c123gh6pm_startup_ccs.obj (.intvecs)

.text      0    0000026c    000079f0     
                  0000026c    00000c20     open_interface.obj (.text)
                  00000e8c    00000a4e     rtsv7M4_T_le_v4SPD16_eabi.lib : _printfi.c.obj (.text:__TI_printfi)
                  000018da    00000002                                   : _lock.c.obj (.text:_nop)
                  000018dc    000009d0                                   : e_pow.c.obj (.text:pow)
                  000022ac    0000083c     movement.obj (.text)
                  00002ae8    000007a0     helpers.obj (.text)
                  00003288    00000738     rtsv7M4_T_le_v4SPD16_eabi.lib : k_rem_pio2.c.obj (.text:__kernel_rem_pio2)
                  000039c0    000006a8     manual_control.obj (.text)
                  00004068    000005e0     rtsv7M4_T_le_v4SPD16_eabi.lib : s_sin.c.obj (.text:sin)
                  00004648    000005dc                                   : s_cos.c.obj (.text:cos)
                  00004c24    000003c4                                   : e_log.c.obj (.text:log)
                  00004fe8    00000328     lcd.obj (.text)
                  00005310    00000270     rtsv7M4_T_le_v4SPD16_eabi.lib : _printfi.c.obj (.text:_pconv_a)
                  00005580    0000026c     ping.obj (.text)
                  000057ec    00000248     Timer.obj (.text)
                  00005a34    00000230     adc.obj (.text)
                  00005c64    00000218     uart.obj (.text)
                  00005e7c    000001d0     rtsv7M4_T_le_v4SPD16_eabi.lib : _printfi.c.obj (.text:_pconv_g)
                  0000604c    000001b6                                   : fd_add_t2.asm.obj (.text)
                  00006202    00000002                                   : div0.asm.obj (.text)
                  00006204    00000174                                   : k_sin.c.obj (.text:__kernel_sin)
                  00006378    00000170                                   : k_cos.c.obj (.text:__kernel_cos)
                  000064e8    00000158                                   : e_sqrt.c.obj (.text:sqrt)
                  00006640    00000144     servo.obj (.text)
                  00006784    0000013c     rtsv7M4_T_le_v4SPD16_eabi.lib : _printfi.c.obj (.text:_pconv_e)
                  000068c0    00000136                                   : fd_div_t2.asm.obj (.text)
                  000069f6    00000002     --HOLE-- [fill = 0]
                  000069f8    00000124                                   : _printfi.c.obj (.text:fcvt)
                  00006b1c    00000110                                   : s_scalbn.c.obj (.text:scalbn)
                  00006c2c    00000100                                   : memory.c.obj (.text:aligned_alloc)
                  00006d2c    000000fc                                   : fd_mul_t2.asm.obj (.text)
                  00006e28    000000f8                                   : s_floor.c.obj (.text:floor)
                  00006f20    000000e4                                   : memory.c.obj (.text:free)
                  00007004    000000c4                                   : s_round.c.obj (.text:round)
                  000070c8    000000b1                                   : _printfi.c.obj (.text:_ltostr)
                  00007179    00000001     --HOLE-- [fill = 0]
                  0000717a    0000009c                                   : memcpy_t2.asm.obj (.text)
                  00007216    00000096                                   : ull_div_t2.asm.obj (.text)
                  000072ac    00000086                                   : fd_cmp_t2.asm.obj (.text:__aeabi_cdcmple)
                  00007332    00000086                                   : fd_cmp_t2.asm.obj (.text:__aeabi_cdrcmple)
                  000073b8    0000007a                                   : memset_t2.asm.obj (.text)
                  00007432    00000002     --HOLE-- [fill = 0]
                  00007434    00000070                                   : memory.c.obj (.text:split)
                  000074a4    0000006e                                   : _printfi.c.obj (.text:_mcpy)
                  00007512    0000006e                                   : fd_tos_t2.asm.obj (.text)
                  00007580    00000068                                   : copy_decompress_lzss.c.obj (.text:decompress:lzss:__TI_decompress_lzss)
                  000075e8    00000064                                   : s_frexp.c.obj (.text:frexp)
                  0000764c    00000060     main.obj (.text)
                  000076ac    00000056     rtsv7M4_T_le_v4SPD16_eabi.lib : _printfi.c.obj (.text:_pconv_f)
                  00007702    00000054                                   : _ltoa.c.obj (.text:__TI_ltoa)
                  00007756    00000052                                   : _printfi.c.obj (.text:_ecpy)
                  000077a8    0000004c                                   : atoi.c.obj (.text:atoi)
                  000077f4    00000048                                   : fd_toi_t2.asm.obj (.text)
                  0000783c    00000044                                   : autoinit.c.obj (.text:__TI_auto_init_nobinit_nopinit:__TI_auto_init_nobinit_nopinit)
                  00007880    00000044                                   : fd_tou_t2.asm.obj (.text)
                  000078c4    00000040                                   : sprintf.c.obj (.text:sprintf)
                  00007904    00000040                                   : vsnprintf.c.obj (.text:vsnprintf)
                  00007944    0000003e                                   : _printfi.c.obj (.text:_fcpy)
                  00007982    00000002     --HOLE-- [fill = 0]
                  00007984    00000038                                   : memory.c.obj (.text:calloc)
                  000079bc    00000038                                   : fs_tod_t2.asm.obj (.text)
                  000079f4    00000034     driverlib.lib : interrupt.obj (.text:IntRegister)
                  00007a28    00000034     rtsv7M4_T_le_v4SPD16_eabi.lib : boot_cortex_m.c.obj (.text:_c_int00_noargs:_c_int00_noargs)
                  00007a5c    00000030                                   : vsnprintf.c.obj (.text:_outs)
                  00007a8c    0000002e                                   : i_tofd_t2.asm.obj (.text)
                  00007aba    00000002     --HOLE-- [fill = 0]
                  00007abc    00000028                                   : memory.c.obj (.text:free_list_insert)
                  00007ae4    0000001c                                   : memory.c.obj (.text:free_list_remove)
                  00007b00    0000001c                                   : memccpy.c.obj (.text:memccpy)
                  00007b1c    0000001a                                   : s_copysign.c.obj (.text:copysign)
                  00007b36    00000018                                   : vsnprintf.c.obj (.text:_outc)
                  00007b4e    00000018                                   : sprintf.c.obj (.text:_outs)
                  00007b66    00000018     open_interface.obj (.text:oi_parseInt)
                  00007b7e    00000018     rtsv7M4_T_le_v4SPD16_eabi.lib : strcmp.c.obj (.text:strcmp)
                  00007b96    00000016                                   : strchr.c.obj (.text:strchr)
                  00007bac    00000014                                   : strcpy.c.obj (.text:strcpy)
                  00007bc0    00000014                                   : strlen.c.obj (.text:strlen)
                  00007bd4    00000012                                   : wcslen.c.obj (.text:wcslen)
                  00007be6    00000010     driverlib.lib : interrupt.obj (.text:IntMasterEnable)
                  00007bf6    00000010     lcd.obj (.text:lcd_clear)
                  00007c06    0000000e     rtsv7M4_T_le_v4SPD16_eabi.lib : copy_decompress_none.c.obj (.text:decompress:none:__TI_decompress_none)
                  00007c14    0000000c     driverlib.lib : cpu.obj (.text:CPUcpsie)
                  00007c20    0000000c     rtsv7M4_T_le_v4SPD16_eabi.lib : copy_zero_init.c.obj (.text:decompress:ZI:__TI_zero_init)
                  00007c2c    0000000c     tm4c123gh6pm_startup_ccs.obj (.text)
                  00007c38    0000000a     rtsv7M4_T_le_v4SPD16_eabi.lib : sprintf.c.obj (.text:_outc)
                  00007c42    00000002     --HOLE-- [fill = 0]
                  00007c44    00000008                                   : errno.c.obj (.text:__aeabi_errno_addr)
                  00007c4c    00000008                                   : memory.c.obj (.text:malloc)
                  00007c54    00000004                                   : pre_init.c.obj (.text:_system_pre_init)
                  00007c58    00000004                                   : exit.c.obj (.text:abort:abort)

.const     0    00007c60    000002bf     
                  00007c60    00000158     rtsv7M4_T_le_v4SPD16_eabi.lib : k_rem_pio2.c.obj (.const:$O1$$)
                  00007db8    00000101                                   : ctype.c.obj (.const:.string:_ctypes_)
                  00007eb9    00000004     lcd.obj (.const:.string:lineAddress$1)
                  00007ebd    00000003     --HOLE-- [fill = 0]
                  00007ec0    00000030     rtsv7M4_T_le_v4SPD16_eabi.lib : e_pow.c.obj (.const:$O1$$)
                  00007ef0    0000000f     open_interface.obj (.const:.string:$P$T0$3)
                  00007eff    0000000e     movement.obj (.const:.string:$P$T0$1)
                  00007f0d    0000000e     movement.obj (.const:.string:$P$T1$2)
                  00007f1b    00000004     lcd.obj (.const:.string:lineAddresses$2)

.cinit     0    00007f20    00000068     
                  00007f20    00000033     (.cinit..data.load) [load image, compression = lzss]
                  00007f53    00000001     --HOLE-- [fill = 0]
                  00007f54    0000000c     (__TI_handler_table)
                  00007f60    00000008     (.cinit..bss.load) [load image, compression = zero_init]
                  00007f68    00000008     (.cinit..vtable.load) [load image, compression = zero_init]
                  00007f70    00000018     (__TI_cinit_table)

.init_array 
*          0    00000000    00000000     UNINITIALIZED

.vtable    0    20000000    0000026c     UNINITIALIZED
                  20000000    0000026c     driverlib.lib : interrupt.obj (.vtable)

.stack     0    20000270    00000800     UNINITIALIZED
                  20000270    00000004     rtsv7M4_T_le_v4SPD16_eabi.lib : boot_cortex_m.c.obj (.stack)
                  20000274    000007fc     --HOLE--

.sysmem    0    20000a70    00000400     UNINITIALIZED
                  20000a70    00000010     rtsv7M4_T_le_v4SPD16_eabi.lib : memory.c.obj (.sysmem)
                  20000a80    000003f0     --HOLE--

.bss       0    20000e70    000002da     UNINITIALIZED
                  20000e70    000001e0     (.common:givenDirs)
                  20001050    00000054     lcd.obj (.bss:lastbuffer$3)
                  200010a4    00000034     uart.obj (.bss:data$1)
                  200010d8    00000034     (.common:response)
                  2000110c    00000018     open_interface.obj (.bss:firmware$2)
                  20001124    0000000c     (.common:xLocation)
                  20001130    0000000c     (.common:yLocation)
                  2000113c    00000004     (.common:_timeout_ticks)
                  20001140    00000004     (.common:command)
                  20001144    00000004     (.common:number)
                  20001148    00000001     (.common:flag)
                  20001149    00000001     (.common:uart_data)

.data      0    20001150    00000068     UNINITIALIZED
                  20001150    00000020     open_interface.obj (.data)
                  20001170    00000012     helpers.obj (.data)
                  20001182    00000001     Timer.obj (.data)
                  20001183    00000001     --HOLE--
                  20001184    00000010     movement.obj (.data)
                  20001194    0000000c     ping.obj (.data)
                  200011a0    00000008     rtsv7M4_T_le_v4SPD16_eabi.lib : _lock.c.obj (.data:$O1$$)
                  200011a8    00000008                                   : memory.c.obj (.data:$O1$$)
                  200011b0    00000004                                   : errno.c.obj (.data)
                  200011b4    00000004     servo.obj (.data)

__llvm_prf_cnts 
*          0    20000000    00000000     UNINITIALIZED

MODULE SUMMARY

       Module                         code    ro data   rw data
       ------                         ----    -------   -------
    .\
       open_interface.obj             3128    15        56     
       helpers.obj                    1952    0         498    
       movement.obj                   2108    28        40     
       manual_control.obj             1704    0         60     
       lcd.obj                        824     8         84     
       ping.obj                       620     0         12     
       tm4c123gh6pm_startup_ccs.obj   12      620       0      
       Timer.obj                      584     0         5      
       uart.obj                       536     0         52     
       adc.obj                        560     0         0      
       servo.obj                      324     0         4      
       main.obj                       96      0         2      
    +--+------------------------------+-------+---------+---------+
       Total:                         12448   671       813    
                                                               
    C:/ti/TivaWare_C_Series-2.2.0.295/driverlib/ccs/Debug/driverlib.lib
       interrupt.obj                  68      0         620    
       cpu.obj                        12      0         0      
    +--+------------------------------+-------+---------+---------+
       Total:                         80      0         620    
                                                               
    C:\ti\ccs1230\ccs\tools\compiler\ti-cgt-arm_20.2.7.LTS\lib\rtsv7M4_T_le_v4SPD16_eabi.lib
       _printfi.c.obj                 4851    0         0      
       e_pow.c.obj                    2512    48        0      
       k_rem_pio2.c.obj               1848    344       0      
       s_sin.c.obj                    1504    0         0      
       s_cos.c.obj                    1500    0         0      
       e_log.c.obj                    964     0         0      
       memory.c.obj                   728     0         8      
       fd_add_t2.asm.obj              438     0         0      
       k_sin.c.obj                    372     0         0      
       k_cos.c.obj                    368     0         0      
       e_sqrt.c.obj                   344     0         0      
       fd_div_t2.asm.obj              310     0         0      
       s_scalbn.c.obj                 272     0         0      
       fd_cmp_t2.asm.obj              268     0         0      
       ctype.c.obj                    0       257       0      
       fd_mul_t2.asm.obj              252     0         0      
       s_floor.c.obj                  248     0         0      
       s_round.c.obj                  196     0         0      
       memcpy_t2.asm.obj              156     0         0      
       ull_div_t2.asm.obj             150     0         0      
       vsnprintf.c.obj                136     0         0      
       memset_t2.asm.obj              122     0         0      
       fd_tos_t2.asm.obj              110     0         0      
       copy_decompress_lzss.c.obj     104     0         0      
       s_frexp.c.obj                  100     0         0      
       sprintf.c.obj                  98      0         0      
       _ltoa.c.obj                    84      0         0      
       atoi.c.obj                     76      0         0      
       fd_toi_t2.asm.obj              72      0         0      
       autoinit.c.obj                 68      0         0      
       fd_tou_t2.asm.obj              68      0         0      
       fs_tod_t2.asm.obj              56      0         0      
       boot_cortex_m.c.obj            52      0         0      
       i_tofd_t2.asm.obj              46      0         0      
       memccpy.c.obj                  28      0         0      
       s_copysign.c.obj               26      0         0      
       strcmp.c.obj                   24      0         0      
       strchr.c.obj                   22      0         0      
       strcpy.c.obj                   20      0         0      
       strlen.c.obj                   20      0         0      
       wcslen.c.obj                   18      0         0      
       copy_decompress_none.c.obj     14      0         0      
       copy_zero_init.c.obj           12      0         0      
       errno.c.obj                    8       0         4      
       _lock.c.obj                    2       0         8      
       exit.c.obj                     4       0         0      
       pre_init.c.obj                 4       0         0      
       div0.asm.obj                   2       0         0      
    +--+------------------------------+-------+---------+---------+
       Total:                         18677   649       20     
                                                               
       Heap:                          0       0         1024   
       Stack:                         0       0         2048   
       Linker Generated:              0       103       0      
    +--+------------------------------+-------+---------+---------+
       Grand Total:                   31205   1423      4525   


LINKER GENERATED COPY TABLES

__TI_cinit_table @ 00007f70 records: 3, size/record: 8, table size: 24
	.data: load addr=00007f20, load size=00000033 bytes, run addr=20001150, run size=00000068 bytes, compression=lzss
	.bss: load addr=00007f60, load size=00000008 bytes, run addr=20000e70, run size=000002da bytes, compression=zero_init
	.vtable: load addr=00007f68, load size=00000008 bytes, run addr=20000000, run size=0000026c bytes, compression=zero_init


LINKER GENERATED HANDLER TABLE

__TI_handler_table @ 00007f54 records: 3, size/record: 4, table size: 12
	index: 0, handler: __TI_zero_init
	index: 1, handler: __TI_decompress_lzss
	index: 2, handler: __TI_decompress_none


GLOBAL SYMBOLS: SORTED ALPHABETICALLY BY Name 

address   name                          
-------   ----                          
00007c59  C$$EXIT                       
00007c15  CPUcpsie                      
00000bc3  GPIOF_Handler                 
00007be7  IntMasterEnable               
000079f5  IntRegister                   
00007c2d  ResetISR                      
20000a70  __STACK_END                   
00000800  __STACK_SIZE                  
20000470  __STACK_TOP                   
00000400  __SYSMEM_SIZE                 
00007f70  __TI_CINIT_Base               
00007f88  __TI_CINIT_Limit              
00007f54  __TI_Handler_Table_Base       
00007f60  __TI_Handler_Table_Limit      
0000783d  __TI_auto_init_nobinit_nopinit
00007581  __TI_decompress_lzss          
00007c07  __TI_decompress_none          
00007703  __TI_ltoa                     
ffffffff  __TI_pprof_out_hndl           
00000e8d  __TI_printfi                  
ffffffff  __TI_prof_data_size           
ffffffff  __TI_prof_data_start          
00000000  __TI_static_base__            
00007c21  __TI_zero_init                
000072ad  __aeabi_cdcmpeq               
000072ad  __aeabi_cdcmple               
00007333  __aeabi_cdrcmple              
00007513  __aeabi_d2f                   
000077f5  __aeabi_d2iz                  
00007881  __aeabi_d2uiz                 
00006057  __aeabi_dadd                  
000068c1  __aeabi_ddiv                  
00006d2d  __aeabi_dmul                  
0000604d  __aeabi_dsub                  
00007c45  __aeabi_errno_addr            
000079bd  __aeabi_f2d                   
00007a8d  __aeabi_i2d                   
00006203  __aeabi_idiv0                 
00006203  __aeabi_ldiv0                 
000073b9  __aeabi_memclr                
000073b9  __aeabi_memclr4               
000073b9  __aeabi_memclr8               
0000717b  __aeabi_memcpy                
0000717b  __aeabi_memcpy4               
0000717b  __aeabi_memcpy8               
000073bb  __aeabi_memset                
000073bb  __aeabi_memset4               
000073bb  __aeabi_memset8               
00007217  __aeabi_uldivmod              
ffffffff  __binit__                     
ffffffff  __c_args__                    
00006379  __kernel_cos                  
00003289  __kernel_rem_pio2             
00006205  __kernel_sin                  
UNDEFED   __mpu_init                    
20000270  __stack                       
20000000  __start___llvm_prf_cnts       
20000000  __stop___llvm_prf_cnts        
00007a29  _c_int00_noargs               
00007db8  _ctypes_                      
200011a0  _lock                         
000018db  _nop                          
20001182  _running                      
20000a70  _sys_memory                   
UNDEFED   _system_post_cinit            
00007c55  _system_pre_init              
2000113c  _timeout_ticks                
200011a4  _unlock                       
00007c59  abort                         
00005a35  adc_init                      
00005ab3  adc_read                      
00006c2d  aligned_alloc                 
20001190  angle                         
000077a9  atoi                          
000022d1  avoid_obstacle                
ffffffff  binit                         
0000235b  boundAvoid                    
000022ff  boundDetect                   
000022ad  bumped                        
20001178  c                             
00002755  calcNewXY                     
00007985  calloc                        
20001140  command                       
00005adf  convertRawIR                  
00007b1d  copysign                      
00007b1d  copysignl                     
00004649  cos                           
00004649  cosl                          
000056f9  delta_to_distance             
00003cf1  drive                         
2000119c  edgeCount                     
200011b0  errno                         
200011b4  falling_edge                  
00002ae9  findRC                        
20001148  flag                          
00006e29  floor                         
00006e29  floorl                        
0000298d  followDirections              
00006f21  free                          
000075e9  frexp                         
000075e9  frexpl                        
20000000  g_pfnRAMVectors               
00000000  g_pfnVectors                  
0000326f  getNumMoves                   
20000e70  givenDirs                     
0000097f  go_charge                     
20001184  hitSomething                  
00002433  holeAvoid                     
000023df  holeDetect                    
00005bd1  irFindC                       
00005b2d  irFindR                       
00002c3d  itoa                          
00007bf7  lcd_clear                     
000051bd  lcd_gotoLine                  
00005025  lcd_init                      
00005223  lcd_printf                    
000050e5  lcd_putc                      
0000511d  lcd_puts                      
00004fe9  lcd_reverseNibble             
0000513b  lcd_sendCommand               
00005179  lcd_sendNibble                
000051e5  lcd_setCursorPos              
00006b1d  ldexp                         
00006b1d  ldexpl                        
00004c25  log                           
00004c25  logl                          
0000764d  main                          
00007c4d  malloc                        
00006c2d  memalign                      
00007b01  memccpy                       
0000717b  memcpy                        
000073c1  memset                        
20001150  motor_cal_factor_L            
20001154  motor_cal_factor_R            
00002473  move_backward                 
0000256f  move_forward                  
20001180  numDirs                       
20001144  number                        
0000026d  oi_alloc                      
00000aa9  oi_checkFirmware              
000002c7  oi_close                      
00000279  oi_free                       
00000ded  oi_getMotorCalibrationLeft    
00000e01  oi_getMotorCalibrationRight   
000002b1  oi_init                       
00000289  oi_init_noupdate              
00000915  oi_loadSong                   
00007b67  oi_parseInt                   
0000032b  oi_parsePacket                
0000096b  oi_play_song                  
0000084b  oi_setLeds                    
00000db1  oi_setMotorCalibration        
0000088f  oi_setWheels                  
00000b51  oi_shutoff_init               
0000098d  oi_uartInit                   
00000a31  oi_uartReceive                
00000a77  oi_uartSendBuff               
00000a15  oi_uartSendChar               
00000a59  oi_uartSendStr                
000002d9  oi_update                     
00005581  ping_init                     
000056b7  ping_interrupt_handler        
00005751  ping_read                     
000018dd  pow                           
000018dd  powl                          
20001170  r                             
000039c1  receive_number                
200010d8  response                      
00002beb  reverse                       
000031f5  reverseDirections             
00007005  round                         
00007005  roundl                        
00006b1d  scalbn                        
00006b1d  scalbnl                       
00002d5d  scan180                       
00002e31  scnrAnalysis                  
00002ceb  send180                       
00006641  servo_init                    
000066bb  servo_move                    
0000239d  shinyDetect                   
00004069  sin                           
00004069  sinl                          
000078c5  sprintf                       
000064e9  sqrt                          
000064e9  sqrtl                         
00007b97  strchr                        
00007b7f  strcmp                        
00007bad  strcpy                        
00007bc1  strlen                        
20001194  timeFallingEdge               
20001198  timeRisingEdge                
0000590b  timer_getMicros               
000058b3  timer_getMillis               
000057ed  timer_init                    
0000588f  timer_pause                   
000058a1  timer_resume                  
00005865  timer_stop                    
00005965  timer_waitMicros              
00005997  timer_waitMillis              
00003169  trackAngles                   
000031a9  trackDistance                 
00005639  trigger_ping                  
00002831  turn_clockwise                
000028cd  turn_counter_clockwise        
20001149  uart_data                     
00005c65  uart_init                     
00005e09  uart_interrupt_handler        
00005de9  uart_interrupt_init           
00005d37  uart_receive                  
00005d61  uart_receive_blocking         
00005d81  uart_receive_server           
00005d07  uart_sendChar                 
00005dbb  uart_sendStr                  
00003aa3  user_move_backward            
00003a5d  user_move_forward             
00003a23  user_turn_clockwise           
000039e9  user_turn_counterclockwise    
00007905  vsnprintf                     
00007bd5  wcslen                        
20001188  x                             
20001124  xLocation                     
2000118c  y                             
20001130  yLocation                     


GLOBAL SYMBOLS: SORTED BY Symbol Address 

address   name                          
-------   ----                          
00000000  __TI_static_base__            
00000000  g_pfnVectors                  
0000026d  oi_alloc                      
00000279  oi_free                       
00000289  oi_init_noupdate              
000002b1  oi_init                       
000002c7  oi_close                      
000002d9  oi_update                     
0000032b  oi_parsePacket                
00000400  __SYSMEM_SIZE                 
00000800  __STACK_SIZE                  
0000084b  oi_setLeds                    
0000088f  oi_setWheels                  
00000915  oi_loadSong                   
0000096b  oi_play_song                  
0000097f  go_charge                     
0000098d  oi_uartInit                   
00000a15  oi_uartSendChar               
00000a31  oi_uartReceive                
00000a59  oi_uartSendStr                
00000a77  oi_uartSendBuff               
00000aa9  oi_checkFirmware              
00000b51  oi_shutoff_init               
00000bc3  GPIOF_Handler                 
00000db1  oi_setMotorCalibration        
00000ded  oi_getMotorCalibrationLeft    
00000e01  oi_getMotorCalibrationRight   
00000e8d  __TI_printfi                  
000018db  _nop                          
000018dd  pow                           
000018dd  powl                          
000022ad  bumped                        
000022d1  avoid_obstacle                
000022ff  boundDetect                   
0000235b  boundAvoid                    
0000239d  shinyDetect                   
000023df  holeDetect                    
00002433  holeAvoid                     
00002473  move_backward                 
0000256f  move_forward                  
00002755  calcNewXY                     
00002831  turn_clockwise                
000028cd  turn_counter_clockwise        
0000298d  followDirections              
00002ae9  findRC                        
00002beb  reverse                       
00002c3d  itoa                          
00002ceb  send180                       
00002d5d  scan180                       
00002e31  scnrAnalysis                  
00003169  trackAngles                   
000031a9  trackDistance                 
000031f5  reverseDirections             
0000326f  getNumMoves                   
00003289  __kernel_rem_pio2             
000039c1  receive_number                
000039e9  user_turn_counterclockwise    
00003a23  user_turn_clockwise           
00003a5d  user_move_forward             
00003aa3  user_move_backward            
00003cf1  drive                         
00004069  sin                           
00004069  sinl                          
00004649  cos                           
00004649  cosl                          
00004c25  log                           
00004c25  logl                          
00004fe9  lcd_reverseNibble             
00005025  lcd_init                      
000050e5  lcd_putc                      
0000511d  lcd_puts                      
0000513b  lcd_sendCommand               
00005179  lcd_sendNibble                
000051bd  lcd_gotoLine                  
000051e5  lcd_setCursorPos              
00005223  lcd_printf                    
00005581  ping_init                     
00005639  trigger_ping                  
000056b7  ping_interrupt_handler        
000056f9  delta_to_distance             
00005751  ping_read                     
000057ed  timer_init                    
00005865  timer_stop                    
0000588f  timer_pause                   
000058a1  timer_resume                  
000058b3  timer_getMillis               
0000590b  timer_getMicros               
00005965  timer_waitMicros              
00005997  timer_waitMillis              
00005a35  adc_init                      
00005ab3  adc_read                      
00005adf  convertRawIR                  
00005b2d  irFindR                       
00005bd1  irFindC                       
00005c65  uart_init                     
00005d07  uart_sendChar                 
00005d37  uart_receive                  
00005d61  uart_receive_blocking         
00005d81  uart_receive_server           
00005dbb  uart_sendStr                  
00005de9  uart_interrupt_init           
00005e09  uart_interrupt_handler        
0000604d  __aeabi_dsub                  
00006057  __aeabi_dadd                  
00006203  __aeabi_idiv0                 
00006203  __aeabi_ldiv0                 
00006205  __kernel_sin                  
00006379  __kernel_cos                  
000064e9  sqrt                          
000064e9  sqrtl                         
00006641  servo_init                    
000066bb  servo_move                    
000068c1  __aeabi_ddiv                  
00006b1d  ldexp                         
00006b1d  ldexpl                        
00006b1d  scalbn                        
00006b1d  scalbnl                       
00006c2d  aligned_alloc                 
00006c2d  memalign                      
00006d2d  __aeabi_dmul                  
00006e29  floor                         
00006e29  floorl                        
00006f21  free                          
00007005  round                         
00007005  roundl                        
0000717b  __aeabi_memcpy                
0000717b  __aeabi_memcpy4               
0000717b  __aeabi_memcpy8               
0000717b  memcpy                        
00007217  __aeabi_uldivmod              
000072ad  __aeabi_cdcmpeq               
000072ad  __aeabi_cdcmple               
00007333  __aeabi_cdrcmple              
000073b9  __aeabi_memclr                
000073b9  __aeabi_memclr4               
000073b9  __aeabi_memclr8               
000073bb  __aeabi_memset                
000073bb  __aeabi_memset4               
000073bb  __aeabi_memset8               
000073c1  memset                        
00007513  __aeabi_d2f                   
00007581  __TI_decompress_lzss          
000075e9  frexp                         
000075e9  frexpl                        
0000764d  main                          
00007703  __TI_ltoa                     
000077a9  atoi                          
000077f5  __aeabi_d2iz                  
0000783d  __TI_auto_init_nobinit_nopinit
00007881  __aeabi_d2uiz                 
000078c5  sprintf                       
00007905  vsnprintf                     
00007985  calloc                        
000079bd  __aeabi_f2d                   
000079f5  IntRegister                   
00007a29  _c_int00_noargs               
00007a8d  __aeabi_i2d                   
00007b01  memccpy                       
00007b1d  copysign                      
00007b1d  copysignl                     
00007b67  oi_parseInt                   
00007b7f  strcmp                        
00007b97  strchr                        
00007bad  strcpy                        
00007bc1  strlen                        
00007bd5  wcslen                        
00007be7  IntMasterEnable               
00007bf7  lcd_clear                     
00007c07  __TI_decompress_none          
00007c15  CPUcpsie                      
00007c21  __TI_zero_init                
00007c2d  ResetISR                      
00007c45  __aeabi_errno_addr            
00007c4d  malloc                        
00007c55  _system_pre_init              
00007c59  C$$EXIT                       
00007c59  abort                         
00007db8  _ctypes_                      
00007f54  __TI_Handler_Table_Base       
00007f60  __TI_Handler_Table_Limit      
00007f70  __TI_CINIT_Base               
00007f88  __TI_CINIT_Limit              
20000000  __start___llvm_prf_cnts       
20000000  __stop___llvm_prf_cnts        
20000000  g_pfnRAMVectors               
20000270  __stack                       
20000470  __STACK_TOP                   
20000a70  __STACK_END                   
20000a70  _sys_memory                   
20000e70  givenDirs                     
200010d8  response                      
20001124  xLocation                     
20001130  yLocation                     
2000113c  _timeout_ticks                
20001140  command                       
20001144  number                        
20001148  flag                          
20001149  uart_data                     
20001150  motor_cal_factor_L            
20001154  motor_cal_factor_R            
20001170  r                             
20001178  c                             
20001180  numDirs                       
20001182  _running                      
20001184  hitSomething                  
20001188  x                             
2000118c  y                             
20001190  angle                         
20001194  timeFallingEdge               
20001198  timeRisingEdge                
2000119c  edgeCount                     
200011a0  _lock                         
200011a4  _unlock                       
200011b0  errno                         
200011b4  falling_edge                  
ffffffff  __TI_pprof_out_hndl           
ffffffff  __TI_prof_data_size           
ffffffff  __TI_prof_data_start          
ffffffff  __binit__                     
ffffffff  __c_args__                    
ffffffff  binit                         
UNDEFED   __mpu_init                    
UNDEFED   _system_post_cinit            

[223 symbols]
