<?xml version="1.0" encoding="ISO-8859-1" ?>
<link_info>
   <banner>TI ARM Linker PC v20.2.7.LTS</banner>
   <copyright>Copyright (c) 1996-2018 Texas Instruments Incorporated</copyright>
   <link_time>0x656a64c6</link_time>
   <link_errors>0x0</link_errors>
   <output_file>project.out</output_file>
   <entry_point>
      <name>_c_int00_noargs</name>
      <address>0x70f5</address>
   </entry_point>
   <input_file_list>
      <input_file id="fl-2">
         <path>.\</path>
         <kind>object</kind>
         <file>Timer.obj</file>
         <name>Timer.obj</name>
      </input_file>
      <input_file id="fl-3">
         <path>.\</path>
         <kind>object</kind>
         <file>adc.obj</file>
         <name>adc.obj</name>
      </input_file>
      <input_file id="fl-4">
         <path>.\</path>
         <kind>object</kind>
         <file>helpers.obj</file>
         <name>helpers.obj</name>
      </input_file>
      <input_file id="fl-5">
         <path>.\</path>
         <kind>object</kind>
         <file>lcd.obj</file>
         <name>lcd.obj</name>
      </input_file>
      <input_file id="fl-6">
         <path>.\</path>
         <kind>object</kind>
         <file>main.obj</file>
         <name>main.obj</name>
      </input_file>
      <input_file id="fl-7">
         <path>.\</path>
         <kind>object</kind>
         <file>manual_control.obj</file>
         <name>manual_control.obj</name>
      </input_file>
      <input_file id="fl-8">
         <path>.\</path>
         <kind>object</kind>
         <file>movement.obj</file>
         <name>movement.obj</name>
      </input_file>
      <input_file id="fl-9">
         <path>.\</path>
         <kind>object</kind>
         <file>open_interface.obj</file>
         <name>open_interface.obj</name>
      </input_file>
      <input_file id="fl-a">
         <path>.\</path>
         <kind>object</kind>
         <file>ping.obj</file>
         <name>ping.obj</name>
      </input_file>
      <input_file id="fl-b">
         <path>.\</path>
         <kind>object</kind>
         <file>servo.obj</file>
         <name>servo.obj</name>
      </input_file>
      <input_file id="fl-c">
         <path>.\</path>
         <kind>object</kind>
         <file>tm4c123gh6pm_startup_ccs.obj</file>
         <name>tm4c123gh6pm_startup_ccs.obj</name>
      </input_file>
      <input_file id="fl-d">
         <path>.\</path>
         <kind>object</kind>
         <file>uart.obj</file>
         <name>uart.obj</name>
      </input_file>
      <input_file id="fl-12">
         <kind>object</kind>
         <file>&lt;internal&gt;</file>
         <name>&lt;internal&gt;</name>
      </input_file>
      <input_file id="fl-c8">
         <path>C:\ti\ccs1230\ccs\tools\compiler\ti-cgt-arm_20.2.7.LTS\lib\</path>
         <kind>archive</kind>
         <file>rtsv7M4_T_le_v4SPD16_eabi.lib</file>
         <name>e_log.c.obj</name>
      </input_file>
      <input_file id="fl-c9">
         <path>C:\ti\ccs1230\ccs\tools\compiler\ti-cgt-arm_20.2.7.LTS\lib\</path>
         <kind>archive</kind>
         <file>rtsv7M4_T_le_v4SPD16_eabi.lib</file>
         <name>e_pow.c.obj</name>
      </input_file>
      <input_file id="fl-ca">
         <path>C:\ti\ccs1230\ccs\tools\compiler\ti-cgt-arm_20.2.7.LTS\lib\</path>
         <kind>archive</kind>
         <file>rtsv7M4_T_le_v4SPD16_eabi.lib</file>
         <name>e_sqrt.c.obj</name>
      </input_file>
      <input_file id="fl-cb">
         <path>C:\ti\ccs1230\ccs\tools\compiler\ti-cgt-arm_20.2.7.LTS\lib\</path>
         <kind>archive</kind>
         <file>rtsv7M4_T_le_v4SPD16_eabi.lib</file>
         <name>s_round.c.obj</name>
      </input_file>
      <input_file id="fl-cc">
         <path>C:\ti\ccs1230\ccs\tools\compiler\ti-cgt-arm_20.2.7.LTS\lib\</path>
         <kind>archive</kind>
         <file>rtsv7M4_T_le_v4SPD16_eabi.lib</file>
         <name>s_scalbn.c.obj</name>
      </input_file>
      <input_file id="fl-cd">
         <path>C:\ti\ccs1230\ccs\tools\compiler\ti-cgt-arm_20.2.7.LTS\lib\</path>
         <kind>archive</kind>
         <file>rtsv7M4_T_le_v4SPD16_eabi.lib</file>
         <name>s_sin.c.obj</name>
      </input_file>
      <input_file id="fl-ce">
         <path>C:\ti\ccs1230\ccs\tools\compiler\ti-cgt-arm_20.2.7.LTS\lib\</path>
         <kind>archive</kind>
         <file>rtsv7M4_T_le_v4SPD16_eabi.lib</file>
         <name>sprintf.c.obj</name>
      </input_file>
      <input_file id="fl-cf">
         <path>C:\ti\ccs1230\ccs\tools\compiler\ti-cgt-arm_20.2.7.LTS\lib\</path>
         <kind>archive</kind>
         <file>rtsv7M4_T_le_v4SPD16_eabi.lib</file>
         <name>vsnprintf.c.obj</name>
      </input_file>
      <input_file id="fl-d0">
         <path>C:\ti\ccs1230\ccs\tools\compiler\ti-cgt-arm_20.2.7.LTS\lib\</path>
         <kind>archive</kind>
         <file>rtsv7M4_T_le_v4SPD16_eabi.lib</file>
         <name>fd_add_t2.asm.obj</name>
      </input_file>
      <input_file id="fl-d1">
         <path>C:\ti\ccs1230\ccs\tools\compiler\ti-cgt-arm_20.2.7.LTS\lib\</path>
         <kind>archive</kind>
         <file>rtsv7M4_T_le_v4SPD16_eabi.lib</file>
         <name>fd_cmp_t2.asm.obj</name>
      </input_file>
      <input_file id="fl-d2">
         <path>C:\ti\ccs1230\ccs\tools\compiler\ti-cgt-arm_20.2.7.LTS\lib\</path>
         <kind>archive</kind>
         <file>rtsv7M4_T_le_v4SPD16_eabi.lib</file>
         <name>fd_div_t2.asm.obj</name>
      </input_file>
      <input_file id="fl-d3">
         <path>C:\ti\ccs1230\ccs\tools\compiler\ti-cgt-arm_20.2.7.LTS\lib\</path>
         <kind>archive</kind>
         <file>rtsv7M4_T_le_v4SPD16_eabi.lib</file>
         <name>fd_mul_t2.asm.obj</name>
      </input_file>
      <input_file id="fl-d4">
         <path>C:\ti\ccs1230\ccs\tools\compiler\ti-cgt-arm_20.2.7.LTS\lib\</path>
         <kind>archive</kind>
         <file>rtsv7M4_T_le_v4SPD16_eabi.lib</file>
         <name>fd_toi_t2.asm.obj</name>
      </input_file>
      <input_file id="fl-d5">
         <path>C:\ti\ccs1230\ccs\tools\compiler\ti-cgt-arm_20.2.7.LTS\lib\</path>
         <kind>archive</kind>
         <file>rtsv7M4_T_le_v4SPD16_eabi.lib</file>
         <name>fd_tos_t2.asm.obj</name>
      </input_file>
      <input_file id="fl-d6">
         <path>C:\ti\ccs1230\ccs\tools\compiler\ti-cgt-arm_20.2.7.LTS\lib\</path>
         <kind>archive</kind>
         <file>rtsv7M4_T_le_v4SPD16_eabi.lib</file>
         <name>fd_tou_t2.asm.obj</name>
      </input_file>
      <input_file id="fl-d7">
         <path>C:\ti\ccs1230\ccs\tools\compiler\ti-cgt-arm_20.2.7.LTS\lib\</path>
         <kind>archive</kind>
         <file>rtsv7M4_T_le_v4SPD16_eabi.lib</file>
         <name>fs_tod_t2.asm.obj</name>
      </input_file>
      <input_file id="fl-d8">
         <path>C:\ti\ccs1230\ccs\tools\compiler\ti-cgt-arm_20.2.7.LTS\lib\</path>
         <kind>archive</kind>
         <file>rtsv7M4_T_le_v4SPD16_eabi.lib</file>
         <name>i_tofd_t2.asm.obj</name>
      </input_file>
      <input_file id="fl-d9">
         <path>C:\ti\ccs1230\ccs\tools\compiler\ti-cgt-arm_20.2.7.LTS\lib\</path>
         <kind>archive</kind>
         <file>rtsv7M4_T_le_v4SPD16_eabi.lib</file>
         <name>memcpy_t2.asm.obj</name>
      </input_file>
      <input_file id="fl-da">
         <path>C:\ti\ccs1230\ccs\tools\compiler\ti-cgt-arm_20.2.7.LTS\lib\</path>
         <kind>archive</kind>
         <file>rtsv7M4_T_le_v4SPD16_eabi.lib</file>
         <name>copy_zero_init.c.obj</name>
      </input_file>
      <input_file id="fl-db">
         <path>C:\ti\ccs1230\ccs\tools\compiler\ti-cgt-arm_20.2.7.LTS\lib\</path>
         <kind>archive</kind>
         <file>rtsv7M4_T_le_v4SPD16_eabi.lib</file>
         <name>copy_decompress_none.c.obj</name>
      </input_file>
      <input_file id="fl-dc">
         <path>C:\ti\ccs1230\ccs\tools\compiler\ti-cgt-arm_20.2.7.LTS\lib\</path>
         <kind>archive</kind>
         <file>rtsv7M4_T_le_v4SPD16_eabi.lib</file>
         <name>copy_decompress_lzss.c.obj</name>
      </input_file>
      <input_file id="fl-dd">
         <path>C:\ti\ccs1230\ccs\tools\compiler\ti-cgt-arm_20.2.7.LTS\lib\</path>
         <kind>archive</kind>
         <file>rtsv7M4_T_le_v4SPD16_eabi.lib</file>
         <name>atoi.c.obj</name>
      </input_file>
      <input_file id="fl-de">
         <path>C:\ti\ccs1230\ccs\tools\compiler\ti-cgt-arm_20.2.7.LTS\lib\</path>
         <kind>archive</kind>
         <file>rtsv7M4_T_le_v4SPD16_eabi.lib</file>
         <name>ctype.c.obj</name>
      </input_file>
      <input_file id="fl-df">
         <path>C:\ti\ccs1230\ccs\tools\compiler\ti-cgt-arm_20.2.7.LTS\lib\</path>
         <kind>archive</kind>
         <file>rtsv7M4_T_le_v4SPD16_eabi.lib</file>
         <name>memory.c.obj</name>
      </input_file>
      <input_file id="fl-e0">
         <path>C:\ti\ccs1230\ccs\tools\compiler\ti-cgt-arm_20.2.7.LTS\lib\</path>
         <kind>archive</kind>
         <file>rtsv7M4_T_le_v4SPD16_eabi.lib</file>
         <name>strcmp.c.obj</name>
      </input_file>
      <input_file id="fl-e1">
         <path>C:\ti\ccs1230\ccs\tools\compiler\ti-cgt-arm_20.2.7.LTS\lib\</path>
         <kind>archive</kind>
         <file>rtsv7M4_T_le_v4SPD16_eabi.lib</file>
         <name>strcpy.c.obj</name>
      </input_file>
      <input_file id="fl-e2">
         <path>C:\ti\ccs1230\ccs\tools\compiler\ti-cgt-arm_20.2.7.LTS\lib\</path>
         <kind>archive</kind>
         <file>rtsv7M4_T_le_v4SPD16_eabi.lib</file>
         <name>strlen.c.obj</name>
      </input_file>
      <input_file id="fl-e3">
         <path>C:\ti\ccs1230\ccs\tools\compiler\ti-cgt-arm_20.2.7.LTS\lib\</path>
         <kind>archive</kind>
         <file>rtsv7M4_T_le_v4SPD16_eabi.lib</file>
         <name>k_rem_pio2.c.obj</name>
      </input_file>
      <input_file id="fl-e4">
         <path>C:\ti\ccs1230\ccs\tools\compiler\ti-cgt-arm_20.2.7.LTS\lib\</path>
         <kind>archive</kind>
         <file>rtsv7M4_T_le_v4SPD16_eabi.lib</file>
         <name>boot_cortex_m.c.obj</name>
      </input_file>
      <input_file id="fl-e5">
         <path>C:\ti\ccs1230\ccs\tools\compiler\ti-cgt-arm_20.2.7.LTS\lib\</path>
         <kind>archive</kind>
         <file>rtsv7M4_T_le_v4SPD16_eabi.lib</file>
         <name>errno.c.obj</name>
      </input_file>
      <input_file id="fl-e6">
         <path>C:\ti\ccs1230\ccs\tools\compiler\ti-cgt-arm_20.2.7.LTS\lib\</path>
         <kind>archive</kind>
         <file>rtsv7M4_T_le_v4SPD16_eabi.lib</file>
         <name>s_copysign.c.obj</name>
      </input_file>
      <input_file id="fl-e7">
         <path>C:\ti\ccs1230\ccs\tools\compiler\ti-cgt-arm_20.2.7.LTS\lib\</path>
         <kind>archive</kind>
         <file>rtsv7M4_T_le_v4SPD16_eabi.lib</file>
         <name>k_cos.c.obj</name>
      </input_file>
      <input_file id="fl-e8">
         <path>C:\ti\ccs1230\ccs\tools\compiler\ti-cgt-arm_20.2.7.LTS\lib\</path>
         <kind>archive</kind>
         <file>rtsv7M4_T_le_v4SPD16_eabi.lib</file>
         <name>k_sin.c.obj</name>
      </input_file>
      <input_file id="fl-e9">
         <path>C:\ti\ccs1230\ccs\tools\compiler\ti-cgt-arm_20.2.7.LTS\lib\</path>
         <kind>archive</kind>
         <file>rtsv7M4_T_le_v4SPD16_eabi.lib</file>
         <name>s_floor.c.obj</name>
      </input_file>
      <input_file id="fl-ea">
         <path>C:\ti\ccs1230\ccs\tools\compiler\ti-cgt-arm_20.2.7.LTS\lib\</path>
         <kind>archive</kind>
         <file>rtsv7M4_T_le_v4SPD16_eabi.lib</file>
         <name>_printfi.c.obj</name>
      </input_file>
      <input_file id="fl-eb">
         <path>C:\ti\ccs1230\ccs\tools\compiler\ti-cgt-arm_20.2.7.LTS\lib\</path>
         <kind>archive</kind>
         <file>rtsv7M4_T_le_v4SPD16_eabi.lib</file>
         <name>memset_t2.asm.obj</name>
      </input_file>
      <input_file id="fl-ec">
         <path>C:\ti\ccs1230\ccs\tools\compiler\ti-cgt-arm_20.2.7.LTS\lib\</path>
         <kind>archive</kind>
         <file>rtsv7M4_T_le_v4SPD16_eabi.lib</file>
         <name>ull_div_t2.asm.obj</name>
      </input_file>
      <input_file id="fl-ed">
         <path>C:\ti\ccs1230\ccs\tools\compiler\ti-cgt-arm_20.2.7.LTS\lib\</path>
         <kind>archive</kind>
         <file>rtsv7M4_T_le_v4SPD16_eabi.lib</file>
         <name>autoinit.c.obj</name>
      </input_file>
      <input_file id="fl-ee">
         <path>C:\ti\ccs1230\ccs\tools\compiler\ti-cgt-arm_20.2.7.LTS\lib\</path>
         <kind>archive</kind>
         <file>rtsv7M4_T_le_v4SPD16_eabi.lib</file>
         <name>pre_init.c.obj</name>
      </input_file>
      <input_file id="fl-ef">
         <path>C:\ti\ccs1230\ccs\tools\compiler\ti-cgt-arm_20.2.7.LTS\lib\</path>
         <kind>archive</kind>
         <file>rtsv7M4_T_le_v4SPD16_eabi.lib</file>
         <name>cpy_tbl.c.obj</name>
      </input_file>
      <input_file id="fl-f0">
         <path>C:\ti\ccs1230\ccs\tools\compiler\ti-cgt-arm_20.2.7.LTS\lib\</path>
         <kind>archive</kind>
         <file>rtsv7M4_T_le_v4SPD16_eabi.lib</file>
         <name>exit.c.obj</name>
      </input_file>
      <input_file id="fl-f1">
         <path>C:\ti\ccs1230\ccs\tools\compiler\ti-cgt-arm_20.2.7.LTS\lib\</path>
         <kind>archive</kind>
         <file>rtsv7M4_T_le_v4SPD16_eabi.lib</file>
         <name>_lock.c.obj</name>
      </input_file>
      <input_file id="fl-f2">
         <path>C:\ti\ccs1230\ccs\tools\compiler\ti-cgt-arm_20.2.7.LTS\lib\</path>
         <kind>archive</kind>
         <file>rtsv7M4_T_le_v4SPD16_eabi.lib</file>
         <name>_ltoa.c.obj</name>
      </input_file>
      <input_file id="fl-f3">
         <path>C:\ti\ccs1230\ccs\tools\compiler\ti-cgt-arm_20.2.7.LTS\lib\</path>
         <kind>archive</kind>
         <file>rtsv7M4_T_le_v4SPD16_eabi.lib</file>
         <name>args_main.c.obj</name>
      </input_file>
      <input_file id="fl-f4">
         <path>C:\ti\ccs1230\ccs\tools\compiler\ti-cgt-arm_20.2.7.LTS\lib\</path>
         <kind>archive</kind>
         <file>rtsv7M4_T_le_v4SPD16_eabi.lib</file>
         <name>memccpy.c.obj</name>
      </input_file>
      <input_file id="fl-f5">
         <path>C:\ti\ccs1230\ccs\tools\compiler\ti-cgt-arm_20.2.7.LTS\lib\</path>
         <kind>archive</kind>
         <file>rtsv7M4_T_le_v4SPD16_eabi.lib</file>
         <name>strchr.c.obj</name>
      </input_file>
      <input_file id="fl-f6">
         <path>C:\ti\ccs1230\ccs\tools\compiler\ti-cgt-arm_20.2.7.LTS\lib\</path>
         <kind>archive</kind>
         <file>rtsv7M4_T_le_v4SPD16_eabi.lib</file>
         <name>wcslen.c.obj</name>
      </input_file>
      <input_file id="fl-f7">
         <path>C:\ti\ccs1230\ccs\tools\compiler\ti-cgt-arm_20.2.7.LTS\lib\</path>
         <kind>archive</kind>
         <file>rtsv7M4_T_le_v4SPD16_eabi.lib</file>
         <name>s_frexp.c.obj</name>
      </input_file>
      <input_file id="fl-f8">
         <path>C:\ti\ccs1230\ccs\tools\compiler\ti-cgt-arm_20.2.7.LTS\lib\</path>
         <kind>archive</kind>
         <file>rtsv7M4_T_le_v4SPD16_eabi.lib</file>
         <name>div0.asm.obj</name>
      </input_file>
      <input_file id="fl-f9">
         <path>C:\ti\TivaWare_C_Series-2.2.0.295\driverlib\ccs\Debug\</path>
         <kind>archive</kind>
         <file>driverlib.lib</file>
         <name>interrupt.obj</name>
      </input_file>
      <input_file id="fl-fa">
         <path>C:\ti\TivaWare_C_Series-2.2.0.295\driverlib\ccs\Debug\</path>
         <kind>archive</kind>
         <file>driverlib.lib</file>
         <name>cpu.obj</name>
      </input_file>
   </input_file_list>
   <object_component_list>
      <object_component id="oc-12">
         <name>.intvecs</name>
         <load_address>0x0</load_address>
         <run_address>0x0</run_address>
         <size>0x26c</size>
         <input_file_ref idref="fl-c"/>
      </object_component>
      <object_component id="oc-e9">
         <name>.text</name>
         <load_address>0x26c</load_address>
         <run_address>0x26c</run_address>
         <size>0xc20</size>
         <input_file_ref idref="fl-9"/>
      </object_component>
      <object_component id="oc-2c1">
         <name>.text:__TI_printfi</name>
         <load_address>0xe8c</load_address>
         <run_address>0xe8c</run_address>
         <size>0xa4e</size>
         <input_file_ref idref="fl-ea"/>
      </object_component>
      <object_component id="oc-319">
         <name>.text:_nop</name>
         <load_address>0x18da</load_address>
         <run_address>0x18da</run_address>
         <size>0x2</size>
         <input_file_ref idref="fl-f1"/>
      </object_component>
      <object_component id="oc-168">
         <name>.text:pow</name>
         <load_address>0x18dc</load_address>
         <run_address>0x18dc</run_address>
         <size>0x9d0</size>
         <input_file_ref idref="fl-c9"/>
      </object_component>
      <object_component id="oc-2ef">
         <name>.text:__kernel_rem_pio2</name>
         <load_address>0x22ac</load_address>
         <run_address>0x22ac</run_address>
         <size>0x738</size>
         <input_file_ref idref="fl-e3"/>
      </object_component>
      <object_component id="oc-10e">
         <name>.text</name>
         <load_address>0x29e4</load_address>
         <run_address>0x29e4</run_address>
         <size>0x714</size>
         <input_file_ref idref="fl-4"/>
      </object_component>
      <object_component id="oc-11a">
         <name>.text</name>
         <load_address>0x30f8</load_address>
         <run_address>0x30f8</run_address>
         <size>0x640</size>
         <input_file_ref idref="fl-7"/>
      </object_component>
      <object_component id="oc-208">
         <name>.text:sin</name>
         <load_address>0x3738</load_address>
         <run_address>0x3738</run_address>
         <size>0x5e0</size>
         <input_file_ref idref="fl-cd"/>
      </object_component>
      <object_component id="oc-108">
         <name>.text</name>
         <load_address>0x3d18</load_address>
         <run_address>0x3d18</run_address>
         <size>0x560</size>
         <input_file_ref idref="fl-8"/>
      </object_component>
      <object_component id="oc-173">
         <name>.text:log</name>
         <load_address>0x4278</load_address>
         <run_address>0x4278</run_address>
         <size>0x3c4</size>
         <input_file_ref idref="fl-c8"/>
      </object_component>
      <object_component id="oc-fb">
         <name>.text</name>
         <load_address>0x463c</load_address>
         <run_address>0x463c</run_address>
         <size>0x328</size>
         <input_file_ref idref="fl-5"/>
      </object_component>
      <object_component id="oc-392">
         <name>.text:_pconv_a</name>
         <load_address>0x4964</load_address>
         <run_address>0x4964</run_address>
         <size>0x270</size>
         <input_file_ref idref="fl-ea"/>
      </object_component>
      <object_component id="oc-ef">
         <name>.text</name>
         <load_address>0x4bd4</load_address>
         <run_address>0x4bd4</run_address>
         <size>0x26c</size>
         <input_file_ref idref="fl-a"/>
      </object_component>
      <object_component id="oc-f5">
         <name>.text</name>
         <load_address>0x4e40</load_address>
         <run_address>0x4e40</run_address>
         <size>0x248</size>
         <input_file_ref idref="fl-2"/>
      </object_component>
      <object_component id="oc-d7">
         <name>.text</name>
         <load_address>0x5088</load_address>
         <run_address>0x5088</run_address>
         <size>0x230</size>
         <input_file_ref idref="fl-3"/>
      </object_component>
      <object_component id="oc-e3">
         <name>.text</name>
         <load_address>0x52b8</load_address>
         <run_address>0x52b8</run_address>
         <size>0x218</size>
         <input_file_ref idref="fl-d"/>
      </object_component>
      <object_component id="oc-380">
         <name>.text:_pconv_g</name>
         <load_address>0x54d0</load_address>
         <run_address>0x54d0</run_address>
         <size>0x1d0</size>
         <input_file_ref idref="fl-ea"/>
      </object_component>
      <object_component id="oc-179">
         <name>.text</name>
         <load_address>0x56a0</load_address>
         <run_address>0x56a0</run_address>
         <size>0x1b6</size>
         <input_file_ref idref="fl-d0"/>
      </object_component>
      <object_component id="oc-449">
         <name>.text</name>
         <load_address>0x5856</load_address>
         <run_address>0x5856</run_address>
         <size>0x2</size>
         <input_file_ref idref="fl-f8"/>
      </object_component>
      <object_component id="oc-2e9">
         <name>.text:__kernel_sin</name>
         <load_address>0x5858</load_address>
         <run_address>0x5858</run_address>
         <size>0x174</size>
         <input_file_ref idref="fl-e8"/>
      </object_component>
      <object_component id="oc-2f5">
         <name>.text:__kernel_cos</name>
         <load_address>0x59cc</load_address>
         <run_address>0x59cc</run_address>
         <size>0x170</size>
         <input_file_ref idref="fl-e7"/>
      </object_component>
      <object_component id="oc-258">
         <name>.text:sqrt</name>
         <load_address>0x5b3c</load_address>
         <run_address>0x5b3c</run_address>
         <size>0x158</size>
         <input_file_ref idref="fl-ca"/>
      </object_component>
      <object_component id="oc-dd">
         <name>.text</name>
         <load_address>0x5c94</load_address>
         <run_address>0x5c94</run_address>
         <size>0x148</size>
         <input_file_ref idref="fl-b"/>
      </object_component>
      <object_component id="oc-38c">
         <name>.text:_pconv_e</name>
         <load_address>0x5ddc</load_address>
         <run_address>0x5ddc</run_address>
         <size>0x13c</size>
         <input_file_ref idref="fl-ea"/>
      </object_component>
      <object_component id="oc-17e">
         <name>.text</name>
         <load_address>0x5f18</load_address>
         <run_address>0x5f18</run_address>
         <size>0x136</size>
         <input_file_ref idref="fl-d2"/>
      </object_component>
      <object_component id="oc-40e">
         <name>.text:fcvt</name>
         <load_address>0x6050</load_address>
         <run_address>0x6050</run_address>
         <size>0x124</size>
         <input_file_ref idref="fl-ea"/>
      </object_component>
      <object_component id="oc-267">
         <name>.text:scalbn</name>
         <load_address>0x6174</load_address>
         <run_address>0x6174</run_address>
         <size>0x110</size>
         <input_file_ref idref="fl-cc"/>
      </object_component>
      <object_component id="oc-36b">
         <name>.text:aligned_alloc</name>
         <load_address>0x6284</load_address>
         <run_address>0x6284</run_address>
         <size>0x100</size>
         <input_file_ref idref="fl-df"/>
      </object_component>
      <object_component id="oc-16e">
         <name>.text</name>
         <load_address>0x6384</load_address>
         <run_address>0x6384</run_address>
         <size>0xfc</size>
         <input_file_ref idref="fl-d3"/>
      </object_component>
      <object_component id="oc-27b">
         <name>.text:floor</name>
         <load_address>0x6480</load_address>
         <run_address>0x6480</run_address>
         <size>0xf8</size>
         <input_file_ref idref="fl-e9"/>
      </object_component>
      <object_component id="oc-1b9">
         <name>.text:free</name>
         <load_address>0x6578</load_address>
         <run_address>0x6578</run_address>
         <size>0xe4</size>
         <input_file_ref idref="fl-df"/>
      </object_component>
      <object_component id="oc-a2">
         <name>.text</name>
         <load_address>0x665c</load_address>
         <run_address>0x665c</run_address>
         <size>0xd2</size>
         <input_file_ref idref="fl-6"/>
      </object_component>
      <object_component id="oc-18e">
         <name>.text:round</name>
         <load_address>0x6730</load_address>
         <run_address>0x6730</run_address>
         <size>0xc4</size>
         <input_file_ref idref="fl-cb"/>
      </object_component>
      <object_component id="oc-37a">
         <name>.text:_ltostr</name>
         <load_address>0x67f4</load_address>
         <run_address>0x67f4</run_address>
         <size>0xb1</size>
         <input_file_ref idref="fl-ea"/>
      </object_component>
      <object_component id="oc-3e">
         <name>.text</name>
         <load_address>0x68a6</load_address>
         <run_address>0x68a6</run_address>
         <size>0x9c</size>
         <input_file_ref idref="fl-d9"/>
      </object_component>
      <object_component id="oc-3f5">
         <name>.text</name>
         <load_address>0x6942</load_address>
         <run_address>0x6942</run_address>
         <size>0x96</size>
         <input_file_ref idref="fl-ec"/>
      </object_component>
      <object_component id="oc-1f9">
         <name>.text:__aeabi_cdcmple</name>
         <load_address>0x69d8</load_address>
         <run_address>0x69d8</run_address>
         <size>0x86</size>
         <input_file_ref idref="fl-d1"/>
      </object_component>
      <object_component id="oc-1fe">
         <name>.text:__aeabi_cdrcmple</name>
         <load_address>0x6a5e</load_address>
         <run_address>0x6a5e</run_address>
         <size>0x86</size>
         <input_file_ref idref="fl-d1"/>
      </object_component>
      <object_component id="oc-96">
         <name>.text</name>
         <load_address>0x6ae4</load_address>
         <run_address>0x6ae4</run_address>
         <size>0x7a</size>
         <input_file_ref idref="fl-eb"/>
      </object_component>
      <object_component id="oc-3ec">
         <name>.text:split</name>
         <load_address>0x6b60</load_address>
         <run_address>0x6b60</run_address>
         <size>0x70</size>
         <input_file_ref idref="fl-df"/>
      </object_component>
      <object_component id="oc-407">
         <name>.text:_mcpy</name>
         <load_address>0x6bd0</load_address>
         <run_address>0x6bd0</run_address>
         <size>0x6e</size>
         <input_file_ref idref="fl-ea"/>
      </object_component>
      <object_component id="oc-189">
         <name>.text</name>
         <load_address>0x6c3e</load_address>
         <run_address>0x6c3e</run_address>
         <size>0x6e</size>
         <input_file_ref idref="fl-d5"/>
      </object_component>
      <object_component id="oc-15">
         <name>.text:decompress:lzss:__TI_decompress_lzss</name>
         <load_address>0x6cac</load_address>
         <run_address>0x6cac</run_address>
         <size>0x68</size>
         <input_file_ref idref="fl-dc"/>
      </object_component>
      <object_component id="oc-41c">
         <name>.text:frexp</name>
         <load_address>0x6d14</load_address>
         <run_address>0x6d14</run_address>
         <size>0x64</size>
         <input_file_ref idref="fl-f7"/>
      </object_component>
      <object_component id="oc-386">
         <name>.text:_pconv_f</name>
         <load_address>0x6d78</load_address>
         <run_address>0x6d78</run_address>
         <size>0x56</size>
         <input_file_ref idref="fl-ea"/>
      </object_component>
      <object_component id="oc-3fb">
         <name>.text:__TI_ltoa</name>
         <load_address>0x6dce</load_address>
         <run_address>0x6dce</run_address>
         <size>0x54</size>
         <input_file_ref idref="fl-f2"/>
      </object_component>
      <object_component id="oc-401">
         <name>.text:_ecpy</name>
         <load_address>0x6e22</load_address>
         <run_address>0x6e22</run_address>
         <size>0x52</size>
         <input_file_ref idref="fl-ea"/>
      </object_component>
      <object_component id="oc-214">
         <name>.text:atoi</name>
         <load_address>0x6e74</load_address>
         <run_address>0x6e74</run_address>
         <size>0x4c</size>
         <input_file_ref idref="fl-dd"/>
      </object_component>
      <object_component id="oc-194">
         <name>.text</name>
         <load_address>0x6ec0</load_address>
         <run_address>0x6ec0</run_address>
         <size>0x48</size>
         <input_file_ref idref="fl-d4"/>
      </object_component>
      <object_component id="oc-12f">
         <name>.text:__TI_auto_init_nobinit_nopinit:__TI_auto_init_nobinit_nopinit</name>
         <load_address>0x6f08</load_address>
         <run_address>0x6f08</run_address>
         <size>0x44</size>
         <input_file_ref idref="fl-ed"/>
      </object_component>
      <object_component id="oc-19d">
         <name>.text</name>
         <load_address>0x6f4c</load_address>
         <run_address>0x6f4c</run_address>
         <size>0x44</size>
         <input_file_ref idref="fl-d6"/>
      </object_component>
      <object_component id="oc-21a">
         <name>.text:sprintf</name>
         <load_address>0x6f90</load_address>
         <run_address>0x6f90</run_address>
         <size>0x40</size>
         <input_file_ref idref="fl-ce"/>
      </object_component>
      <object_component id="oc-1e3">
         <name>.text:vsnprintf</name>
         <load_address>0x6fd0</load_address>
         <run_address>0x6fd0</run_address>
         <size>0x40</size>
         <input_file_ref idref="fl-cf"/>
      </object_component>
      <object_component id="oc-414">
         <name>.text:_fcpy</name>
         <load_address>0x7010</load_address>
         <run_address>0x7010</run_address>
         <size>0x3e</size>
         <input_file_ref idref="fl-ea"/>
      </object_component>
      <object_component id="oc-1b3">
         <name>.text:calloc</name>
         <load_address>0x7050</load_address>
         <run_address>0x7050</run_address>
         <size>0x38</size>
         <input_file_ref idref="fl-df"/>
      </object_component>
      <object_component id="oc-184">
         <name>.text</name>
         <load_address>0x7088</load_address>
         <run_address>0x7088</run_address>
         <size>0x38</size>
         <input_file_ref idref="fl-d7"/>
      </object_component>
      <object_component id="oc-1a8">
         <name>.text:IntRegister</name>
         <load_address>0x70c0</load_address>
         <run_address>0x70c0</run_address>
         <size>0x34</size>
         <input_file_ref idref="fl-f9"/>
      </object_component>
      <object_component id="oc-5c">
         <name>.text:_c_int00_noargs:_c_int00_noargs</name>
         <load_address>0x70f4</load_address>
         <run_address>0x70f4</run_address>
         <size>0x34</size>
         <input_file_ref idref="fl-e4"/>
      </object_component>
      <object_component id="oc-2c7">
         <name>.text:_outs</name>
         <load_address>0x7128</load_address>
         <run_address>0x7128</run_address>
         <size>0x30</size>
         <input_file_ref idref="fl-cf"/>
      </object_component>
      <object_component id="oc-163">
         <name>.text</name>
         <load_address>0x7158</load_address>
         <run_address>0x7158</run_address>
         <size>0x2e</size>
         <input_file_ref idref="fl-d8"/>
      </object_component>
      <object_component id="oc-2a3">
         <name>.text:free_list_insert</name>
         <load_address>0x7188</load_address>
         <run_address>0x7188</run_address>
         <size>0x28</size>
         <input_file_ref idref="fl-df"/>
      </object_component>
      <object_component id="oc-29d">
         <name>.text:free_list_remove</name>
         <load_address>0x71b0</load_address>
         <run_address>0x71b0</run_address>
         <size>0x1c</size>
         <input_file_ref idref="fl-df"/>
      </object_component>
      <object_component id="oc-398">
         <name>.text:memccpy</name>
         <load_address>0x71cc</load_address>
         <run_address>0x71cc</run_address>
         <size>0x1c</size>
         <input_file_ref idref="fl-f4"/>
      </object_component>
      <object_component id="oc-341">
         <name>.text:copysign</name>
         <load_address>0x71e8</load_address>
         <run_address>0x71e8</run_address>
         <size>0x1a</size>
         <input_file_ref idref="fl-e6"/>
      </object_component>
      <object_component id="oc-2cd">
         <name>.text:_outc</name>
         <load_address>0x7202</load_address>
         <run_address>0x7202</run_address>
         <size>0x18</size>
         <input_file_ref idref="fl-cf"/>
      </object_component>
      <object_component id="oc-306">
         <name>.text:_outs</name>
         <load_address>0x721a</load_address>
         <run_address>0x721a</run_address>
         <size>0x18</size>
         <input_file_ref idref="fl-ce"/>
      </object_component>
      <object_component id="oc-1bf">
         <name>.text:oi_parseInt</name>
         <load_address>0x7232</load_address>
         <run_address>0x7232</run_address>
         <size>0x18</size>
         <input_file_ref idref="fl-9"/>
      </object_component>
      <object_component id="oc-114">
         <name>.text:strcmp</name>
         <load_address>0x724a</load_address>
         <run_address>0x724a</run_address>
         <size>0x18</size>
         <input_file_ref idref="fl-e0"/>
      </object_component>
      <object_component id="oc-422">
         <name>.text:strchr</name>
         <load_address>0x7262</load_address>
         <run_address>0x7262</run_address>
         <size>0x16</size>
         <input_file_ref idref="fl-f5"/>
      </object_component>
      <object_component id="oc-1e9">
         <name>.text:strcpy</name>
         <load_address>0x7278</load_address>
         <run_address>0x7278</run_address>
         <size>0x14</size>
         <input_file_ref idref="fl-e1"/>
      </object_component>
      <object_component id="oc-1a2">
         <name>.text:strlen</name>
         <load_address>0x728c</load_address>
         <run_address>0x728c</run_address>
         <size>0x14</size>
         <input_file_ref idref="fl-e2"/>
      </object_component>
      <object_component id="oc-39e">
         <name>.text:wcslen</name>
         <load_address>0x72a0</load_address>
         <run_address>0x72a0</run_address>
         <size>0x12</size>
         <input_file_ref idref="fl-f6"/>
      </object_component>
      <object_component id="oc-1c6">
         <name>.text:IntMasterEnable</name>
         <load_address>0x72b2</load_address>
         <run_address>0x72b2</run_address>
         <size>0x10</size>
         <input_file_ref idref="fl-f9"/>
      </object_component>
      <object_component id="oc-101">
         <name>.text:lcd_clear</name>
         <load_address>0x72c2</load_address>
         <run_address>0x72c2</run_address>
         <size>0x10</size>
         <input_file_ref idref="fl-5"/>
      </object_component>
      <object_component id="oc-1b">
         <name>.text:decompress:none:__TI_decompress_none</name>
         <load_address>0x72d2</load_address>
         <run_address>0x72d2</run_address>
         <size>0xe</size>
         <input_file_ref idref="fl-db"/>
      </object_component>
      <object_component id="oc-2aa">
         <name>.text:CPUcpsie</name>
         <load_address>0x72e0</load_address>
         <run_address>0x72e0</run_address>
         <size>0xc</size>
         <input_file_ref idref="fl-fa"/>
      </object_component>
      <object_component id="oc-50">
         <name>.text:decompress:ZI:__TI_zero_init</name>
         <load_address>0x72ec</load_address>
         <run_address>0x72ec</run_address>
         <size>0xc</size>
         <input_file_ref idref="fl-da"/>
      </object_component>
      <object_component id="oc-2a">
         <name>.text</name>
         <load_address>0x72f8</load_address>
         <run_address>0x72f8</run_address>
         <size>0xc</size>
         <input_file_ref idref="fl-c"/>
      </object_component>
      <object_component id="oc-30c">
         <name>.text:_outc</name>
         <load_address>0x7304</load_address>
         <run_address>0x7304</run_address>
         <size>0xa</size>
         <input_file_ref idref="fl-ce"/>
      </object_component>
      <object_component id="oc-25e">
         <name>.text:__aeabi_errno_addr</name>
         <load_address>0x7310</load_address>
         <run_address>0x7310</run_address>
         <size>0x8</size>
         <input_file_ref idref="fl-e5"/>
      </object_component>
      <object_component id="oc-296">
         <name>.text:malloc</name>
         <load_address>0x7318</load_address>
         <run_address>0x7318</run_address>
         <size>0x8</size>
         <input_file_ref idref="fl-df"/>
      </object_component>
      <object_component id="oc-9c">
         <name>.text:_system_pre_init</name>
         <load_address>0x7320</load_address>
         <run_address>0x7320</run_address>
         <size>0x4</size>
         <input_file_ref idref="fl-ee"/>
      </object_component>
      <object_component id="oc-123">
         <name>.text:abort:abort</name>
         <load_address>0x7324</load_address>
         <run_address>0x7324</run_address>
         <size>0x4</size>
         <input_file_ref idref="fl-f0"/>
      </object_component>
      <object_component id="oc-3b8">
         <name>.const:$O1$$</name>
         <load_address>0x7328</load_address>
         <run_address>0x7328</run_address>
         <size>0x158</size>
         <input_file_ref idref="fl-e3"/>
      </object_component>
      <object_component id="oc-301">
         <name>.const:.string:_ctypes_</name>
         <load_address>0x7480</load_address>
         <run_address>0x7480</run_address>
         <size>0x101</size>
         <input_file_ref idref="fl-de"/>
      </object_component>
      <object_component id="oc-1ef">
         <name>.const:.string:lineAddress$1</name>
         <load_address>0x7581</load_address>
         <run_address>0x7581</run_address>
         <size>0x4</size>
         <input_file_ref idref="fl-5"/>
      </object_component>
      <object_component id="oc-264">
         <name>.const:$O1$$</name>
         <load_address>0x7588</load_address>
         <run_address>0x7588</run_address>
         <size>0x30</size>
         <input_file_ref idref="fl-c9"/>
      </object_component>
      <object_component id="oc-1cf">
         <name>.const:.string:$P$T0$3</name>
         <load_address>0x75b8</load_address>
         <run_address>0x75b8</run_address>
         <size>0xf</size>
         <input_file_ref idref="fl-9"/>
      </object_component>
      <object_component id="oc-1f0">
         <name>.const:.string:lineAddresses$2</name>
         <load_address>0x75c7</load_address>
         <run_address>0x75c7</run_address>
         <size>0x4</size>
         <input_file_ref idref="fl-5"/>
      </object_component>
      <object_component id="oc-49a">
         <name>.cinit..data.load</name>
         <load_address>0x75d0</load_address>
         <run_address>0x75d0</run_address>
         <size>0x19</size>
      </object_component>
      <object_component id="oc-497">
         <name>__TI_handler_table</name>
         <load_address>0x75ec</load_address>
         <run_address>0x75ec</run_address>
         <size>0xc</size>
      </object_component>
      <object_component id="oc-49b">
         <name>.cinit..bss.load</name>
         <load_address>0x75f8</load_address>
         <run_address>0x75f8</run_address>
         <size>0x8</size>
      </object_component>
      <object_component id="oc-499">
         <name>.cinit..vtable.load</name>
         <load_address>0x7600</load_address>
         <run_address>0x7600</run_address>
         <size>0x8</size>
      </object_component>
      <object_component id="oc-498">
         <name>__TI_cinit_table</name>
         <load_address>0x7608</load_address>
         <run_address>0x7608</run_address>
         <size>0x18</size>
      </object_component>
      <object_component id="oc-28a">
         <name>.vtable</name>
         <uninitialized>true</uninitialized>
         <run_address>0x20000000</run_address>
         <size>0x26c</size>
         <input_file_ref idref="fl-f9"/>
      </object_component>
      <object_component id="oc-1de">
         <name>.data</name>
         <load_address>0x2000196a</load_address>
         <run_address>0x2000196a</run_address>
         <size>0x1</size>
         <input_file_ref idref="fl-2"/>
      </object_component>
      <object_component id="oc-205">
         <name>.data</name>
         <load_address>0x20001958</load_address>
         <run_address>0x20001958</run_address>
         <size>0x12</size>
         <input_file_ref idref="fl-4"/>
      </object_component>
      <object_component id="oc-1cc">
         <name>.data</name>
         <load_address>0x20001938</load_address>
         <run_address>0x20001938</run_address>
         <size>0x20</size>
         <input_file_ref idref="fl-9"/>
      </object_component>
      <object_component id="oc-1da">
         <name>.data</name>
         <load_address>0x2000196c</load_address>
         <run_address>0x2000196c</run_address>
         <size>0xc</size>
         <input_file_ref idref="fl-a"/>
      </object_component>
      <object_component id="oc-199">
         <name>.data</name>
         <load_address>0x2000198c</load_address>
         <run_address>0x2000198c</run_address>
         <size>0x4</size>
         <input_file_ref idref="fl-b"/>
      </object_component>
      <object_component id="oc-372">
         <name>.data:$O1$$</name>
         <load_address>0x20001980</load_address>
         <run_address>0x20001980</run_address>
         <size>0x8</size>
         <input_file_ref idref="fl-df"/>
      </object_component>
      <object_component id="oc-33a">
         <name>.data</name>
         <load_address>0x20001988</load_address>
         <run_address>0x20001988</run_address>
         <size>0x4</size>
         <input_file_ref idref="fl-e5"/>
      </object_component>
      <object_component id="oc-23b">
         <name>.data:$O1$$</name>
         <load_address>0x20001978</load_address>
         <run_address>0x20001978</run_address>
         <size>0x8</size>
         <input_file_ref idref="fl-f1"/>
      </object_component>
      <object_component id="oc-1f1">
         <name>.bss:lastbuffer$3</name>
         <uninitialized>true</uninitialized>
         <run_address>0x20001850</run_address>
         <size>0x54</size>
         <input_file_ref idref="fl-5"/>
      </object_component>
      <object_component id="oc-1d2">
         <name>.bss:firmware$2</name>
         <uninitialized>true</uninitialized>
         <run_address>0x2000190c</run_address>
         <size>0x18</size>
         <input_file_ref idref="fl-9"/>
      </object_component>
      <object_component id="oc-1ae">
         <name>.bss:data$1</name>
         <uninitialized>true</uninitialized>
         <run_address>0x200018a4</run_address>
         <size>0x34</size>
         <input_file_ref idref="fl-d"/>
      </object_component>
      <object_component id="oc-1e1">
         <name>.common:_timeout_ticks</name>
         <uninitialized>true</uninitialized>
         <run_address>0x20001924</run_address>
         <size>0x4</size>
      </object_component>
      <object_component id="oc-20e">
         <name>.common:givenDirs</name>
         <uninitialized>true</uninitialized>
         <run_address>0x20001670</run_address>
         <size>0x1e0</size>
      </object_component>
      <object_component id="oc-1af">
         <name>.common:uart_data</name>
         <uninitialized>true</uninitialized>
         <run_address>0x20001931</run_address>
         <size>0x1</size>
      </object_component>
      <object_component id="oc-1b0">
         <name>.common:flag</name>
         <uninitialized>true</uninitialized>
         <run_address>0x20001930</run_address>
         <size>0x1</size>
      </object_component>
      <object_component id="oc-224">
         <name>.common:command</name>
         <uninitialized>true</uninitialized>
         <run_address>0x20001928</run_address>
         <size>0x4</size>
      </object_component>
      <object_component id="oc-220">
         <name>.common:response</name>
         <uninitialized>true</uninitialized>
         <run_address>0x200018d8</run_address>
         <size>0x34</size>
      </object_component>
      <object_component id="oc-223">
         <name>.common:number</name>
         <uninitialized>true</uninitialized>
         <run_address>0x2000192c</run_address>
         <size>0x4</size>
      </object_component>
      <object_component id="oc-24">
         <name>.sysmem</name>
         <uninitialized>true</uninitialized>
         <run_address>0x20001270</run_address>
         <size>0x10</size>
         <input_file_ref idref="fl-df"/>
      </object_component>
      <object_component id="oc-49e">
         <name>.sysmem</name>
         <uninitialized>true</uninitialized>
         <run_address>0x20001270</run_address>
         <size>0x0</size>
      </object_component>
      <object_component id="oc-27">
         <name>.stack</name>
         <uninitialized>true</uninitialized>
         <run_address>0x20000270</run_address>
         <size>0x4</size>
         <input_file_ref idref="fl-e4"/>
      </object_component>
      <object_component id="oc-49d">
         <name>.stack</name>
         <uninitialized>true</uninitialized>
         <run_address>0x20000270</run_address>
         <size>0x0</size>
      </object_component>
      <object_component id="oc-c5">
         <name>.debug_info</name>
         <load_address>0x0</load_address>
         <run_address>0x0</run_address>
         <size>0x2c1</size>
         <input_file_ref idref="fl-2"/>
      </object_component>
      <object_component id="oc-1df">
         <name>.debug_info</name>
         <load_address>0x2c1</load_address>
         <run_address>0x2c1</run_address>
         <size>0xcf</size>
         <input_file_ref idref="fl-2"/>
      </object_component>
      <object_component id="oc-f6">
         <name>.debug_info</name>
         <load_address>0x390</load_address>
         <run_address>0x390</run_address>
         <size>0x517</size>
         <input_file_ref idref="fl-2"/>
      </object_component>
      <object_component id="oc-77">
         <name>.debug_info</name>
         <load_address>0x8a7</load_address>
         <run_address>0x8a7</run_address>
         <size>0x26b</size>
         <input_file_ref idref="fl-2"/>
      </object_component>
      <object_component id="oc-39">
         <name>.debug_info</name>
         <load_address>0xb12</load_address>
         <run_address>0xb12</run_address>
         <size>0x84</size>
         <input_file_ref idref="fl-2"/>
      </object_component>
      <object_component id="oc-c0">
         <name>.debug_info</name>
         <load_address>0xb96</load_address>
         <run_address>0xb96</run_address>
         <size>0x2a4</size>
         <input_file_ref idref="fl-2"/>
      </object_component>
      <object_component id="oc-7c">
         <name>.debug_info</name>
         <load_address>0xe3a</load_address>
         <run_address>0xe3a</run_address>
         <size>0xbb</size>
         <input_file_ref idref="fl-2"/>
      </object_component>
      <object_component id="oc-316">
         <name>.debug_info</name>
         <load_address>0xef5</load_address>
         <run_address>0xef5</run_address>
         <size>0x2a3</size>
         <input_file_ref idref="fl-3"/>
      </object_component>
      <object_component id="oc-d9">
         <name>.debug_info</name>
         <load_address>0x1198</load_address>
         <run_address>0x1198</run_address>
         <size>0x48a</size>
         <input_file_ref idref="fl-3"/>
      </object_component>
      <object_component id="oc-2b7">
         <name>.debug_info</name>
         <load_address>0x1622</load_address>
         <run_address>0x1622</run_address>
         <size>0xcc</size>
         <input_file_ref idref="fl-3"/>
      </object_component>
      <object_component id="oc-1f4">
         <name>.debug_info</name>
         <load_address>0x16ee</load_address>
         <run_address>0x16ee</run_address>
         <size>0x2c</size>
         <input_file_ref idref="fl-3"/>
      </object_component>
      <object_component id="oc-22d">
         <name>.debug_info</name>
         <load_address>0x171a</load_address>
         <run_address>0x171a</run_address>
         <size>0x35</size>
         <input_file_ref idref="fl-3"/>
      </object_component>
      <object_component id="oc-20f">
         <name>.debug_info</name>
         <load_address>0x174f</load_address>
         <run_address>0x174f</run_address>
         <size>0x4b5</size>
         <input_file_ref idref="fl-4"/>
      </object_component>
      <object_component id="oc-206">
         <name>.debug_info</name>
         <load_address>0x1c04</load_address>
         <run_address>0x1c04</run_address>
         <size>0xf5</size>
         <input_file_ref idref="fl-4"/>
      </object_component>
      <object_component id="oc-10f">
         <name>.debug_info</name>
         <load_address>0x1cf9</load_address>
         <run_address>0x1cf9</run_address>
         <size>0xb3e</size>
         <input_file_ref idref="fl-4"/>
      </object_component>
      <object_component id="oc-228">
         <name>.debug_info</name>
         <load_address>0x2837</load_address>
         <run_address>0x2837</run_address>
         <size>0x5aa</size>
         <input_file_ref idref="fl-4"/>
      </object_component>
      <object_component id="oc-1d5">
         <name>.debug_info</name>
         <load_address>0x2de1</load_address>
         <run_address>0x2de1</run_address>
         <size>0x8b</size>
         <input_file_ref idref="fl-4"/>
      </object_component>
      <object_component id="oc-232">
         <name>.debug_info</name>
         <load_address>0x2e6c</load_address>
         <run_address>0x2e6c</run_address>
         <size>0xcd</size>
         <input_file_ref idref="fl-4"/>
      </object_component>
      <object_component id="oc-1f3">
         <name>.debug_info</name>
         <load_address>0x2f39</load_address>
         <run_address>0x2f39</run_address>
         <size>0x38f</size>
         <input_file_ref idref="fl-5"/>
      </object_component>
      <object_component id="oc-103">
         <name>.debug_info</name>
         <load_address>0x32c8</load_address>
         <run_address>0x32c8</run_address>
         <size>0x124</size>
         <input_file_ref idref="fl-5"/>
      </object_component>
      <object_component id="oc-fc">
         <name>.debug_info</name>
         <load_address>0x33ec</load_address>
         <run_address>0x33ec</run_address>
         <size>0x8b0</size>
         <input_file_ref idref="fl-5"/>
      </object_component>
      <object_component id="oc-121">
         <name>.debug_info</name>
         <load_address>0x3c9c</load_address>
         <run_address>0x3c9c</run_address>
         <size>0x67f</size>
         <input_file_ref idref="fl-6"/>
      </object_component>
      <object_component id="oc-a5">
         <name>.debug_info</name>
         <load_address>0x431b</load_address>
         <run_address>0x431b</run_address>
         <size>0x37f</size>
         <input_file_ref idref="fl-6"/>
      </object_component>
      <object_component id="oc-221">
         <name>.debug_info</name>
         <load_address>0x469a</load_address>
         <run_address>0x469a</run_address>
         <size>0x511</size>
         <input_file_ref idref="fl-7"/>
      </object_component>
      <object_component id="oc-11b">
         <name>.debug_info</name>
         <load_address>0x4bab</load_address>
         <run_address>0x4bab</run_address>
         <size>0x90c</size>
         <input_file_ref idref="fl-7"/>
      </object_component>
      <object_component id="oc-204">
         <name>.debug_info</name>
         <load_address>0x54b7</load_address>
         <run_address>0x54b7</run_address>
         <size>0x36a</size>
         <input_file_ref idref="fl-8"/>
      </object_component>
      <object_component id="oc-10a">
         <name>.debug_info</name>
         <load_address>0x5821</load_address>
         <run_address>0x5821</run_address>
         <size>0xe30</size>
         <input_file_ref idref="fl-8"/>
      </object_component>
      <object_component id="oc-1d4">
         <name>.debug_info</name>
         <load_address>0x6651</load_address>
         <run_address>0x6651</run_address>
         <size>0x40c</size>
         <input_file_ref idref="fl-9"/>
      </object_component>
      <object_component id="oc-1cd">
         <name>.debug_info</name>
         <load_address>0x6a5d</load_address>
         <run_address>0x6a5d</run_address>
         <size>0x121</size>
         <input_file_ref idref="fl-9"/>
      </object_component>
      <object_component id="oc-1d0">
         <name>.debug_info</name>
         <load_address>0x6b7e</load_address>
         <run_address>0x6b7e</run_address>
         <size>0xd6</size>
         <input_file_ref idref="fl-9"/>
      </object_component>
      <object_component id="oc-1c1">
         <name>.debug_info</name>
         <load_address>0x6c54</load_address>
         <run_address>0x6c54</run_address>
         <size>0x14e</size>
         <input_file_ref idref="fl-9"/>
      </object_component>
      <object_component id="oc-ea">
         <name>.debug_info</name>
         <load_address>0x6da2</load_address>
         <run_address>0x6da2</run_address>
         <size>0x1998</size>
         <input_file_ref idref="fl-9"/>
      </object_component>
      <object_component id="oc-2be">
         <name>.debug_info</name>
         <load_address>0x873a</load_address>
         <run_address>0x873a</run_address>
         <size>0x2e1</size>
         <input_file_ref idref="fl-a"/>
      </object_component>
      <object_component id="oc-1db">
         <name>.debug_info</name>
         <load_address>0x8a1b</load_address>
         <run_address>0x8a1b</run_address>
         <size>0x12c</size>
         <input_file_ref idref="fl-a"/>
      </object_component>
      <object_component id="oc-f0">
         <name>.debug_info</name>
         <load_address>0x8b47</load_address>
         <run_address>0x8b47</run_address>
         <size>0x330</size>
         <input_file_ref idref="fl-a"/>
      </object_component>
      <object_component id="oc-286">
         <name>.debug_info</name>
         <load_address>0x8e77</load_address>
         <run_address>0x8e77</run_address>
         <size>0x2ce</size>
         <input_file_ref idref="fl-b"/>
      </object_component>
      <object_component id="oc-19a">
         <name>.debug_info</name>
         <load_address>0x9145</load_address>
         <run_address>0x9145</run_address>
         <size>0xd7</size>
         <input_file_ref idref="fl-b"/>
      </object_component>
      <object_component id="oc-df">
         <name>.debug_info</name>
         <load_address>0x921c</load_address>
         <run_address>0x921c</run_address>
         <size>0x276</size>
         <input_file_ref idref="fl-b"/>
      </object_component>
      <object_component id="oc-32">
         <name>.debug_info</name>
         <load_address>0x9492</load_address>
         <run_address>0x9492</run_address>
         <size>0x2ab</size>
         <input_file_ref idref="fl-c"/>
      </object_component>
      <object_component id="oc-13">
         <name>.debug_info</name>
         <load_address>0x973d</load_address>
         <run_address>0x973d</run_address>
         <size>0xea</size>
         <input_file_ref idref="fl-c"/>
      </object_component>
      <object_component id="oc-2b">
         <name>.debug_info</name>
         <load_address>0x9827</load_address>
         <run_address>0x9827</run_address>
         <size>0x266</size>
         <input_file_ref idref="fl-c"/>
      </object_component>
      <object_component id="oc-1b2">
         <name>.debug_info</name>
         <load_address>0x9a8d</load_address>
         <run_address>0x9a8d</run_address>
         <size>0x30c</size>
         <input_file_ref idref="fl-d"/>
      </object_component>
      <object_component id="oc-e4">
         <name>.debug_info</name>
         <load_address>0x9d99</load_address>
         <run_address>0x9d99</run_address>
         <size>0x4ff</size>
         <input_file_ref idref="fl-d"/>
      </object_component>
      <object_component id="oc-ce">
         <name>.debug_info</name>
         <load_address>0xa298</load_address>
         <run_address>0xa298</run_address>
         <size>0x2c</size>
         <input_file_ref idref="fl-d"/>
      </object_component>
      <object_component id="oc-174">
         <name>.debug_info</name>
         <load_address>0xa2c4</load_address>
         <run_address>0xa2c4</run_address>
         <size>0x5d6</size>
         <input_file_ref idref="fl-c8"/>
      </object_component>
      <object_component id="oc-34e">
         <name>.debug_info</name>
         <load_address>0xa89a</load_address>
         <run_address>0xa89a</run_address>
         <size>0x46</size>
         <input_file_ref idref="fl-c8"/>
      </object_component>
      <object_component id="oc-26e">
         <name>.debug_info</name>
         <load_address>0xa8e0</load_address>
         <run_address>0xa8e0</run_address>
         <size>0x39</size>
         <input_file_ref idref="fl-c8"/>
      </object_component>
      <object_component id="oc-273">
         <name>.debug_info</name>
         <load_address>0xa919</load_address>
         <run_address>0xa919</run_address>
         <size>0x35e</size>
         <input_file_ref idref="fl-c9"/>
      </object_component>
      <object_component id="oc-265">
         <name>.debug_info</name>
         <load_address>0xac77</load_address>
         <run_address>0xac77</run_address>
         <size>0x128</size>
         <input_file_ref idref="fl-c9"/>
      </object_component>
      <object_component id="oc-169">
         <name>.debug_info</name>
         <load_address>0xad9f</load_address>
         <run_address>0xad9f</run_address>
         <size>0xbf2</size>
         <input_file_ref idref="fl-c9"/>
      </object_component>
      <object_component id="oc-339">
         <name>.debug_info</name>
         <load_address>0xb991</load_address>
         <run_address>0xb991</run_address>
         <size>0x2c5</size>
         <input_file_ref idref="fl-ca"/>
      </object_component>
      <object_component id="oc-259">
         <name>.debug_info</name>
         <load_address>0xbc56</load_address>
         <run_address>0xbc56</run_address>
         <size>0x24e</size>
         <input_file_ref idref="fl-ca"/>
      </object_component>
      <object_component id="oc-282">
         <name>.debug_info</name>
         <load_address>0xbea4</load_address>
         <run_address>0xbea4</run_address>
         <size>0x2ab</size>
         <input_file_ref idref="fl-cb"/>
      </object_component>
      <object_component id="oc-190">
         <name>.debug_info</name>
         <load_address>0xc14f</load_address>
         <run_address>0xc14f</run_address>
         <size>0x214</size>
         <input_file_ref idref="fl-cb"/>
      </object_component>
      <object_component id="oc-348">
         <name>.debug_info</name>
         <load_address>0xc363</load_address>
         <run_address>0xc363</run_address>
         <size>0x2f8</size>
         <input_file_ref idref="fl-cc"/>
      </object_component>
      <object_component id="oc-268">
         <name>.debug_info</name>
         <load_address>0xc65b</load_address>
         <run_address>0xc65b</run_address>
         <size>0x225</size>
         <input_file_ref idref="fl-cc"/>
      </object_component>
      <object_component id="oc-3e5">
         <name>.debug_info</name>
         <load_address>0xc880</load_address>
         <run_address>0xc880</run_address>
         <size>0x39</size>
         <input_file_ref idref="fl-cc"/>
      </object_component>
      <object_component id="oc-349">
         <name>.debug_info</name>
         <load_address>0xc8b9</load_address>
         <run_address>0xc8b9</run_address>
         <size>0x2c</size>
         <input_file_ref idref="fl-cc"/>
      </object_component>
      <object_component id="oc-2fc">
         <name>.debug_info</name>
         <load_address>0xc8e5</load_address>
         <run_address>0xc8e5</run_address>
         <size>0x361</size>
         <input_file_ref idref="fl-cd"/>
      </object_component>
      <object_component id="oc-209">
         <name>.debug_info</name>
         <load_address>0xcc46</load_address>
         <run_address>0xcc46</run_address>
         <size>0x7ae</size>
         <input_file_ref idref="fl-cd"/>
      </object_component>
      <object_component id="oc-313">
         <name>.debug_info</name>
         <load_address>0xd3f4</load_address>
         <run_address>0xd3f4</run_address>
         <size>0x333</size>
         <input_file_ref idref="fl-ce"/>
      </object_component>
      <object_component id="oc-21b">
         <name>.debug_info</name>
         <load_address>0xd727</load_address>
         <run_address>0xd727</run_address>
         <size>0x1d1</size>
         <input_file_ref idref="fl-ce"/>
      </object_component>
      <object_component id="oc-307">
         <name>.debug_info</name>
         <load_address>0xd8f8</load_address>
         <run_address>0xd8f8</run_address>
         <size>0x18d</size>
         <input_file_ref idref="fl-ce"/>
      </object_component>
      <object_component id="oc-30d">
         <name>.debug_info</name>
         <load_address>0xda85</load_address>
         <run_address>0xda85</run_address>
         <size>0x16d</size>
         <input_file_ref idref="fl-ce"/>
      </object_component>
      <object_component id="oc-2d5">
         <name>.debug_info</name>
         <load_address>0xdbf2</load_address>
         <run_address>0xdbf2</run_address>
         <size>0x2c</size>
         <input_file_ref idref="fl-ce"/>
      </object_component>
      <object_component id="oc-2d4">
         <name>.debug_info</name>
         <load_address>0xdc1e</load_address>
         <run_address>0xdc1e</run_address>
         <size>0x340</size>
         <input_file_ref idref="fl-cf"/>
      </object_component>
      <object_component id="oc-1e6">
         <name>.debug_info</name>
         <load_address>0xdf5e</load_address>
         <run_address>0xdf5e</run_address>
         <size>0x208</size>
         <input_file_ref idref="fl-cf"/>
      </object_component>
      <object_component id="oc-2ca">
         <name>.debug_info</name>
         <load_address>0xe166</load_address>
         <run_address>0xe166</run_address>
         <size>0x1c6</size>
         <input_file_ref idref="fl-cf"/>
      </object_component>
      <object_component id="oc-2ce">
         <name>.debug_info</name>
         <load_address>0xe32c</load_address>
         <run_address>0xe32c</run_address>
         <size>0x179</size>
         <input_file_ref idref="fl-cf"/>
      </object_component>
      <object_component id="oc-2da">
         <name>.debug_info</name>
         <load_address>0xe4a5</load_address>
         <run_address>0xe4a5</run_address>
         <size>0x69</size>
         <input_file_ref idref="fl-cf"/>
      </object_component>
      <object_component id="oc-17a">
         <name>.debug_info</name>
         <load_address>0xe50e</load_address>
         <run_address>0xe50e</run_address>
         <size>0x14c</size>
         <input_file_ref idref="fl-d0"/>
      </object_component>
      <object_component id="oc-1fc">
         <name>.debug_info</name>
         <load_address>0xe65a</load_address>
         <run_address>0xe65a</run_address>
         <size>0x128</size>
         <input_file_ref idref="fl-d1"/>
      </object_component>
      <object_component id="oc-1ff">
         <name>.debug_info</name>
         <load_address>0xe782</load_address>
         <run_address>0xe782</run_address>
         <size>0x12a</size>
         <input_file_ref idref="fl-d1"/>
      </object_component>
      <object_component id="oc-180">
         <name>.debug_info</name>
         <load_address>0xe8ac</load_address>
         <run_address>0xe8ac</run_address>
         <size>0x13a</size>
         <input_file_ref idref="fl-d2"/>
      </object_component>
      <object_component id="oc-170">
         <name>.debug_info</name>
         <load_address>0xe9e6</load_address>
         <run_address>0xe9e6</run_address>
         <size>0x13a</size>
         <input_file_ref idref="fl-d3"/>
      </object_component>
      <object_component id="oc-195">
         <name>.debug_info</name>
         <load_address>0xeb20</load_address>
         <run_address>0xeb20</run_address>
         <size>0x12e</size>
         <input_file_ref idref="fl-d4"/>
      </object_component>
      <object_component id="oc-18c">
         <name>.debug_info</name>
         <load_address>0xec4e</load_address>
         <run_address>0xec4e</run_address>
         <size>0x13e</size>
         <input_file_ref idref="fl-d5"/>
      </object_component>
      <object_component id="oc-1a0">
         <name>.debug_info</name>
         <load_address>0xed8c</load_address>
         <run_address>0xed8c</run_address>
         <size>0x139</size>
         <input_file_ref idref="fl-d6"/>
      </object_component>
      <object_component id="oc-186">
         <name>.debug_info</name>
         <load_address>0xeec5</load_address>
         <run_address>0xeec5</run_address>
         <size>0x12c</size>
         <input_file_ref idref="fl-d7"/>
      </object_component>
      <object_component id="oc-165">
         <name>.debug_info</name>
         <load_address>0xeff1</load_address>
         <run_address>0xeff1</run_address>
         <size>0x12c</size>
         <input_file_ref idref="fl-d8"/>
      </object_component>
      <object_component id="oc-3f">
         <name>.debug_info</name>
         <load_address>0xf11d</load_address>
         <run_address>0xf11d</run_address>
         <size>0x119</size>
         <input_file_ref idref="fl-d9"/>
      </object_component>
      <object_component id="oc-95">
         <name>.debug_info</name>
         <load_address>0xf236</load_address>
         <run_address>0xf236</run_address>
         <size>0x2d4</size>
         <input_file_ref idref="fl-da"/>
      </object_component>
      <object_component id="oc-53">
         <name>.debug_info</name>
         <load_address>0xf50a</load_address>
         <run_address>0xf50a</run_address>
         <size>0x1b5</size>
         <input_file_ref idref="fl-da"/>
      </object_component>
      <object_component id="oc-90">
         <name>.debug_info</name>
         <load_address>0xf6bf</load_address>
         <run_address>0xf6bf</run_address>
         <size>0x46</size>
         <input_file_ref idref="fl-da"/>
      </object_component>
      <object_component id="oc-49">
         <name>.debug_info</name>
         <load_address>0xf705</load_address>
         <run_address>0xf705</run_address>
         <size>0x2a8</size>
         <input_file_ref idref="fl-db"/>
      </object_component>
      <object_component id="oc-1c">
         <name>.debug_info</name>
         <load_address>0xf9ad</load_address>
         <run_address>0xf9ad</run_address>
         <size>0x1ea</size>
         <input_file_ref idref="fl-db"/>
      </object_component>
      <object_component id="oc-44">
         <name>.debug_info</name>
         <load_address>0xfb97</load_address>
         <run_address>0xfb97</run_address>
         <size>0x46</size>
         <input_file_ref idref="fl-db"/>
      </object_component>
      <object_component id="oc-88">
         <name>.debug_info</name>
         <load_address>0xfbdd</load_address>
         <run_address>0xfbdd</run_address>
         <size>0x2c</size>
         <input_file_ref idref="fl-db"/>
      </object_component>
      <object_component id="oc-86">
         <name>.debug_info</name>
         <load_address>0xfc09</load_address>
         <run_address>0xfc09</run_address>
         <size>0x29e</size>
         <input_file_ref idref="fl-dc"/>
      </object_component>
      <object_component id="oc-19">
         <name>.debug_info</name>
         <load_address>0xfea7</load_address>
         <run_address>0xfea7</run_address>
         <size>0x250</size>
         <input_file_ref idref="fl-dc"/>
      </object_component>
      <object_component id="oc-34">
         <name>.debug_info</name>
         <load_address>0x100f7</load_address>
         <run_address>0x100f7</run_address>
         <size>0x60</size>
         <input_file_ref idref="fl-dc"/>
      </object_component>
      <object_component id="oc-c7">
         <name>.debug_info</name>
         <load_address>0x10157</load_address>
         <run_address>0x10157</run_address>
         <size>0x46</size>
         <input_file_ref idref="fl-dc"/>
      </object_component>
      <object_component id="oc-81">
         <name>.debug_info</name>
         <load_address>0x1019d</load_address>
         <run_address>0x1019d</run_address>
         <size>0x39</size>
         <input_file_ref idref="fl-dc"/>
      </object_component>
      <object_component id="oc-305">
         <name>.debug_info</name>
         <load_address>0x101d6</load_address>
         <run_address>0x101d6</run_address>
         <size>0x2b9</size>
         <input_file_ref idref="fl-dd"/>
      </object_component>
      <object_component id="oc-217">
         <name>.debug_info</name>
         <load_address>0x1048f</load_address>
         <run_address>0x1048f</run_address>
         <size>0x17c</size>
         <input_file_ref idref="fl-dd"/>
      </object_component>
      <object_component id="oc-3c4">
         <name>.debug_info</name>
         <load_address>0x1060b</load_address>
         <run_address>0x1060b</run_address>
         <size>0xf9</size>
         <input_file_ref idref="fl-de"/>
      </object_component>
      <object_component id="oc-302">
         <name>.debug_info</name>
         <load_address>0x10704</load_address>
         <run_address>0x10704</run_address>
         <size>0x105</size>
         <input_file_ref idref="fl-de"/>
      </object_component>
      <object_component id="oc-70">
         <name>.debug_info</name>
         <load_address>0x10809</load_address>
         <run_address>0x10809</run_address>
         <size>0x3b2</size>
         <input_file_ref idref="fl-df"/>
      </object_component>
      <object_component id="oc-25">
         <name>.debug_info</name>
         <load_address>0x10bbb</load_address>
         <run_address>0x10bbb</run_address>
         <size>0x10c</size>
         <input_file_ref idref="fl-df"/>
      </object_component>
      <object_component id="oc-373">
         <name>.debug_info</name>
         <load_address>0x10cc7</load_address>
         <run_address>0x10cc7</run_address>
         <size>0x13f</size>
         <input_file_ref idref="fl-df"/>
      </object_component>
      <object_component id="oc-297">
         <name>.debug_info</name>
         <load_address>0x10e06</load_address>
         <run_address>0x10e06</run_address>
         <size>0x168</size>
         <input_file_ref idref="fl-df"/>
      </object_component>
      <object_component id="oc-29e">
         <name>.debug_info</name>
         <load_address>0x10f6e</load_address>
         <run_address>0x10f6e</run_address>
         <size>0x18e</size>
         <input_file_ref idref="fl-df"/>
      </object_component>
      <object_component id="oc-2a6">
         <name>.debug_info</name>
         <load_address>0x110fc</load_address>
         <run_address>0x110fc</run_address>
         <size>0x19f</size>
         <input_file_ref idref="fl-df"/>
      </object_component>
      <object_component id="oc-1bb">
         <name>.debug_info</name>
         <load_address>0x1129b</load_address>
         <run_address>0x1129b</run_address>
         <size>0x203</size>
         <input_file_ref idref="fl-df"/>
      </object_component>
      <object_component id="oc-3ed">
         <name>.debug_info</name>
         <load_address>0x1149e</load_address>
         <run_address>0x1149e</run_address>
         <size>0x1db</size>
         <input_file_ref idref="fl-df"/>
      </object_component>
      <object_component id="oc-1b6">
         <name>.debug_info</name>
         <load_address>0x11679</load_address>
         <run_address>0x11679</run_address>
         <size>0x1a5</size>
         <input_file_ref idref="fl-df"/>
      </object_component>
      <object_component id="oc-36e">
         <name>.debug_info</name>
         <load_address>0x1181e</load_address>
         <run_address>0x1181e</run_address>
         <size>0x299</size>
         <input_file_ref idref="fl-df"/>
      </object_component>
      <object_component id="oc-bb">
         <name>.debug_info</name>
         <load_address>0x11ab7</load_address>
         <run_address>0x11ab7</run_address>
         <size>0xb2</size>
         <input_file_ref idref="fl-df"/>
      </object_component>
      <object_component id="oc-b6">
         <name>.debug_info</name>
         <load_address>0x11b69</load_address>
         <run_address>0x11b69</run_address>
         <size>0x2c</size>
         <input_file_ref idref="fl-df"/>
      </object_component>
      <object_component id="oc-213">
         <name>.debug_info</name>
         <load_address>0x11b95</load_address>
         <run_address>0x11b95</run_address>
         <size>0x28a</size>
         <input_file_ref idref="fl-e0"/>
      </object_component>
      <object_component id="oc-116">
         <name>.debug_info</name>
         <load_address>0x11e1f</load_address>
         <run_address>0x11e1f</run_address>
         <size>0x273</size>
         <input_file_ref idref="fl-e0"/>
      </object_component>
      <object_component id="oc-2e0">
         <name>.debug_info</name>
         <load_address>0x12092</load_address>
         <run_address>0x12092</run_address>
         <size>0x2a4</size>
         <input_file_ref idref="fl-e1"/>
      </object_component>
      <object_component id="oc-1ec">
         <name>.debug_info</name>
         <load_address>0x12336</load_address>
         <run_address>0x12336</run_address>
         <size>0x24d</size>
         <input_file_ref idref="fl-e1"/>
      </object_component>
      <object_component id="oc-289">
         <name>.debug_info</name>
         <load_address>0x12583</load_address>
         <run_address>0x12583</run_address>
         <size>0x28f</size>
         <input_file_ref idref="fl-e2"/>
      </object_component>
      <object_component id="oc-1a4">
         <name>.debug_info</name>
         <load_address>0x12812</load_address>
         <run_address>0x12812</run_address>
         <size>0x245</size>
         <input_file_ref idref="fl-e2"/>
      </object_component>
      <object_component id="oc-3bc">
         <name>.debug_info</name>
         <load_address>0x12a57</load_address>
         <run_address>0x12a57</run_address>
         <size>0x3aa</size>
         <input_file_ref idref="fl-e3"/>
      </object_component>
      <object_component id="oc-3b9">
         <name>.debug_info</name>
         <load_address>0x12e01</load_address>
         <run_address>0x12e01</run_address>
         <size>0x13a</size>
         <input_file_ref idref="fl-e3"/>
      </object_component>
      <object_component id="oc-2f0">
         <name>.debug_info</name>
         <load_address>0x12f3b</load_address>
         <run_address>0x12f3b</run_address>
         <size>0x72f</size>
         <input_file_ref idref="fl-e3"/>
      </object_component>
      <object_component id="oc-28">
         <name>.debug_info</name>
         <load_address>0x1366a</load_address>
         <run_address>0x1366a</run_address>
         <size>0x10b</size>
         <input_file_ref idref="fl-e4"/>
      </object_component>
      <object_component id="oc-5d">
         <name>.debug_info</name>
         <load_address>0x13775</load_address>
         <run_address>0x13775</run_address>
         <size>0x1a9</size>
         <input_file_ref idref="fl-e4"/>
      </object_component>
      <object_component id="oc-33e">
         <name>.debug_info</name>
         <load_address>0x1391e</load_address>
         <run_address>0x1391e</run_address>
         <size>0x289</size>
         <input_file_ref idref="fl-e5"/>
      </object_component>
      <object_component id="oc-33b">
         <name>.debug_info</name>
         <load_address>0x13ba7</load_address>
         <run_address>0x13ba7</run_address>
         <size>0x10e</size>
         <input_file_ref idref="fl-e5"/>
      </object_component>
      <object_component id="oc-25f">
         <name>.debug_info</name>
         <load_address>0x13cb5</load_address>
         <run_address>0x13cb5</run_address>
         <size>0x14e</size>
         <input_file_ref idref="fl-e5"/>
      </object_component>
      <object_component id="oc-344">
         <name>.debug_info</name>
         <load_address>0x13e03</load_address>
         <run_address>0x13e03</run_address>
         <size>0x161</size>
         <input_file_ref idref="fl-e6"/>
      </object_component>
      <object_component id="oc-3bf">
         <name>.debug_info</name>
         <load_address>0x13f64</load_address>
         <run_address>0x13f64</run_address>
         <size>0x288</size>
         <input_file_ref idref="fl-e7"/>
      </object_component>
      <object_component id="oc-2f7">
         <name>.debug_info</name>
         <load_address>0x141ec</load_address>
         <run_address>0x141ec</run_address>
         <size>0x327</size>
         <input_file_ref idref="fl-e7"/>
      </object_component>
      <object_component id="oc-3b7">
         <name>.debug_info</name>
         <load_address>0x14513</load_address>
         <run_address>0x14513</run_address>
         <size>0x28d</size>
         <input_file_ref idref="fl-e8"/>
      </object_component>
      <object_component id="oc-2ea">
         <name>.debug_info</name>
         <load_address>0x147a0</load_address>
         <run_address>0x147a0</run_address>
         <size>0x380</size>
         <input_file_ref idref="fl-e8"/>
      </object_component>
      <object_component id="oc-356">
         <name>.debug_info</name>
         <load_address>0x14b20</load_address>
         <run_address>0x14b20</run_address>
         <size>0x28a</size>
         <input_file_ref idref="fl-e9"/>
      </object_component>
      <object_component id="oc-27d">
         <name>.debug_info</name>
[...]
         <name>oi_setMotorCalibration</name>
         <value>0xdb1</value>
         <object_component_ref idref="oc-e9"/>
      </symbol>
      <symbol id="sm-2fb">
         <name>oi_uartSendStr</name>
         <value>0xa59</value>
         <object_component_ref idref="oc-e9"/>
      </symbol>
      <symbol id="sm-2fc">
         <name>oi_close</name>
         <value>0x2c7</value>
         <object_component_ref idref="oc-e9"/>
      </symbol>
      <symbol id="sm-2fd">
         <name>oi_uartSendBuff</name>
         <value>0xa77</value>
         <object_component_ref idref="oc-e9"/>
      </symbol>
      <symbol id="sm-2fe">
         <name>oi_checkFirmware</name>
         <value>0xaa9</value>
         <object_component_ref idref="oc-e9"/>
      </symbol>
      <symbol id="sm-2ff">
         <name>oi_init_noupdate</name>
         <value>0x289</value>
         <object_component_ref idref="oc-e9"/>
      </symbol>
      <symbol id="sm-300">
         <name>oi_uartSendChar</name>
         <value>0xa15</value>
         <object_component_ref idref="oc-e9"/>
      </symbol>
      <symbol id="sm-301">
         <name>oi_alloc</name>
         <value>0x26d</value>
         <object_component_ref idref="oc-e9"/>
      </symbol>
      <symbol id="sm-302">
         <name>oi_getMotorCalibrationLeft</name>
         <value>0xded</value>
         <object_component_ref idref="oc-e9"/>
      </symbol>
      <symbol id="sm-303">
         <name>oi_loadSong</name>
         <value>0x915</value>
         <object_component_ref idref="oc-e9"/>
      </symbol>
      <symbol id="sm-304">
         <name>oi_play_song</name>
         <value>0x96b</value>
         <object_component_ref idref="oc-e9"/>
      </symbol>
      <symbol id="sm-305">
         <name>oi_parsePacket</name>
         <value>0x32b</value>
         <object_component_ref idref="oc-e9"/>
      </symbol>
      <symbol id="sm-306">
         <name>oi_setLeds</name>
         <value>0x84b</value>
         <object_component_ref idref="oc-e9"/>
      </symbol>
      <symbol id="sm-307">
         <name>oi_init</name>
         <value>0x2b1</value>
         <object_component_ref idref="oc-e9"/>
      </symbol>
      <symbol id="sm-308">
         <name>oi_update</name>
         <value>0x2d9</value>
         <object_component_ref idref="oc-e9"/>
      </symbol>
      <symbol id="sm-309">
         <name>oi_uartInit</name>
         <value>0x98d</value>
         <object_component_ref idref="oc-e9"/>
      </symbol>
      <symbol id="sm-341">
         <name>ping_read</name>
         <value>0x4da5</value>
         <object_component_ref idref="oc-ef"/>
      </symbol>
      <symbol id="sm-342">
         <name>edgeCount</name>
         <value>0x20001974</value>
         <object_component_ref idref="oc-1da"/>
      </symbol>
      <symbol id="sm-343">
         <name>trigger_ping</name>
         <value>0x4c8d</value>
         <object_component_ref idref="oc-ef"/>
      </symbol>
      <symbol id="sm-344">
         <name>ping_init</name>
         <value>0x4bd5</value>
         <object_component_ref idref="oc-ef"/>
      </symbol>
      <symbol id="sm-345">
         <name>timeRisingEdge</name>
         <value>0x20001970</value>
         <object_component_ref idref="oc-1da"/>
      </symbol>
      <symbol id="sm-346">
         <name>timeFallingEdge</name>
         <value>0x2000196c</value>
         <object_component_ref idref="oc-1da"/>
      </symbol>
      <symbol id="sm-347">
         <name>delta_to_distance</name>
         <value>0x4d4d</value>
         <object_component_ref idref="oc-ef"/>
      </symbol>
      <symbol id="sm-348">
         <name>ping_interrupt_handler</name>
         <value>0x4d0b</value>
         <object_component_ref idref="oc-ef"/>
      </symbol>
      <symbol id="sm-36f">
         <name>falling_edge</name>
         <value>0x2000198c</value>
         <object_component_ref idref="oc-199"/>
      </symbol>
      <symbol id="sm-370">
         <name>servo_move</name>
         <value>0x5d0f</value>
         <object_component_ref idref="oc-dd"/>
      </symbol>
      <symbol id="sm-371">
         <name>servo_init</name>
         <value>0x5c95</value>
         <object_component_ref idref="oc-dd"/>
      </symbol>
      <symbol id="sm-38d">
         <name>ResetISR</name>
         <value>0x72f9</value>
         <object_component_ref idref="oc-2a"/>
      </symbol>
      <symbol id="sm-38e">
         <name>g_pfnVectors</name>
         <value>0x0</value>
         <object_component_ref idref="oc-12"/>
      </symbol>
      <symbol id="sm-3c9">
         <name>uart_interrupt_handler</name>
         <value>0x545d</value>
         <object_component_ref idref="oc-e3"/>
      </symbol>
      <symbol id="sm-3ca">
         <name>uart_sendChar</name>
         <value>0x535b</value>
         <object_component_ref idref="oc-e3"/>
      </symbol>
      <symbol id="sm-3cb">
         <name>uart_receive_server</name>
         <value>0x53d5</value>
         <object_component_ref idref="oc-e3"/>
      </symbol>
      <symbol id="sm-3cc">
         <name>uart_interrupt_init</name>
         <value>0x543d</value>
         <object_component_ref idref="oc-e3"/>
      </symbol>
      <symbol id="sm-3cd">
         <name>uart_receive_blocking</name>
         <value>0x53b5</value>
         <object_component_ref idref="oc-e3"/>
      </symbol>
      <symbol id="sm-3ce">
         <name>uart_init</name>
         <value>0x52b9</value>
         <object_component_ref idref="oc-e3"/>
      </symbol>
      <symbol id="sm-3cf">
         <name>uart_receive</name>
         <value>0x538b</value>
         <object_component_ref idref="oc-e3"/>
      </symbol>
      <symbol id="sm-3d0">
         <name>uart_sendStr</name>
         <value>0x540f</value>
         <object_component_ref idref="oc-e3"/>
      </symbol>
      <symbol id="sm-40c">
         <name>log</name>
         <value>0x4279</value>
         <object_component_ref idref="oc-173"/>
      </symbol>
      <symbol id="sm-40d">
         <name>logl</name>
         <value>0x4279</value>
         <object_component_ref idref="oc-173"/>
      </symbol>
      <symbol id="sm-499">
         <name>pow</name>
         <value>0x18dd</value>
         <object_component_ref idref="oc-168"/>
      </symbol>
      <symbol id="sm-49a">
         <name>powl</name>
         <value>0x18dd</value>
         <object_component_ref idref="oc-168"/>
      </symbol>
      <symbol id="sm-4bc">
         <name>sqrtl</name>
         <value>0x5b3d</value>
         <object_component_ref idref="oc-258"/>
      </symbol>
      <symbol id="sm-4bd">
         <name>sqrt</name>
         <value>0x5b3d</value>
         <object_component_ref idref="oc-258"/>
      </symbol>
      <symbol id="sm-4d5">
         <name>roundl</name>
         <value>0x6731</value>
         <object_component_ref idref="oc-18e"/>
      </symbol>
      <symbol id="sm-4d6">
         <name>round</name>
         <value>0x6731</value>
         <object_component_ref idref="oc-18e"/>
      </symbol>
      <symbol id="sm-4fd">
         <name>scalbn</name>
         <value>0x6175</value>
         <object_component_ref idref="oc-267"/>
      </symbol>
      <symbol id="sm-4fe">
         <name>scalbnl</name>
         <value>0x6175</value>
         <object_component_ref idref="oc-267"/>
      </symbol>
      <symbol id="sm-4ff">
         <name>ldexpl</name>
         <value>0x6175</value>
         <object_component_ref idref="oc-267"/>
      </symbol>
      <symbol id="sm-500">
         <name>ldexp</name>
         <value>0x6175</value>
         <object_component_ref idref="oc-267"/>
      </symbol>
      <symbol id="sm-550">
         <name>sin</name>
         <value>0x3739</value>
         <object_component_ref idref="oc-208"/>
      </symbol>
      <symbol id="sm-551">
         <name>sinl</name>
         <value>0x3739</value>
         <object_component_ref idref="oc-208"/>
      </symbol>
      <symbol id="sm-578">
         <name>sprintf</name>
         <value>0x6f91</value>
         <object_component_ref idref="oc-21a"/>
      </symbol>
      <symbol id="sm-5a2">
         <name>vsnprintf</name>
         <value>0x6fd1</value>
         <object_component_ref idref="oc-1e3"/>
      </symbol>
      <symbol id="sm-5b9">
         <name>__aeabi_dsub</name>
         <value>0x56a1</value>
         <object_component_ref idref="oc-179"/>
      </symbol>
      <symbol id="sm-5ba">
         <name>__aeabi_dadd</name>
         <value>0x56ab</value>
         <object_component_ref idref="oc-179"/>
      </symbol>
      <symbol id="sm-5dc">
         <name>__aeabi_cdcmpeq</name>
         <value>0x69d9</value>
         <object_component_ref idref="oc-1f9"/>
      </symbol>
      <symbol id="sm-5dd">
         <name>__aeabi_cdcmple</name>
         <value>0x69d9</value>
         <object_component_ref idref="oc-1f9"/>
      </symbol>
      <symbol id="sm-5de">
         <name>__aeabi_cdrcmple</name>
         <value>0x6a5f</value>
         <object_component_ref idref="oc-1fe"/>
      </symbol>
      <symbol id="sm-5f2">
         <name>__aeabi_ddiv</name>
         <value>0x5f19</value>
         <object_component_ref idref="oc-17e"/>
      </symbol>
      <symbol id="sm-5fd">
         <name>__aeabi_dmul</name>
         <value>0x6385</value>
         <object_component_ref idref="oc-16e"/>
      </symbol>
      <symbol id="sm-607">
         <name>__aeabi_d2iz</name>
         <value>0x6ec1</value>
         <object_component_ref idref="oc-194"/>
      </symbol>
      <symbol id="sm-613">
         <name>__aeabi_d2f</name>
         <value>0x6c3f</value>
         <object_component_ref idref="oc-189"/>
      </symbol>
      <symbol id="sm-61d">
         <name>__aeabi_d2uiz</name>
         <value>0x6f4d</value>
         <object_component_ref idref="oc-19d"/>
      </symbol>
      <symbol id="sm-628">
         <name>__aeabi_f2d</name>
         <value>0x7089</value>
         <object_component_ref idref="oc-184"/>
      </symbol>
      <symbol id="sm-632">
         <name>__aeabi_i2d</name>
         <value>0x7159</value>
         <object_component_ref idref="oc-163"/>
      </symbol>
      <symbol id="sm-64d">
         <name>memcpy</name>
         <value>0x68a7</value>
         <object_component_ref idref="oc-3e"/>
      </symbol>
      <symbol id="sm-64e">
         <name>__aeabi_memcpy</name>
         <value>0x68a7</value>
         <object_component_ref idref="oc-3e"/>
      </symbol>
      <symbol id="sm-64f">
         <name>__aeabi_memcpy8</name>
         <value>0x68a7</value>
         <object_component_ref idref="oc-3e"/>
      </symbol>
      <symbol id="sm-650">
         <name>__aeabi_memcpy4</name>
         <value>0x68a7</value>
         <object_component_ref idref="oc-3e"/>
      </symbol>
      <symbol id="sm-662">
         <name>__TI_zero_init</name>
         <value>0x72ed</value>
         <object_component_ref idref="oc-50"/>
      </symbol>
      <symbol id="sm-679">
         <name>__TI_decompress_none</name>
         <value>0x72d3</value>
         <object_component_ref idref="oc-1b"/>
      </symbol>
      <symbol id="sm-69c">
         <name>__TI_decompress_lzss</name>
         <value>0x6cad</value>
         <object_component_ref idref="oc-15"/>
      </symbol>
      <symbol id="sm-6b2">
         <name>atoi</name>
         <value>0x6e75</value>
         <object_component_ref idref="oc-214"/>
      </symbol>
      <symbol id="sm-6bd">
         <name>_ctypes_</name>
         <value>0x7480</value>
         <object_component_ref idref="oc-301"/>
      </symbol>
      <symbol id="sm-752">
         <name>_sys_memory</name>
         <value>0x20001270</value>
         <object_component_ref idref="oc-24"/>
      </symbol>
      <symbol id="sm-753">
         <name>free</name>
         <value>0x6579</value>
         <object_component_ref idref="oc-1b9"/>
      </symbol>
      <symbol id="sm-754">
         <name>memalign</name>
         <value>0x6285</value>
         <object_component_ref idref="oc-36b"/>
      </symbol>
      <symbol id="sm-755">
         <name>calloc</name>
         <value>0x7051</value>
         <object_component_ref idref="oc-1b3"/>
      </symbol>
      <symbol id="sm-756">
         <name>malloc</name>
         <value>0x7319</value>
         <object_component_ref idref="oc-296"/>
      </symbol>
      <symbol id="sm-757">
         <name>aligned_alloc</name>
         <value>0x6285</value>
         <object_component_ref idref="oc-36b"/>
      </symbol>
      <symbol id="sm-766">
         <name>strcmp</name>
         <value>0x724b</value>
         <object_component_ref idref="oc-114"/>
      </symbol>
      <symbol id="sm-774">
         <name>strcpy</name>
         <value>0x7279</value>
         <object_component_ref idref="oc-1e9"/>
      </symbol>
      <symbol id="sm-782">
         <name>strlen</name>
         <value>0x728d</value>
         <object_component_ref idref="oc-1a2"/>
      </symbol>
      <symbol id="sm-7e8">
         <name>__kernel_rem_pio2</name>
         <value>0x22ad</value>
         <object_component_ref idref="oc-2ef"/>
      </symbol>
      <symbol id="sm-7fb">
         <name>__stack</name>
         <value>0x20000270</value>
         <object_component_ref idref="oc-27"/>
      </symbol>
      <symbol id="sm-7fc">
         <name>_c_int00_noargs</name>
         <value>0x70f5</value>
         <object_component_ref idref="oc-5c"/>
      </symbol>
      <symbol id="sm-812">
         <name>__aeabi_errno_addr</name>
         <value>0x7311</value>
         <object_component_ref idref="oc-25e"/>
      </symbol>
      <symbol id="sm-813">
         <name>errno</name>
         <value>0x20001988</value>
         <object_component_ref idref="oc-33a"/>
      </symbol>
      <symbol id="sm-81d">
         <name>copysign</name>
         <value>0x71e9</value>
         <object_component_ref idref="oc-341"/>
      </symbol>
      <symbol id="sm-81e">
         <name>copysignl</name>
         <value>0x71e9</value>
         <object_component_ref idref="oc-341"/>
      </symbol>
      <symbol id="sm-834">
         <name>__kernel_cos</name>
         <value>0x59cd</value>
         <object_component_ref idref="oc-2f5"/>
      </symbol>
      <symbol id="sm-84b">
         <name>__kernel_sin</name>
         <value>0x5859</value>
         <object_component_ref idref="oc-2e9"/>
      </symbol>
      <symbol id="sm-868">
         <name>floorl</name>
         <value>0x6481</value>
         <object_component_ref idref="oc-27b"/>
      </symbol>
      <symbol id="sm-869">
         <name>floor</name>
         <value>0x6481</value>
         <object_component_ref idref="oc-27b"/>
      </symbol>
      <symbol id="sm-9ce">
         <name>__TI_printfi</name>
         <value>0xe8d</value>
         <object_component_ref idref="oc-2c1"/>
      </symbol>
      <symbol id="sm-9dd">
         <name>__aeabi_memset</name>
         <value>0x6ae7</value>
         <object_component_ref idref="oc-96"/>
      </symbol>
      <symbol id="sm-9de">
         <name>memset</name>
         <value>0x6aed</value>
         <object_component_ref idref="oc-96"/>
      </symbol>
      <symbol id="sm-9df">
         <name>__aeabi_memset8</name>
         <value>0x6ae7</value>
         <object_component_ref idref="oc-96"/>
      </symbol>
      <symbol id="sm-9e0">
         <name>__aeabi_memset4</name>
         <value>0x6ae7</value>
         <object_component_ref idref="oc-96"/>
      </symbol>
      <symbol id="sm-9e1">
         <name>__aeabi_memclr8</name>
         <value>0x6ae5</value>
         <object_component_ref idref="oc-96"/>
      </symbol>
      <symbol id="sm-9e2">
         <name>__aeabi_memclr4</name>
         <value>0x6ae5</value>
         <object_component_ref idref="oc-96"/>
      </symbol>
      <symbol id="sm-9e3">
         <name>__aeabi_memclr</name>
         <value>0x6ae5</value>
         <object_component_ref idref="oc-96"/>
      </symbol>
      <symbol id="sm-9f0">
         <name>__aeabi_uldivmod</name>
         <value>0x6943</value>
         <object_component_ref idref="oc-3f5"/>
      </symbol>
      <symbol id="sm-a18">
         <name>__TI_auto_init_nobinit_nopinit</name>
         <value>0x6f09</value>
         <object_component_ref idref="oc-12f"/>
      </symbol>
      <symbol id="sm-a22">
         <name>_system_pre_init</name>
         <value>0x7321</value>
         <object_component_ref idref="oc-9c"/>
      </symbol>
      <symbol id="sm-a2e">
         <name>C$$EXIT</name>
         <value>0x7325</value>
         <object_component_ref idref="oc-123"/>
      </symbol>
      <symbol id="sm-a2f">
         <name>abort</name>
         <value>0x7325</value>
         <object_component_ref idref="oc-123"/>
      </symbol>
      <symbol id="sm-a44">
         <name>_nop</name>
         <value>0x18db</value>
         <object_component_ref idref="oc-319"/>
      </symbol>
      <symbol id="sm-a45">
         <name>_lock</name>
         <value>0x20001978</value>
         <object_component_ref idref="oc-23b"/>
      </symbol>
      <symbol id="sm-a46">
         <name>_unlock</name>
         <value>0x2000197c</value>
         <object_component_ref idref="oc-23b"/>
      </symbol>
      <symbol id="sm-a55">
         <name>__TI_ltoa</name>
         <value>0x6dcf</value>
         <object_component_ref idref="oc-3fb"/>
      </symbol>
      <symbol id="sm-a66">
         <name>memccpy</name>
         <value>0x71cd</value>
         <object_component_ref idref="oc-398"/>
      </symbol>
      <symbol id="sm-a76">
         <name>strchr</name>
         <value>0x7263</value>
         <object_component_ref idref="oc-422"/>
      </symbol>
      <symbol id="sm-a8f">
         <name>wcslen</name>
         <value>0x72a1</value>
         <object_component_ref idref="oc-39e"/>
      </symbol>
      <symbol id="sm-aa5">
         <name>frexpl</name>
         <value>0x6d15</value>
         <object_component_ref idref="oc-41c"/>
      </symbol>
      <symbol id="sm-aa6">
         <name>frexp</name>
         <value>0x6d15</value>
         <object_component_ref idref="oc-41c"/>
      </symbol>
      <symbol id="sm-ab0">
         <name>__aeabi_idiv0</name>
         <value>0x5857</value>
         <object_component_ref idref="oc-449"/>
      </symbol>
      <symbol id="sm-ab1">
         <name>__aeabi_ldiv0</name>
         <value>0x5857</value>
         <object_component_ref idref="oc-449"/>
      </symbol>
      <symbol id="sm-ae0">
         <name>IntRegister</name>
         <value>0x70c1</value>
         <object_component_ref idref="oc-1a8"/>
      </symbol>
      <symbol id="sm-ae1">
         <name>g_pfnRAMVectors</name>
         <value>0x20000000</value>
         <object_component_ref idref="oc-28a"/>
      </symbol>
      <symbol id="sm-ae2">
         <name>IntMasterEnable</name>
         <value>0x72b3</value>
         <object_component_ref idref="oc-1c6"/>
      </symbol>
      <symbol id="sm-aec">
         <name>CPUcpsie</name>
         <value>0x72e1</value>
         <object_component_ref idref="oc-2aa"/>
      </symbol>
      <symbol id="sm-aed">
         <name>__TI_static_base__</name>
         <value>0x0</value>
      </symbol>
      <symbol id="sm-af0">
         <name>__mpu_init</name>
         <value>0x0</value>
      </symbol>
      <symbol id="sm-af1">
         <name>_system_post_cinit</name>
         <value>0x0</value>
      </symbol>
   </symbol_table>
   <title>Link successful</title>
</link_info>
