******************************************************************************
                  TI ARM Linker PC v20.2.7                     
******************************************************************************
>> Linked Fri Dec  1 16:57:10 2023

OUTPUT FILE NAME:   <project.out>
ENTRY POINT SYMBOL: "_c_int00_noargs"  address: 000070f5


MEMORY CONFIGURATION

         name            origin    length      used     unused   attr    fill
----------------------  --------  ---------  --------  --------  ----  --------
  FLASH                 00000000   00040000  0000761b  000389e5  R  X
  SRAM                  20000000   00008000  00001986  0000667a  RW X


SEGMENT ALLOCATION MAP

run origin  load origin   length   init length attrs members
----------  ----------- ---------- ----------- ----- -------
00000000    00000000    00007620   00007620    r-x
  00000000    00000000    0000026c   0000026c    r-- .intvecs
  0000026c    0000026c    000070bc   000070bc    r-x .text
  00007328    00007328    000002a3   000002a3    r-- .const
  000075d0    000075d0    00000050   00000050    r-- .cinit
20000000    20000000    00001990   00000000    rw-
  20000000    20000000    0000026c   00000000    rw- .vtable
  20000270    20000270    00001000   00000000    rw- .stack
  20001270    20001270    00000400   00000000    rw- .sysmem
  20001670    20001670    000002c2   00000000    rw- .bss
  20001938    20001938    00000058   00000000    rw- .data


SECTION ALLOCATION MAP

 output                                  attributes/
section   page    origin      length       input sections
--------  ----  ----------  ----------   ----------------
.intvecs   0    00000000    0000026c     
                  00000000    0000026c     tm4c123gh6pm_startup_ccs.obj (.intvecs)

.text      0    0000026c    000070bc     
                  0000026c    00000c20     open_interface.obj (.text)
                  00000e8c    00000a4e     rtsv7M4_T_le_v4SPD16_eabi.lib : _printfi.c.obj (.text:__TI_printfi)
                  000018da    00000002                                   : _lock.c.obj (.text:_nop)
                  000018dc    000009d0                                   : e_pow.c.obj (.text:pow)
                  000022ac    00000738                                   : k_rem_pio2.c.obj (.text:__kernel_rem_pio2)
                  000029e4    00000714     helpers.obj (.text)
                  000030f8    00000640     manual_control.obj (.text)
                  00003738    000005e0     rtsv7M4_T_le_v4SPD16_eabi.lib : s_sin.c.obj (.text:sin)
                  00003d18    00000560     movement.obj (.text)
                  00004278    000003c4     rtsv7M4_T_le_v4SPD16_eabi.lib : e_log.c.obj (.text:log)
                  0000463c    00000328     lcd.obj (.text)
                  00004964    00000270     rtsv7M4_T_le_v4SPD16_eabi.lib : _printfi.c.obj (.text:_pconv_a)
                  00004bd4    0000026c     ping.obj (.text)
                  00004e40    00000248     Timer.obj (.text)
                  00005088    00000230     adc.obj (.text)
                  000052b8    00000218     uart.obj (.text)
                  000054d0    000001d0     rtsv7M4_T_le_v4SPD16_eabi.lib : _printfi.c.obj (.text:_pconv_g)
                  000056a0    000001b6                                   : fd_add_t2.asm.obj (.text)
                  00005856    00000002                                   : div0.asm.obj (.text)
                  00005858    00000174                                   : k_sin.c.obj (.text:__kernel_sin)
                  000059cc    00000170                                   : k_cos.c.obj (.text:__kernel_cos)
                  00005b3c    00000158                                   : e_sqrt.c.obj (.text:sqrt)
                  00005c94    00000148     servo.obj (.text)
                  00005ddc    0000013c     rtsv7M4_T_le_v4SPD16_eabi.lib : _printfi.c.obj (.text:_pconv_e)
                  00005f18    00000136                                   : fd_div_t2.asm.obj (.text)
                  0000604e    00000002     --HOLE-- [fill = 0]
                  00006050    00000124                                   : _printfi.c.obj (.text:fcvt)
                  00006174    00000110                                   : s_scalbn.c.obj (.text:scalbn)
                  00006284    00000100                                   : memory.c.obj (.text:aligned_alloc)
                  00006384    000000fc                                   : fd_mul_t2.asm.obj (.text)
                  00006480    000000f8                                   : s_floor.c.obj (.text:floor)
                  00006578    000000e4                                   : memory.c.obj (.text:free)
                  0000665c    000000d2     main.obj (.text)
                  0000672e    00000002     --HOLE-- [fill = 0]
                  00006730    000000c4     rtsv7M4_T_le_v4SPD16_eabi.lib : s_round.c.obj (.text:round)
                  000067f4    000000b1                                   : _printfi.c.obj (.text:_ltostr)
                  000068a5    00000001     --HOLE-- [fill = 0]
                  000068a6    0000009c                                   : memcpy_t2.asm.obj (.text)
                  00006942    00000096                                   : ull_div_t2.asm.obj (.text)
                  000069d8    00000086                                   : fd_cmp_t2.asm.obj (.text:__aeabi_cdcmple)
                  00006a5e    00000086                                   : fd_cmp_t2.asm.obj (.text:__aeabi_cdrcmple)
                  00006ae4    0000007a                                   : memset_t2.asm.obj (.text)
                  00006b5e    00000002     --HOLE-- [fill = 0]
                  00006b60    00000070                                   : memory.c.obj (.text:split)
                  00006bd0    0000006e                                   : _printfi.c.obj (.text:_mcpy)
                  00006c3e    0000006e                                   : fd_tos_t2.asm.obj (.text)
                  00006cac    00000068                                   : copy_decompress_lzss.c.obj (.text:decompress:lzss:__TI_decompress_lzss)
                  00006d14    00000064                                   : s_frexp.c.obj (.text:frexp)
                  00006d78    00000056                                   : _printfi.c.obj (.text:_pconv_f)
                  00006dce    00000054                                   : _ltoa.c.obj (.text:__TI_ltoa)
                  00006e22    00000052                                   : _printfi.c.obj (.text:_ecpy)
                  00006e74    0000004c                                   : atoi.c.obj (.text:atoi)
                  00006ec0    00000048                                   : fd_toi_t2.asm.obj (.text)
                  00006f08    00000044                                   : autoinit.c.obj (.text:__TI_auto_init_nobinit_nopinit:__TI_auto_init_nobinit_nopinit)
                  00006f4c    00000044                                   : fd_tou_t2.asm.obj (.text)
                  00006f90    00000040                                   : sprintf.c.obj (.text:sprintf)
                  00006fd0    00000040                                   : vsnprintf.c.obj (.text:vsnprintf)
                  00007010    0000003e                                   : _printfi.c.obj (.text:_fcpy)
                  0000704e    00000002     --HOLE-- [fill = 0]
                  00007050    00000038                                   : memory.c.obj (.text:calloc)
                  00007088    00000038                                   : fs_tod_t2.asm.obj (.text)
                  000070c0    00000034     driverlib.lib : interrupt.obj (.text:IntRegister)
                  000070f4    00000034     rtsv7M4_T_le_v4SPD16_eabi.lib : boot_cortex_m.c.obj (.text:_c_int00_noargs:_c_int00_noargs)
                  00007128    00000030                                   : vsnprintf.c.obj (.text:_outs)
                  00007158    0000002e                                   : i_tofd_t2.asm.obj (.text)
                  00007186    00000002     --HOLE-- [fill = 0]
                  00007188    00000028                                   : memory.c.obj (.text:free_list_insert)
                  000071b0    0000001c                                   : memory.c.obj (.text:free_list_remove)
                  000071cc    0000001c                                   : memccpy.c.obj (.text:memccpy)
                  000071e8    0000001a                                   : s_copysign.c.obj (.text:copysign)
                  00007202    00000018                                   : vsnprintf.c.obj (.text:_outc)
                  0000721a    00000018                                   : sprintf.c.obj (.text:_outs)
                  00007232    00000018     open_interface.obj (.text:oi_parseInt)
                  0000724a    00000018     rtsv7M4_T_le_v4SPD16_eabi.lib : strcmp.c.obj (.text:strcmp)
                  00007262    00000016                                   : strchr.c.obj (.text:strchr)
                  00007278    00000014                                   : strcpy.c.obj (.text:strcpy)
                  0000728c    00000014                                   : strlen.c.obj (.text:strlen)
                  000072a0    00000012                                   : wcslen.c.obj (.text:wcslen)
                  000072b2    00000010     driverlib.lib : interrupt.obj (.text:IntMasterEnable)
                  000072c2    00000010     lcd.obj (.text:lcd_clear)
                  000072d2    0000000e     rtsv7M4_T_le_v4SPD16_eabi.lib : copy_decompress_none.c.obj (.text:decompress:none:__TI_decompress_none)
                  000072e0    0000000c     driverlib.lib : cpu.obj (.text:CPUcpsie)
                  000072ec    0000000c     rtsv7M4_T_le_v4SPD16_eabi.lib : copy_zero_init.c.obj (.text:decompress:ZI:__TI_zero_init)
                  000072f8    0000000c     tm4c123gh6pm_startup_ccs.obj (.text)
                  00007304    0000000a     rtsv7M4_T_le_v4SPD16_eabi.lib : sprintf.c.obj (.text:_outc)
                  0000730e    00000002     --HOLE-- [fill = 0]
                  00007310    00000008                                   : errno.c.obj (.text:__aeabi_errno_addr)
                  00007318    00000008                                   : memory.c.obj (.text:malloc)
                  00007320    00000004                                   : pre_init.c.obj (.text:_system_pre_init)
                  00007324    00000004                                   : exit.c.obj (.text:abort:abort)

.const     0    00007328    000002a3     
                  00007328    00000158     rtsv7M4_T_le_v4SPD16_eabi.lib : k_rem_pio2.c.obj (.const:$O1$$)
                  00007480    00000101                                   : ctype.c.obj (.const:.string:_ctypes_)
                  00007581    00000004     lcd.obj (.const:.string:lineAddress$1)
                  00007585    00000003     --HOLE-- [fill = 0]
                  00007588    00000030     rtsv7M4_T_le_v4SPD16_eabi.lib : e_pow.c.obj (.const:$O1$$)
                  000075b8    0000000f     open_interface.obj (.const:.string:$P$T0$3)
                  000075c7    00000004     lcd.obj (.const:.string:lineAddresses$2)

.cinit     0    000075d0    00000050     
                  000075d0    00000019     (.cinit..data.load) [load image, compression = lzss]
                  000075e9    00000003     --HOLE-- [fill = 0]
                  000075ec    0000000c     (__TI_handler_table)
                  000075f8    00000008     (.cinit..bss.load) [load image, compression = zero_init]
                  00007600    00000008     (.cinit..vtable.load) [load image, compression = zero_init]
                  00007608    00000018     (__TI_cinit_table)

.init_array 
*          0    00000000    00000000     UNINITIALIZED

.vtable    0    20000000    0000026c     UNINITIALIZED
                  20000000    0000026c     driverlib.lib : interrupt.obj (.vtable)

.stack     0    20000270    00001000     UNINITIALIZED
                  20000270    00000004     rtsv7M4_T_le_v4SPD16_eabi.lib : boot_cortex_m.c.obj (.stack)
                  20000274    00000ffc     --HOLE--

.sysmem    0    20001270    00000400     UNINITIALIZED
                  20001270    00000010     rtsv7M4_T_le_v4SPD16_eabi.lib : memory.c.obj (.sysmem)
                  20001280    000003f0     --HOLE--

.bss       0    20001670    000002c2     UNINITIALIZED
                  20001670    000001e0     (.common:givenDirs)
                  20001850    00000054     lcd.obj (.bss:lastbuffer$3)
                  200018a4    00000034     uart.obj (.bss:data$1)
                  200018d8    00000034     (.common:response)
                  2000190c    00000018     open_interface.obj (.bss:firmware$2)
                  20001924    00000004     (.common:_timeout_ticks)
                  20001928    00000004     (.common:command)
                  2000192c    00000004     (.common:number)
                  20001930    00000001     (.common:flag)
                  20001931    00000001     (.common:uart_data)

.data      0    20001938    00000058     UNINITIALIZED
                  20001938    00000020     open_interface.obj (.data)
                  20001958    00000012     helpers.obj (.data)
                  2000196a    00000001     Timer.obj (.data)
                  2000196b    00000001     --HOLE--
                  2000196c    0000000c     ping.obj (.data)
                  20001978    00000008     rtsv7M4_T_le_v4SPD16_eabi.lib : _lock.c.obj (.data:$O1$$)
                  20001980    00000008                                   : memory.c.obj (.data:$O1$$)
                  20001988    00000004                                   : errno.c.obj (.data)
                  2000198c    00000004     servo.obj (.data)

__llvm_prf_cnts 
*          0    20000000    00000000     UNINITIALIZED

MODULE SUMMARY

       Module                         code    ro data   rw data
       ------                         ----    -------   -------
    .\
       open_interface.obj             3128    15        56     
       helpers.obj                    1812    0         498    
       manual_control.obj             1600    0         60     
       movement.obj                   1376    0         0      
       lcd.obj                        824     8         84     
       ping.obj                       620     0         12     
       tm4c123gh6pm_startup_ccs.obj   12      620       0      
       Timer.obj                      584     0         5      
       uart.obj                       536     0         52     
       adc.obj                        560     0         0      
       servo.obj                      328     0         4      
       main.obj                       210     0         2      
    +--+------------------------------+-------+---------+---------+
       Total:                         11590   643       773    
                                                               
    C:/ti/TivaWare_C_Series-2.2.0.295/driverlib/ccs/Debug/driverlib.lib
       interrupt.obj                  68      0         620    
       cpu.obj                        12      0         0      
    +--+------------------------------+-------+---------+---------+
       Total:                         80      0         620    
                                                               
    C:\ti\ccs1230\ccs\tools\compiler\ti-cgt-arm_20.2.7.LTS\lib\rtsv7M4_T_le_v4SPD16_eabi.lib
       _printfi.c.obj                 4851    0         0      
       e_pow.c.obj                    2512    48        0      
       k_rem_pio2.c.obj               1848    344       0      
       s_sin.c.obj                    1504    0         0      
       e_log.c.obj                    964     0         0      
       memory.c.obj                   728     0         8      
       fd_add_t2.asm.obj              438     0         0      
       k_sin.c.obj                    372     0         0      
       k_cos.c.obj                    368     0         0      
       e_sqrt.c.obj                   344     0         0      
       fd_div_t2.asm.obj              310     0         0      
       s_scalbn.c.obj                 272     0         0      
       fd_cmp_t2.asm.obj              268     0         0      
       ctype.c.obj                    0       257       0      
       fd_mul_t2.asm.obj              252     0         0      
       s_floor.c.obj                  248     0         0      
       s_round.c.obj                  196     0         0      
       memcpy_t2.asm.obj              156     0         0      
       ull_div_t2.asm.obj             150     0         0      
       vsnprintf.c.obj                136     0         0      
       memset_t2.asm.obj              122     0         0      
       fd_tos_t2.asm.obj              110     0         0      
       copy_decompress_lzss.c.obj     104     0         0      
       s_frexp.c.obj                  100     0         0      
       sprintf.c.obj                  98      0         0      
       _ltoa.c.obj                    84      0         0      
       atoi.c.obj                     76      0         0      
       fd_toi_t2.asm.obj              72      0         0      
       autoinit.c.obj                 68      0         0      
       fd_tou_t2.asm.obj              68      0         0      
       fs_tod_t2.asm.obj              56      0         0      
       boot_cortex_m.c.obj            52      0         0      
       i_tofd_t2.asm.obj              46      0         0      
       memccpy.c.obj                  28      0         0      
       s_copysign.c.obj               26      0         0      
       strcmp.c.obj                   24      0         0      
       strchr.c.obj                   22      0         0      
       strcpy.c.obj                   20      0         0      
       strlen.c.obj                   20      0         0      
       wcslen.c.obj                   18      0         0      
       copy_decompress_none.c.obj     14      0         0      
       copy_zero_init.c.obj           12      0         0      
       errno.c.obj                    8       0         4      
       _lock.c.obj                    2       0         8      
       exit.c.obj                     4       0         0      
       pre_init.c.obj                 4       0         0      
       div0.asm.obj                   2       0         0      
    +--+------------------------------+-------+---------+---------+
       Total:                         17177   649       20     
                                                               
       Heap:                          0       0         1024   
       Stack:                         0       0         4096   
       Linker Generated:              0       77        0      
    +--+------------------------------+-------+---------+---------+
       Grand Total:                   28847   1369      6533   


LINKER GENERATED COPY TABLES

__TI_cinit_table @ 00007608 records: 3, size/record: 8, table size: 24
	.data: load addr=000075d0, load size=00000019 bytes, run addr=20001938, run size=00000058 bytes, compression=lzss
	.bss: load addr=000075f8, load size=00000008 bytes, run addr=20001670, run size=000002c2 bytes, compression=zero_init
	.vtable: load addr=00007600, load size=00000008 bytes, run addr=20000000, run size=0000026c bytes, compression=zero_init


LINKER GENERATED HANDLER TABLE

__TI_handler_table @ 000075ec records: 3, size/record: 4, table size: 12
	index: 0, handler: __TI_zero_init
	index: 1, handler: __TI_decompress_lzss
	index: 2, handler: __TI_decompress_none


GLOBAL SYMBOLS: SORTED ALPHABETICALLY BY Name 

address   name                          
-------   ----                          
00007325  C$$EXIT                       
000072e1  CPUcpsie                      
00000bc3  GPIOF_Handler                 
000072b3  IntMasterEnable               
000070c1  IntRegister                   
000072f9  ResetISR                      
20001270  __STACK_END                   
00001000  __STACK_SIZE                  
20000470  __STACK_TOP                   
00000400  __SYSMEM_SIZE                 
00007608  __TI_CINIT_Base               
00007620  __TI_CINIT_Limit              
000075ec  __TI_Handler_Table_Base       
000075f8  __TI_Handler_Table_Limit      
00006f09  __TI_auto_init_nobinit_nopinit
00006cad  __TI_decompress_lzss          
000072d3  __TI_decompress_none          
00006dcf  __TI_ltoa                     
ffffffff  __TI_pprof_out_hndl           
00000e8d  __TI_printfi                  
ffffffff  __TI_prof_data_size           
ffffffff  __TI_prof_data_start          
00000000  __TI_static_base__            
000072ed  __TI_zero_init                
000069d9  __aeabi_cdcmpeq               
000069d9  __aeabi_cdcmple               
00006a5f  __aeabi_cdrcmple              
00006c3f  __aeabi_d2f                   
00006ec1  __aeabi_d2iz                  
00006f4d  __aeabi_d2uiz                 
000056ab  __aeabi_dadd                  
00005f19  __aeabi_ddiv                  
00006385  __aeabi_dmul                  
000056a1  __aeabi_dsub                  
00007311  __aeabi_errno_addr            
00007089  __aeabi_f2d                   
00007159  __aeabi_i2d                   
00005857  __aeabi_idiv0                 
00005857  __aeabi_ldiv0                 
00006ae5  __aeabi_memclr                
00006ae5  __aeabi_memclr4               
00006ae5  __aeabi_memclr8               
000068a7  __aeabi_memcpy                
000068a7  __aeabi_memcpy4               
000068a7  __aeabi_memcpy8               
00006ae7  __aeabi_memset                
00006ae7  __aeabi_memset4               
00006ae7  __aeabi_memset8               
00006943  __aeabi_uldivmod              
ffffffff  __binit__                     
ffffffff  __c_args__                    
000059cd  __kernel_cos                  
000022ad  __kernel_rem_pio2             
00005859  __kernel_sin                  
UNDEFED   __mpu_init                    
20000270  __stack                       
20000000  __start___llvm_prf_cnts       
20000000  __stop___llvm_prf_cnts        
000070f5  _c_int00_noargs               
00007480  _ctypes_                      
20001978  _lock                         
000018db  _nop                          
2000196a  _running                      
20001270  _sys_memory                   
UNDEFED   _system_post_cinit            
00007321  _system_pre_init              
20001924  _timeout_ticks                
2000197c  _unlock                       
00007325  abort                         
00005089  adc_init                      
00005107  adc_read                      
00006285  aligned_alloc                 
00006e75  atoi                          
00003edb  avoid_obstacle                
ffffffff  binit                         
00003d9b  boundAvoid                    
00003d3d  boundDetect                   
00003d19  bumped                        
20001960  c                             
00007051  calloc                        
20001928  command                       
00005133  convertRawIR                  
000071e9  copysign                      
000071e9  copysignl                     
00004d4d  delta_to_distance             
00003429  drive                         
20001974  edgeCount                     
20001988  errno                         
2000198c  falling_edge                  
000029e5  findRC                        
20001930  flag                          
00006481  floor                         
00006481  floorl                        
00004185  followDirections              
00006579  free                          
00006d15  frexp                         
00006d15  frexpl                        
20000000  g_pfnRAMVectors               
00000000  g_pfnVectors                  
00002be7  getSocket                     
20001670  givenDirs                     
0000097f  go_charge                     
00003e95  holeAvoid                     
00003e3f  holeDetect                    
00005225  irFindC                       
00005181  irFindR                       
00002b39  itoa                          
000072c3  lcd_clear                     
00004811  lcd_gotoLine                  
00004679  lcd_init                      
00004877  lcd_printf                    
00004739  lcd_putc                      
00004771  lcd_puts                      
0000463d  lcd_reverseNibble             
0000478f  lcd_sendCommand               
000047cd  lcd_sendNibble                
00004839  lcd_setCursorPos              
00006175  ldexp                         
00006175  ldexpl                        
00004279  log                           
00004279  logl                          
0000665d  main                          
00007319  malloc                        
00006285  memalign                      
000071cd  memccpy                       
000068a7  memcpy                        
00006aed  memset                        
20001938  motor_cal_factor_L            
2000193c  motor_cal_factor_R            
00003eff  move_backward                 
00003f93  move_forward                  
20001968  numDirs                       
2000192c  number                        
0000026d  oi_alloc                      
00000aa9  oi_checkFirmware              
000002c7  oi_close                      
00000279  oi_free                       
00000ded  oi_getMotorCalibrationLeft    
00000e01  oi_getMotorCalibrationRight   
000002b1  oi_init                       
00000289  oi_init_noupdate              
00000915  oi_loadSong                   
00007233  oi_parseInt                   
0000032b  oi_parsePacket                
0000096b  oi_play_song                  
0000084b  oi_setLeds                    
00000db1  oi_setMotorCalibration        
0000088f  oi_setWheels                  
00000b51  oi_shutoff_init               
0000098d  oi_uartInit                   
00000a31  oi_uartReceive                
00000a77  oi_uartSendBuff               
00000a15  oi_uartSendChar               
00000a59  oi_uartSendStr                
000002d9  oi_update                     
00004bd5  ping_init                     
00004d0b  ping_interrupt_handler        
00004da5  ping_read                     
000018dd  pow                           
000018dd  powl                          
20001958  r                             
000030f9  receive_number                
200018d8  response                      
00002ae7  reverse                       
00003065  reverseDirections             
00006731  round                         
00006731  roundl                        
00006175  scalbn                        
00006175  scalbnl                       
00002bfb  scan180                       
00002cad  scnrAnalysis                  
00005c95  servo_init                    
00005d0f  servo_move                    
00003de1  shinyDetect                   
00003739  sin                           
00003739  sinl                          
00006f91  sprintf                       
00005b3d  sqrt                          
00005b3d  sqrtl                         
00007263  strchr                        
0000724b  strcmp                        
00007279  strcpy                        
0000728d  strlen                        
2000196c  timeFallingEdge               
20001970  timeRisingEdge                
00004f5f  timer_getMicros               
00004f07  timer_getMillis               
00004e41  timer_init                    
00004ee3  timer_pause                   
00004ef5  timer_resume                  
00004eb9  timer_stop                    
00004fb9  timer_waitMicros              
00004feb  timer_waitMillis              
00002fe5  trackAngles                   
00003025  trackDistance                 
00004c8d  trigger_ping                  
00004067  turn_clockwise                
000040f5  turn_counter_clockwise        
20001931  uart_data                     
000052b9  uart_init                     
0000545d  uart_interrupt_handler        
0000543d  uart_interrupt_init           
0000538b  uart_receive                  
000053b5  uart_receive_blocking         
000053d5  uart_receive_server           
0000535b  uart_sendChar                 
0000540f  uart_sendStr                  
000031db  user_move_backward            
00003195  user_move_forward             
0000315b  user_turn_clockwise           
00003121  user_turn_counterclockwise    
00006fd1  vsnprintf                     
000072a1  wcslen                        


GLOBAL SYMBOLS: SORTED BY Symbol Address 

address   name                          
-------   ----                          
00000000  __TI_static_base__            
00000000  g_pfnVectors                  
0000026d  oi_alloc                      
00000279  oi_free                       
00000289  oi_init_noupdate              
000002b1  oi_init                       
000002c7  oi_close                      
000002d9  oi_update                     
0000032b  oi_parsePacket                
00000400  __SYSMEM_SIZE                 
0000084b  oi_setLeds                    
0000088f  oi_setWheels                  
00000915  oi_loadSong                   
0000096b  oi_play_song                  
0000097f  go_charge                     
0000098d  oi_uartInit                   
00000a15  oi_uartSendChar               
00000a31  oi_uartReceive                
00000a59  oi_uartSendStr                
00000a77  oi_uartSendBuff               
00000aa9  oi_checkFirmware              
00000b51  oi_shutoff_init               
00000bc3  GPIOF_Handler                 
00000db1  oi_setMotorCalibration        
00000ded  oi_getMotorCalibrationLeft    
00000e01  oi_getMotorCalibrationRight   
00000e8d  __TI_printfi                  
00001000  __STACK_SIZE                  
000018db  _nop                          
000018dd  pow                           
000018dd  powl                          
000022ad  __kernel_rem_pio2             
000029e5  findRC                        
00002ae7  reverse                       
00002b39  itoa                          
00002be7  getSocket                     
00002bfb  scan180                       
00002cad  scnrAnalysis                  
00002fe5  trackAngles                   
00003025  trackDistance                 
00003065  reverseDirections             
000030f9  receive_number                
00003121  user_turn_counterclockwise    
0000315b  user_turn_clockwise           
00003195  user_move_forward             
000031db  user_move_backward            
00003429  drive                         
00003739  sin                           
00003739  sinl                          
00003d19  bumped                        
00003d3d  boundDetect                   
00003d9b  boundAvoid                    
00003de1  shinyDetect                   
00003e3f  holeDetect                    
00003e95  holeAvoid                     
00003edb  avoid_obstacle                
00003eff  move_backward                 
00003f93  move_forward                  
00004067  turn_clockwise                
000040f5  turn_counter_clockwise        
00004185  followDirections              
00004279  log                           
00004279  logl                          
0000463d  lcd_reverseNibble             
00004679  lcd_init                      
00004739  lcd_putc                      
00004771  lcd_puts                      
0000478f  lcd_sendCommand               
000047cd  lcd_sendNibble                
00004811  lcd_gotoLine                  
00004839  lcd_setCursorPos              
00004877  lcd_printf                    
00004bd5  ping_init                     
00004c8d  trigger_ping                  
00004d0b  ping_interrupt_handler        
00004d4d  delta_to_distance             
00004da5  ping_read                     
00004e41  timer_init                    
00004eb9  timer_stop                    
00004ee3  timer_pause                   
00004ef5  timer_resume                  
00004f07  timer_getMillis               
00004f5f  timer_getMicros               
00004fb9  timer_waitMicros              
00004feb  timer_waitMillis              
00005089  adc_init                      
00005107  adc_read                      
00005133  convertRawIR                  
00005181  irFindR                       
00005225  irFindC                       
000052b9  uart_init                     
0000535b  uart_sendChar                 
0000538b  uart_receive                  
000053b5  uart_receive_blocking         
000053d5  uart_receive_server           
0000540f  uart_sendStr                  
0000543d  uart_interrupt_init           
0000545d  uart_interrupt_handler        
000056a1  __aeabi_dsub                  
000056ab  __aeabi_dadd                  
00005857  __aeabi_idiv0                 
00005857  __aeabi_ldiv0                 
00005859  __kernel_sin                  
000059cd  __kernel_cos                  
00005b3d  sqrt                          
00005b3d  sqrtl                         
00005c95  servo_init                    
00005d0f  servo_move                    
00005f19  __aeabi_ddiv                  
00006175  ldexp                         
00006175  ldexpl                        
00006175  scalbn                        
00006175  scalbnl                       
00006285  aligned_alloc                 
00006285  memalign                      
00006385  __aeabi_dmul                  
00006481  floor                         
00006481  floorl                        
00006579  free                          
0000665d  main                          
00006731  round                         
00006731  roundl                        
000068a7  __aeabi_memcpy                
000068a7  __aeabi_memcpy4               
000068a7  __aeabi_memcpy8               
000068a7  memcpy                        
00006943  __aeabi_uldivmod              
000069d9  __aeabi_cdcmpeq               
000069d9  __aeabi_cdcmple               
00006a5f  __aeabi_cdrcmple              
00006ae5  __aeabi_memclr                
00006ae5  __aeabi_memclr4               
00006ae5  __aeabi_memclr8               
00006ae7  __aeabi_memset                
00006ae7  __aeabi_memset4               
00006ae7  __aeabi_memset8               
00006aed  memset                        
00006c3f  __aeabi_d2f                   
00006cad  __TI_decompress_lzss          
00006d15  frexp                         
00006d15  frexpl                        
00006dcf  __TI_ltoa                     
00006e75  atoi                          
00006ec1  __aeabi_d2iz                  
00006f09  __TI_auto_init_nobinit_nopinit
00006f4d  __aeabi_d2uiz                 
00006f91  sprintf                       
00006fd1  vsnprintf                     
00007051  calloc                        
00007089  __aeabi_f2d                   
000070c1  IntRegister                   
000070f5  _c_int00_noargs               
00007159  __aeabi_i2d                   
000071cd  memccpy                       
000071e9  copysign                      
000071e9  copysignl                     
00007233  oi_parseInt                   
0000724b  strcmp                        
00007263  strchr                        
00007279  strcpy                        
0000728d  strlen                        
000072a1  wcslen                        
000072b3  IntMasterEnable               
000072c3  lcd_clear                     
000072d3  __TI_decompress_none          
000072e1  CPUcpsie                      
000072ed  __TI_zero_init                
000072f9  ResetISR                      
00007311  __aeabi_errno_addr            
00007319  malloc                        
00007321  _system_pre_init              
00007325  C$$EXIT                       
00007325  abort                         
00007480  _ctypes_                      
000075ec  __TI_Handler_Table_Base       
000075f8  __TI_Handler_Table_Limit      
00007608  __TI_CINIT_Base               
00007620  __TI_CINIT_Limit              
20000000  __start___llvm_prf_cnts       
20000000  __stop___llvm_prf_cnts        
20000000  g_pfnRAMVectors               
20000270  __stack                       
20000470  __STACK_TOP                   
20001270  __STACK_END                   
20001270  _sys_memory                   
20001670  givenDirs                     
200018d8  response                      
20001924  _timeout_ticks                
20001928  command                       
2000192c  number                        
20001930  flag                          
20001931  uart_data                     
20001938  motor_cal_factor_L            
2000193c  motor_cal_factor_R            
20001958  r                             
20001960  c                             
20001968  numDirs                       
2000196a  _running                      
2000196c  timeFallingEdge               
20001970  timeRisingEdge                
20001974  edgeCount                     
20001978  _lock                         
2000197c  _unlock                       
20001988  errno                         
2000198c  falling_edge                  
ffffffff  __TI_pprof_out_hndl           
ffffffff  __TI_prof_data_size           
ffffffff  __TI_prof_data_start          
ffffffff  __binit__                     
ffffffff  __c_args__                    
ffffffff  binit                         
UNDEFED   __mpu_init                    
UNDEFED   _system_post_cinit            

[213 symbols]
